Archive member included to satisfy reference by file (symbol)

app/libapp.a(main.c.obj)      (--whole-archive)
zephyr/libzephyr.a(validate_libc.c.obj)
                              (--whole-archive)
zephyr/libzephyr.a(heap.c.obj)
                              (--whole-archive)
zephyr/libzephyr.a(cbprintf_packaged.c.obj)
                              (--whole-archive)
zephyr/libzephyr.a(clock.c.obj)
                              (--whole-archive)
zephyr/libzephyr.a(printk.c.obj)
                              (--whole-archive)
zephyr/libzephyr.a(sem.c.obj)
                              (--whole-archive)
zephyr/libzephyr.a(thread_entry.c.obj)
                              (--whole-archive)
zephyr/libzephyr.a(cbprintf_complete.c.obj)
                              (--whole-archive)
zephyr/libzephyr.a(assert.c.obj)
                              (--whole-archive)
zephyr/libzephyr.a(dec.c.obj)
                              (--whole-archive)
zephyr/libzephyr.a(hex.c.obj)
                              (--whole-archive)
zephyr/libzephyr.a(rb.c.obj)  (--whole-archive)
zephyr/libzephyr.a(timeutil.c.obj)
                              (--whole-archive)
zephyr/libzephyr.a(bitarray.c.obj)
                              (--whole-archive)
zephyr/libzephyr.a(bitmask.c.obj)
                              (--whole-archive)
zephyr/libzephyr.a(getopt.c.obj)
                              (--whole-archive)
zephyr/libzephyr.a(getopt_common.c.obj)
                              (--whole-archive)
zephyr/libzephyr.a(ring_buffer.c.obj)
                              (--whole-archive)
zephyr/libzephyr.a(last_section_id.c.obj)
                              (--whole-archive)
zephyr/libzephyr.a(configs.c.obj)
                              (--whole-archive)
zephyr/libzephyr.a(soc.c.obj)
                              (--whole-archive)
zephyr/libzephyr.a(mem_attr.c.obj)
                              (--whole-archive)
zephyr/libzephyr.a(tracing_none.c.obj)
                              (--whole-archive)
zephyr/arch/common/libarch__common.a(sw_isr_common.c.obj)
                              (--whole-archive)
zephyr/arch/common/libarch__common.a(init.c.obj)
                              (--whole-archive)
zephyr/arch/common/libarch__common.a(xip.c.obj)
                              (--whole-archive)
zephyr/arch/arch/arm/core/libarch__arm__core.a(fatal.c.obj)
                              (--whole-archive)
zephyr/arch/arch/arm/core/libarch__arm__core.a(nmi.c.obj)
                              (--whole-archive)
zephyr/arch/arch/arm/core/libarch__arm__core.a(nmi_on_reset.S.obj)
                              (--whole-archive)
zephyr/arch/arch/arm/core/libarch__arm__core.a(tls.c.obj)
                              (--whole-archive)
zephyr/arch/arch/arm/core/cortex_m/libarch__arm__core__cortex_m.a(exc_exit.c.obj)
                              (--whole-archive)
zephyr/arch/arch/arm/core/cortex_m/libarch__arm__core__cortex_m.a(fault.c.obj)
                              (--whole-archive)
zephyr/arch/arch/arm/core/cortex_m/libarch__arm__core__cortex_m.a(fault_s.S.obj)
                              (--whole-archive)
zephyr/arch/arch/arm/core/cortex_m/libarch__arm__core__cortex_m.a(fpu.c.obj)
                              (--whole-archive)
zephyr/arch/arch/arm/core/cortex_m/libarch__arm__core__cortex_m.a(reset.S.obj)
                              (--whole-archive)
zephyr/arch/arch/arm/core/cortex_m/libarch__arm__core__cortex_m.a(scb.c.obj)
                              (--whole-archive)
zephyr/arch/arch/arm/core/cortex_m/libarch__arm__core__cortex_m.a(thread_abort.c.obj)
                              (--whole-archive)
zephyr/arch/arch/arm/core/cortex_m/libarch__arm__core__cortex_m.a(vector_table.S.obj)
                              (--whole-archive)
zephyr/arch/arch/arm/core/cortex_m/libarch__arm__core__cortex_m.a(swap_helper.S.obj)
                              (--whole-archive)
zephyr/arch/arch/arm/core/cortex_m/libarch__arm__core__cortex_m.a(irq_manage.c.obj)
                              (--whole-archive)
zephyr/arch/arch/arm/core/cortex_m/libarch__arm__core__cortex_m.a(prep_c.c.obj)
                              (--whole-archive)
zephyr/arch/arch/arm/core/cortex_m/libarch__arm__core__cortex_m.a(thread.c.obj)
                              (--whole-archive)
zephyr/arch/arch/arm/core/cortex_m/libarch__arm__core__cortex_m.a(cpu_idle.c.obj)
                              (--whole-archive)
zephyr/arch/arch/arm/core/cortex_m/libarch__arm__core__cortex_m.a(irq_init.c.obj)
                              (--whole-archive)
zephyr/arch/arch/arm/core/cortex_m/libarch__arm__core__cortex_m.a(isr_wrapper.c.obj)
                              (--whole-archive)
zephyr/arch/arch/arm/core/cortex_m/libarch__arm__core__cortex_m.a(__aeabi_read_tp.S.obj)
                              (--whole-archive)
zephyr/arch/arch/arm/core/cortex_m/cmse/libarch__arm__core__cortex_m__cmse.a(arm_core_cmse.c.obj)
                              (--whole-archive)
[...]
Memory Configuration

Name             Origin             Length             Attributes
FLASH            0x0000000010000000 0x0000000000200000 xr
RAM              0x0000000030000000 0x0000000000050000 xw
SRAMX            0x0000000014000000 0x0000000000018000 rw
IDT_LIST         0x00000000ffff7fff 0x0000000000008000 xw
*default*        0x0000000000000000 0xffffffffffffffff

Linker script and memory map

                0x0000000010005670                vfprintf = __l_vfprintf
                0x0000000000000000                vfscanf = __l_vfscanf
LOAD zephyr/CMakeFiles/zephyr_pre0.dir/misc/empty_file.c.obj
LOAD zephyr/CMakeFiles/offsets.dir/./arch/arm/core/offsets/offsets.c.obj
LOAD app/libapp.a
LOAD zephyr/libzephyr.a
LOAD zephyr/arch/common/libarch__common.a
LOAD zephyr/arch/arch/arm/core/libarch__arm__core.a
LOAD zephyr/arch/arch/arm/core/cortex_m/libarch__arm__core__cortex_m.a
LOAD zephyr/arch/arch/arm/core/cortex_m/cmse/libarch__arm__core__cortex_m__cmse.a
LOAD zephyr/arch/arch/arm/core/mpu/libarch__arm__core__mpu.a
LOAD zephyr/lib/libc/picolibc/liblib__libc__picolibc.a
LOAD zephyr/lib/libc/common/liblib__libc__common.a
LOAD zephyr/lib/posix/c_lib_ext/liblib__posix__c_lib_ext.a
LOAD zephyr/boards/nxp/frdm_mcxn947/libboards__nxp__frdm_mcxn947.a
LOAD zephyr/drivers/clock_control/libdrivers__clock_control.a
LOAD zephyr/drivers/console/libdrivers__console.a
LOAD zephyr/drivers/gpio/libdrivers__gpio.a
LOAD zephyr/drivers/i2c/libdrivers__i2c.a
LOAD zephyr/drivers/mfd/libdrivers__mfd.a
LOAD zephyr/drivers/pinctrl/libdrivers__pinctrl.a
LOAD zephyr/drivers/serial/libdrivers__serial.a
LOAD zephyr/drivers/timer/libdrivers__timer.a
LOAD modules/hal_nxp/libmodules__hal_nxp.a
LOAD modules/temp-sensor/drivers/temp-sensor/lib..__zephyr-projects__zephyr-driver__temp-sensor__drivers__temp-sensor.a
LOAD zephyr/kernel/libkernel.a
LOAD zephyr/arch/common/libisr_tables.a
LOAD /home/calebb/zephyr-sdk-0.17.4/arm-zephyr-eabi/bin/../lib/gcc/../../picolibc/arm-zephyr-eabi/lib/thumb/v8-m.main/nofp/libc.a
LOAD /home/calebb/zephyr-sdk-0.17.4/arm-zephyr-eabi/bin/../lib/gcc/arm-zephyr-eabi/12.2.0/thumb/v8-m.main/nofp/libgcc.a
                0x0000000000000020                _region_min_align = 0x20

.rel.plt        0x0000000010000000        0x0
 *(SORT_BY_ALIGNMENT(.rel.plt))
                [!provide]                        PROVIDE (__rel_iplt_start = .)
 *(SORT_BY_ALIGNMENT(.rel.iplt))
 .rel.iplt      0x0000000010000000        0x0 app/libapp.a(main.c.obj)
                [!provide]                        PROVIDE (__rel_iplt_end = .)

.rela.plt       0x0000000000000000        0x0
 *(SORT_BY_ALIGNMENT(.rela.plt))
                [!provide]                        PROVIDE (__rela_iplt_start = .)
 *(SORT_BY_ALIGNMENT(.rela.iplt))
                [!provide]                        PROVIDE (__rela_iplt_end = .)

.rel.dyn
 *(SORT_BY_ALIGNMENT(.rel.*))

.rela.dyn
 *(SORT_BY_ALIGNMENT(.rela.*))

/DISCARD/
 *(SORT_BY_ALIGNMENT(.plt))

/DISCARD/
 *(SORT_BY_ALIGNMENT(.iplt))
                0x0000000010000000                __rom_region_start = 0x10000000

rom_start       0x0000000010000000      0x2b0
                0x0000000010000000                __rom_start_address = .
 FILL mask 0x00
                0x0000000010000000                . = (. + (0x0 - (. - __rom_start_address)))
                0x0000000010000000                . = ALIGN (0x4)
                0x0000000010000000                . = ALIGN (0x80)
                0x0000000010000000                . = ALIGN (0x400)
                0x0000000010000000                _vector_start = .
 *(SORT_BY_ALIGNMENT(.exc_vector_table))
 *(SORT_BY_ALIGNMENT(.exc_vector_table.*))
 .exc_vector_table._vector_table_section
                0x0000000010000000       0x40 zephyr/arch/arch/arm/core/cortex_m/libarch__arm__core__cortex_m.a(vector_table.S.obj)
                0x0000000010000000                _vector_table
 *(SORT_BY_ALIGNMENT(.vectors))
                0x00000000100002b0                _vector_end = .
                0x0000000010000040                . = ALIGN (0x4)
 *(SORT_BY_ALIGNMENT(.gnu.linkonce.irq_vector_table*))
 .gnu.linkonce.irq_vector_table
                0x0000000010000040      0x270 zephyr/arch/common/libisr_tables.a(isr_tables.c.obj)
                0x0000000010000040                _irq_vector_table
                0x00000000100002b0                _vector_end = .

text            0x00000000100002b0     0x70b0
                0x00000000100002b0                __text_region_start = .
 *(SORT_BY_ALIGNMENT(.text))
 .text          0x00000000100002b0      0x378 /home/calebb/zephyr-sdk-0.17.4/arm-zephyr-eabi/bin/../lib/gcc/arm-zephyr-eabi/12.2.0/thumb/v8-m.main/nofp/libgcc.a(_arm_addsubdf3.o)
                0x00000000100002b0                __aeabi_drsub
                0x00000000100002b8                __aeabi_dsub
                0x00000000100002b8                __subdf3
                0x00000000100002bc                __adddf3
                0x00000000100002bc                __aeabi_dadd
                0x0000000010000534                __aeabi_ui2d
                0x0000000010000534                __floatunsidf
                0x0000000010000554                __floatsidf
                0x0000000010000554                __aeabi_i2d
                0x0000000010000578                __extendsfdf2
                0x0000000010000578                __aeabi_f2d
                0x00000000100005bc                __aeabi_ul2d
                0x00000000100005bc                __floatundidf
                0x00000000100005cc                __floatdidf
                0x00000000100005cc                __aeabi_l2d
 .text          0x0000000010000628      0x424 /home/calebb/zephyr-sdk-0.17.4/arm-zephyr-eabi/bin/../lib/gcc/arm-zephyr-eabi/12.2.0/thumb/v8-m.main/nofp/libgcc.a(_arm_muldivdf3.o)
                0x0000000010000628                __aeabi_dmul
                0x0000000010000628                __muldf3
                0x000000001000087c                __aeabi_ddiv
                0x000000001000087c                __divdf3
 .text          0x0000000010000a4c      0x110 /home/calebb/zephyr-sdk-0.17.4/arm-zephyr-eabi/bin/../lib/gcc/arm-zephyr-eabi/12.2.0/thumb/v8-m.main/nofp/libgcc.a(_arm_cmpdf2.o)
                0x0000000010000a4c                __gtdf2
                0x0000000010000a4c                __gedf2
                0x0000000010000a54                __ltdf2
                0x0000000010000a54                __ledf2
                0x0000000010000a5c                __cmpdf2
                0x0000000010000a5c                __eqdf2
                0x0000000010000a5c                __nedf2
                0x0000000010000ad8                __aeabi_cdrcmple
                0x0000000010000ae8                __aeabi_cdcmple
                0x0000000010000ae8                __aeabi_cdcmpeq
                0x0000000010000af8                __aeabi_dcmpeq
                0x0000000010000b0c                __aeabi_dcmplt
                0x0000000010000b20                __aeabi_dcmple
                0x0000000010000b34                __aeabi_dcmpge
                0x0000000010000b48                __aeabi_dcmpgt
 .text          0x0000000010000b5c       0x50 /home/calebb/zephyr-sdk-0.17.4/arm-zephyr-eabi/bin/../lib/gcc/arm-zephyr-eabi/12.2.0/thumb/v8-m.main/nofp/libgcc.a(_arm_fixdfsi.o)
                0x0000000010000b5c                __fixdfsi
                0x0000000010000b5c                __aeabi_d2iz
 .text          0x0000000010000bac      0x21c /home/calebb/zephyr-sdk-0.17.4/arm-zephyr-eabi/bin/../lib/gcc/arm-zephyr-eabi/12.2.0/thumb/v8-m.main/nofp/libgcc.a(_arm_addsubsf3.o)
                0x0000000010000bac                __aeabi_frsub
                0x0000000010000bb4                __subsf3
                0x0000000010000bb4                __aeabi_fsub
                0x0000000010000bb8                __aeabi_fadd
                0x0000000010000bb8                __addsf3
                0x0000000010000d18                __aeabi_ui2f
                0x0000000010000d18                __floatunsisf
                0x0000000010000d20                __aeabi_i2f
                0x0000000010000d20                __floatsisf
                0x0000000010000d3c                __floatundisf
                0x0000000010000d3c                __aeabi_ul2f
                0x0000000010000d4c                __floatdisf
                0x0000000010000d4c                __aeabi_l2f
 .text          0x0000000010000dc8      0x2a0 /home/calebb/zephyr-sdk-0.17.4/arm-zephyr-eabi/bin/../lib/gcc/arm-zephyr-eabi/12.2.0/thumb/v8-m.main/nofp/libgcc.a(_arm_muldivsf3.o)
                0x0000000010000dc8                __mulsf3
                0x0000000010000dc8                __aeabi_fmul
                0x0000000010000f30                __divsf3
                0x0000000010000f30                __aeabi_fdiv
 .text          0x0000000010001068       0x40 /home/calebb/zephyr-sdk-0.17.4/arm-zephyr-eabi/bin/../lib/gcc/arm-zephyr-eabi/12.2.0/thumb/v8-m.main/nofp/libgcc.a(_arm_fixunssfsi.o)
                0x0000000010001068                __aeabi_f2uiz
                0x0000000010001068                __fixunssfsi
 .text          0x00000000100010a8       0x30 /home/calebb/zephyr-sdk-0.17.4/arm-zephyr-eabi/bin/../lib/gcc/arm-zephyr-eabi/12.2.0/thumb/v8-m.main/nofp/libgcc.a(_aeabi_uldivmod.o)
                0x00000000100010a8                __aeabi_uldivmod
 .text          0x00000000100010d8       0x40 /home/calebb/zephyr-sdk-0.17.4/arm-zephyr-eabi/bin/../lib/gcc/arm-zephyr-eabi/12.2.0/thumb/v8-m.main/nofp/libgcc.a(_fixunssfdi.o)
                0x00000000100010d8                __aeabi_f2ulz
                0x00000000100010d8                __fixunssfdi
 .text          0x0000000010001118        0x4 /home/calebb/zephyr-sdk-0.17.4/arm-zephyr-eabi/bin/../lib/gcc/arm-zephyr-eabi/12.2.0/thumb/v8-m.main/nofp/libgcc.a(_dvmd_tls.o)
                0x0000000010001118                __aeabi_ldiv0
                0x0000000010001118                __aeabi_idiv0
 .text          0x000000001000111c       0x40 /home/calebb/zephyr-sdk-0.17.4/arm-zephyr-eabi/bin/../lib/gcc/arm-zephyr-eabi/12.2.0/thumb/v8-m.main/nofp/libgcc.a(_arm_fixunsdfsi.o)
                0x000000001000111c                __fixunsdfsi
                0x000000001000111c                __aeabi_d2uiz
 .text          0x000000001000115c      0x29c /home/calebb/zephyr-sdk-0.17.4/arm-zephyr-eabi/bin/../lib/gcc/arm-zephyr-eabi/12.2.0/thumb/v8-m.main/nofp/libgcc.a(_udivmoddi4.o)
                0x000000001000115c                __udivmoddi4
 *(SORT_BY_ALIGNMENT(.text.*))
 .text.calculate_temperature
                0x00000000100013f8      0x180 modules/temp-sensor/drivers/temp-sensor/lib..__zephyr-projects__zephyr-driver__temp-sensor__drivers__temp-sensor.a(temp-sensor.c.obj)
 .text.pow      0x0000000010001578      0xaec /home/calebb/zephyr-sdk-0.17.4/arm-zephyr-eabi/bin/../lib/gcc/../../picolibc/arm-zephyr-eabi/lib/thumb/v8-m.main/nofp/libc.a(libm_math_s_pow.c.o)
                0x0000000010001578                pow
                0x0000000010001578                _pow
                0x0000000010001578                powl
 .text.main     0x0000000010002064       0x60 app/libapp.a(main.c.obj)
                0x0000000010002064                main
 .text.char_out
                0x00000000100020c4        0xc zephyr/libzephyr.a(printk.c.obj)
 .text.__printk_hook_install
                0x00000000100020d0        0xc zephyr/libzephyr.a(printk.c.obj)
                0x00000000100020d0                __printk_hook_install
 .text.vprintk  0x00000000100020dc       0x30 zephyr/libzephyr.a(printk.c.obj)
                0x00000000100020dc                vprintk
 .text.z_thread_entry
                0x000000001000210c       0x34 zephyr/libzephyr.a(thread_entry.c.obj)
                0x000000001000210c                z_thread_entry
 .text.mem_attr_get_regions
                0x0000000010002140        0xc zephyr/libzephyr.a(mem_attr.c.obj)
                0x0000000010002140                mem_attr_get_regions
 .text.arch_bss_zero
                0x000000001000214c       0x18 zephyr/arch/common/libarch__common.a(init.c.obj)
                0x000000001000214c                arch_bss_zero
 .text.arch_data_copy
                0x0000000010002164       0x38 zephyr/arch/common/libarch__common.a(xip.c.obj)
                0x0000000010002164                arch_data_copy
 .text.z_arm_fatal_error
                0x000000001000219c       0x60 zephyr/arch/arch/arm/core/libarch__arm__core.a(fatal.c.obj)
                0x000000001000219c                z_arm_fatal_error
 .text.z_SysNmiOnReset
                0x00000000100021fc        0x8 zephyr/arch/arch/arm/core/libarch__arm__core.a(nmi_on_reset.S.obj)
                0x00000000100021fc                z_SysNmiOnReset
 .text.arch_tls_stack_setup
                0x0000000010002204       0x40 zephyr/arch/arch/arm/core/libarch__arm__core.a(tls.c.obj)
                0x0000000010002204                arch_tls_stack_setup
 .text._HandlerModeExit
                0x0000000010002244       0x20 zephyr/arch/arch/arm/core/cortex_m/libarch__arm__core__cortex_m.a(exc_exit.c.obj)
                0x0000000010002244                z_arm_exc_exit
                0x0000000010002244                z_arm_int_exit
 .text.secure_fault.constprop.0
                0x0000000010002264       0xd4 zephyr/arch/arch/arm/core/cortex_m/libarch__arm__core__cortex_m.a(fault.c.obj)
 .text.usage_fault.constprop.0
                0x0000000010002338       0xa8 zephyr/arch/arch/arm/core/cortex_m/libarch__arm__core__cortex_m.a(fault.c.obj)
 .text.bus_fault.constprop.0
                0x00000000100023e0       0xb8 zephyr/arch/arch/arm/core/cortex_m/libarch__arm__core__cortex_m.a(fault.c.obj)
 .text.mem_manage_fault.constprop.0
                0x0000000010002498       0xbc zephyr/arch/arch/arm/core/cortex_m/libarch__arm__core__cortex_m.a(fault.c.obj)
 .text.z_arm_fault
                0x0000000010002554      0x1e8 zephyr/arch/arch/arm/core/cortex_m/libarch__arm__core__cortex_m.a(fault.c.obj)
                0x0000000010002554                z_arm_fault
 .text.z_arm_fault_init
                0x000000001000273c       0x20 zephyr/arch/arch/arm/core/cortex_m/libarch__arm__core__cortex_m.a(fault.c.obj)
                0x000000001000273c                z_arm_fault_init
 .text.__fault  0x000000001000275c       0x14 zephyr/arch/arch/arm/core/cortex_m/libarch__arm__core__cortex_m.a(fault_s.S.obj)
                0x000000001000275c                z_arm_secure_fault
                0x000000001000275c                z_arm_bus_fault
                0x000000001000275c                z_arm_usage_fault
                0x000000001000275c                z_arm_mpu_fault
                0x000000001000275c                z_arm_exc_spurious
                0x000000001000275c                z_arm_debug_monitor
                0x000000001000275c                z_arm_hard_fault
 .text._reset_section
                0x0000000010002770       0x38 zephyr/arch/arch/arm/core/cortex_m/libarch__arm__core__cortex_m.a(reset.S.obj)
                0x0000000010002770                z_arm_reset
                0x0000000010002770                __start
 .text.z_impl_k_thread_abort
                0x00000000100027a8       0x2c zephyr/arch/arch/arm/core/cortex_m/libarch__arm__core__cortex_m.a(thread_abort.c.obj)
                0x00000000100027a8                z_impl_k_thread_abort
 .text.z_arm_pendsv
                0x00000000100027d4       0x60 zephyr/arch/arch/arm/core/cortex_m/libarch__arm__core__cortex_m.a(swap_helper.S.obj)
                0x00000000100027d4                z_arm_pendsv
 .text.z_arm_svc
                0x0000000010002834       0x24 zephyr/arch/arch/arm/core/cortex_m/libarch__arm__core__cortex_m.a(swap_helper.S.obj)
                0x0000000010002834                z_arm_svc
 .text.arm_irq_enable
                0x0000000010002858       0x1c zephyr/arch/arch/arm/core/cortex_m/libarch__arm__core__cortex_m.a(irq_manage.c.obj)
                0x0000000010002858                arm_irq_enable
 .text.arm_irq_priority_set
                0x0000000010002874       0x2c zephyr/arch/arch/arm/core/cortex_m/libarch__arm__core__cortex_m.a(irq_manage.c.obj)
                0x0000000010002874                arm_irq_priority_set
 .text.relocate_vector_table
                0x00000000100028a0       0x1c zephyr/arch/arch/arm/core/cortex_m/libarch__arm__core__cortex_m.a(prep_c.c.obj)
                0x00000000100028a0                relocate_vector_table
 .text.z_prep_c
                0x00000000100028bc       0x38 zephyr/arch/arch/arm/core/cortex_m/libarch__arm__core__cortex_m.a(prep_c.c.obj)
                0x00000000100028bc                z_prep_c
 .text.arch_new_thread
                0x00000000100028f4       0x38 zephyr/arch/arch/arm/core/cortex_m/libarch__arm__core__cortex_m.a(thread.c.obj)
                0x00000000100028f4                arch_new_thread
 .text.arch_switch_to_main_thread
                0x000000001000292c       0x40 zephyr/arch/arch/arm/core/cortex_m/libarch__arm__core__cortex_m.a(thread.c.obj)
                0x000000001000292c                arch_switch_to_main_thread
 .text.z_arm_cpu_idle_init
                0x000000001000296c        0xc zephyr/arch/arch/arm/core/cortex_m/libarch__arm__core__cortex_m.a(cpu_idle.c.obj)
                0x000000001000296c                z_arm_cpu_idle_init
 .text.z_arm_interrupt_init
                0x0000000010002978       0x18 zephyr/arch/arch/arm/core/cortex_m/libarch__arm__core__cortex_m.a(irq_init.c.obj)
                0x0000000010002978                z_arm_interrupt_init
 .text._isr_wrapper
                0x0000000010002990       0x24 zephyr/arch/arch/arm/core/cortex_m/libarch__arm__core__cortex_m.a(isr_wrapper.c.obj)
                0x0000000010002990                _isr_wrapper
 .text.z_arm_configure_static_mpu_regions
                0x00000000100029b4       0x38 zephyr/arch/arch/arm/core/mpu/libarch__arm__core__mpu.a(arm_core_mpu.c.obj)
                0x00000000100029b4                z_arm_configure_static_mpu_regions
 .text.region_init
                0x00000000100029ec       0x34 zephyr/arch/arch/arm/core/mpu/libarch__arm__core__mpu.a(arm_mpu.c.obj)
 .text.region_allocate_and_init
                0x0000000010002a20       0x24 zephyr/arch/arch/arm/core/mpu/libarch__arm__core__mpu.a(arm_mpu.c.obj)
 .text.mpu_configure_regions_and_partition.constprop.0
                0x0000000010002a44      0x148 zephyr/arch/arch/arm/core/mpu/libarch__arm__core__mpu.a(arm_mpu.c.obj)
 .text.arm_core_mpu_enable
                0x0000000010002b8c       0x18 zephyr/arch/arch/arm/core/mpu/libarch__arm__core__mpu.a(arm_mpu.c.obj)
                0x0000000010002b8c                arm_core_mpu_enable
 .text.arm_core_mpu_disable
                0x0000000010002ba4       0x14 zephyr/arch/arch/arm/core/mpu/libarch__arm__core__mpu.a(arm_mpu.c.obj)
                0x0000000010002ba4                arm_core_mpu_disable
 .text.arm_core_mpu_configure_static_mpu_regions
                0x0000000010002bb8       0x14 zephyr/arch/arch/arm/core/mpu/libarch__arm__core__mpu.a(arm_mpu.c.obj)
                0x0000000010002bb8                arm_core_mpu_configure_static_mpu_regions
 .text.arm_core_mpu_mark_areas_for_dynamic_regions
                0x0000000010002bcc       0xb8 zephyr/arch/arch/arm/core/mpu/libarch__arm__core__mpu.a(arm_mpu.c.obj)
                0x0000000010002bcc                arm_core_mpu_mark_areas_for_dynamic_regions
 .text.z_arm_mpu_init
                0x0000000010002c84      0x160 zephyr/arch/arch/arm/core/mpu/libarch__arm__core__mpu.a(arm_mpu.c.obj)
                0x0000000010002c84                z_arm_mpu_init
 .text.z_impl_zephyr_fputc
                0x0000000010002de4       0x10 zephyr/lib/libc/picolibc/liblib__libc__picolibc.a(stdio.c.obj)
                0x0000000010002de4                z_impl_zephyr_fputc
 .text.__stdout_hook_install
                0x0000000010002df4       0x18 zephyr/lib/libc/picolibc/liblib__libc__picolibc.a(stdio.c.obj)
                0x0000000010002df4                __stdout_hook_install
 .text.malloc_prepare
                0x0000000010002e0c       0x24 zephyr/lib/libc/common/liblib__libc__common.a(malloc.c.obj)
 .text.power_mode_od
                0x0000000010002e30       0x40 zephyr/boards/nxp/frdm_mcxn947/libboards__nxp__frdm_mcxn947.a(board.c.obj)
                0x0000000010002e30                power_mode_od
 .text.board_early_init_hook
                0x0000000010002e70      0x2ac zephyr/boards/nxp/frdm_mcxn947/libboards__nxp__frdm_mcxn947.a(board.c.obj)
                0x0000000010002e70                board_early_init_hook
 .text.uart_console_init
                0x000000001000311c       0x28 zephyr/drivers/console/libdrivers__console.a(uart_console.c.obj)
 .text.console_out
                0x0000000010003144       0x28 zephyr/drivers/console/libdrivers__console.a(uart_console.c.obj)
 .text.mcux_lpi2c_config_func_0
                0x000000001000316c       0x18 zephyr/drivers/i2c/libdrivers__i2c.a(i2c_mcux_lpi2c.c.obj)
 .text.mcux_lpi2c_config_func_1
                0x0000000010003184       0x18 zephyr/drivers/i2c/libdrivers__i2c.a(i2c_mcux_lpi2c.c.obj)
 .text.mcux_lpi2c_config_func_2
                0x000000001000319c       0x18 zephyr/drivers/i2c/libdrivers__i2c.a(i2c_mcux_lpi2c.c.obj)
 .text.mcux_lpi2c_transfer
                0x00000000100031b4       0xe8 zephyr/drivers/i2c/libdrivers__i2c.a(i2c_mcux_lpi2c.c.obj)
 .text.mcux_lpi2c_configure
                0x000000001000329c       0x6c zephyr/drivers/i2c/libdrivers__i2c.a(i2c_mcux_lpi2c.c.obj)
 .text.mcux_lpi2c_init
                0x0000000010003308      0x10c zephyr/drivers/i2c/libdrivers__i2c.a(i2c_mcux_lpi2c.c.obj)
 .text.pinctrl_configure_pins
                0x0000000010003414       0x40 zephyr/drivers/pinctrl/libdrivers__pinctrl.a(pinctrl_nxp_port.c.obj)
                0x0000000010003414                pinctrl_configure_pins
 .text.mcux_lpuart_config_func_0
                0x0000000010003454       0x18 zephyr/drivers/serial/libdrivers__serial.a(uart_mcux_lpuart.c.obj)
 .text.mcux_lpuart_config_func_1
                0x000000001000346c       0x18 zephyr/drivers/serial/libdrivers__serial.a(uart_mcux_lpuart.c.obj)
 .text.elapsed  0x0000000010003484       0x4c zephyr/drivers/timer/libdrivers__timer.a(cortex_m_systick.c.obj)
 .text.sys_clock_driver_init
                0x00000000100034d0       0x34 zephyr/drivers/timer/libdrivers__timer.a(cortex_m_systick.c.obj)
 .text.sys_clock_isr
                0x0000000010003504       0x60 zephyr/drivers/timer/libdrivers__timer.a(cortex_m_systick.c.obj)
                0x0000000010003504                sys_clock_isr
 .text.sys_clock_set_timeout
                0x0000000010003564       0xfc zephyr/drivers/timer/libdrivers__timer.a(cortex_m_systick.c.obj)
                0x0000000010003564                sys_clock_set_timeout
 .text.sys_clock_elapsed
                0x0000000010003660       0x3c zephyr/drivers/timer/libdrivers__timer.a(cortex_m_systick.c.obj)
                0x0000000010003660                sys_clock_elapsed
 .text.sys_clock_cycle_get_32
                0x000000001000369c       0x28 zephyr/drivers/timer/libdrivers__timer.a(cortex_m_systick.c.obj)
                0x000000001000369c                sys_clock_cycle_get_32
 .text.LP_FLEXCOMM_GetBaseAddress
                0x00000000100036c4       0x14 modules/hal_nxp/libmodules__hal_nxp.a(fsl_lpflexcomm.c.obj)
                0x00000000100036c4                LP_FLEXCOMM_GetBaseAddress
 .text.LP_FLEXCOMM_GetInterruptStatus
                0x00000000100036d8       0x10 modules/hal_nxp/libmodules__hal_nxp.a(fsl_lpflexcomm.c.obj)
                0x00000000100036d8                LP_FLEXCOMM_GetInterruptStatus
 .text.LP_FLEXCOMM_GetInstance
                0x00000000100036e8       0x24 modules/hal_nxp/libmodules__hal_nxp.a(fsl_lpflexcomm.c.obj)
                0x00000000100036e8                LP_FLEXCOMM_GetInstance
 .text.LP_FLEXCOMM_Init
                0x000000001000370c       0xa0 modules/hal_nxp/libmodules__hal_nxp.a(fsl_lpflexcomm.c.obj)
                0x000000001000370c                LP_FLEXCOMM_Init
 .text.LP_FLEXCOMM_SetIRQHandler
                0x00000000100037ac       0x20 modules/hal_nxp/libmodules__hal_nxp.a(fsl_lpflexcomm.c.obj)
                0x00000000100037ac                LP_FLEXCOMM_SetIRQHandler
 .text.__NVIC_EnableIRQ
                0x00000000100037cc       0x1c modules/hal_nxp/libmodules__hal_nxp.a(fsl_lpi2c.c.obj)
 .text.LPI2C_GetCyclesForWidth
                0x00000000100037e8       0x48 modules/hal_nxp/libmodules__hal_nxp.a(fsl_lpi2c.c.obj)
 .text.LPI2C_GetInstance
                0x0000000010003830       0x24 modules/hal_nxp/libmodules__hal_nxp.a(fsl_lpi2c.c.obj)
                0x0000000010003830                LPI2C_GetInstance
 .text.LPI2C_MasterGetDefaultConfig
                0x0000000010003854       0x24 modules/hal_nxp/libmodules__hal_nxp.a(fsl_lpi2c.c.obj)
                0x0000000010003854                LPI2C_MasterGetDefaultConfig
 .text.LPI2C_MasterInit
                0x0000000010003878      0x114 modules/hal_nxp/libmodules__hal_nxp.a(fsl_lpi2c.c.obj)
                0x0000000010003878                LPI2C_MasterInit
 .text.LPI2C_MasterTransferCreateHandle
                0x000000001000398c       0x78 modules/hal_nxp/libmodules__hal_nxp.a(fsl_lpi2c.c.obj)
                0x000000001000398c                LPI2C_MasterTransferCreateHandle
 .text.LPI2C_MasterTransferAbort
                0x0000000010003a04       0x34 modules/hal_nxp/libmodules__hal_nxp.a(fsl_lpi2c.c.obj)
                0x0000000010003a04                LPI2C_MasterTransferAbort
 .text.LPI2C_MasterTransferHandleIRQ
                0x0000000010003a38      0x1c8 modules/hal_nxp/libmodules__hal_nxp.a(fsl_lpi2c.c.obj)
                0x0000000010003a38                LPI2C_MasterTransferHandleIRQ
 .text.LPUART_Init
                0x0000000010003c00      0x218 modules/hal_nxp/libmodules__hal_nxp.a(fsl_lpuart.c.obj)
                0x0000000010003c00                LPUART_Init
 .text.LPUART_EnableInterrupts
                0x0000000010003e18       0x58 modules/hal_nxp/libmodules__hal_nxp.a(fsl_lpuart.c.obj)
                0x0000000010003e18                LPUART_EnableInterrupts
 .text.LPUART_DisableInterrupts
                0x0000000010003e70       0x60 modules/hal_nxp/libmodules__hal_nxp.a(fsl_lpuart.c.obj)
                0x0000000010003e70                LPUART_DisableInterrupts
 .text.LPUART_GetStatusFlags
                0x0000000010003ed0       0x34 modules/hal_nxp/libmodules__hal_nxp.a(fsl_lpuart.c.obj)
                0x0000000010003ed0                LPUART_GetStatusFlags
 .text.LPUART_ClearStatusFlags
                0x0000000010003f04       0x44 modules/hal_nxp/libmodules__hal_nxp.a(fsl_lpuart.c.obj)
                0x0000000010003f04                LPUART_ClearStatusFlags
 .text.SystemInit
                0x0000000010003f48       0xdc modules/hal_nxp/libmodules__hal_nxp.a(system_MCXN947_cm33_core0.c.obj)
                0x0000000010003f48                SystemInit
 .text.CLOCK_GetFro12MFreq
                0x0000000010004024       0x1c modules/hal_nxp/libmodules__hal_nxp.a(fsl_clock.c.obj)
 .text.CLOCK_GetClk48MFreq
                0x0000000010004040       0x1c modules/hal_nxp/libmodules__hal_nxp.a(fsl_clock.c.obj)
 .text.CLOCK_GetClk16KFreq
                0x000000001000405c       0x20 modules/hal_nxp/libmodules__hal_nxp.a(fsl_clock.c.obj)
 .text.CLOCK_GetExtClkFreq
                0x000000001000407c       0x1c modules/hal_nxp/libmodules__hal_nxp.a(fsl_clock.c.obj)
 .text.CLOCK_GetFroHfFreq
                0x0000000010004098       0x2c modules/hal_nxp/libmodules__hal_nxp.a(fsl_clock.c.obj)
 .text.CLOCK_GetOsc32KFreq
                0x00000000100040c4       0x28 modules/hal_nxp/libmodules__hal_nxp.a(fsl_clock.c.obj)
 .text.CLOCK_GetLposcFreq
                0x00000000100040ec       0x18 modules/hal_nxp/libmodules__hal_nxp.a(fsl_clock.c.obj)
 .text.CLOCK_SetupFROHFClocking
                0x0000000010004104       0x68 modules/hal_nxp/libmodules__hal_nxp.a(fsl_clock.c.obj)
                0x0000000010004104                CLOCK_SetupFROHFClocking
 .text.CLOCK_SetupExtClocking
                0x000000001000416c       0xec modules/hal_nxp/libmodules__hal_nxp.a(fsl_clock.c.obj)
                0x000000001000416c                CLOCK_SetupExtClocking
 .text.CLOCK_SetupClk16KClocking
                0x0000000010004258       0x48 modules/hal_nxp/libmodules__hal_nxp.a(fsl_clock.c.obj)
                0x0000000010004258                CLOCK_SetupClk16KClocking
 .text.CLOCK_SetPll0MonitorMode
                0x00000000100042a0       0x18 modules/hal_nxp/libmodules__hal_nxp.a(fsl_clock.c.obj)
                0x00000000100042a0                CLOCK_SetPll0MonitorMode
 .text.CLOCK_AttachClk
                0x00000000100042b8       0x64 modules/hal_nxp/libmodules__hal_nxp.a(fsl_clock.c.obj)
                0x00000000100042b8                CLOCK_AttachClk
 .text.CLOCK_GetPLL0InClockRate
                0x000000001000431c       0x40 modules/hal_nxp/libmodules__hal_nxp.a(fsl_clock.c.obj)
                0x000000001000431c                CLOCK_GetPLL0InClockRate
 .text.CLOCK_GetPll0OutFreq
                0x000000001000435c       0xf0 modules/hal_nxp/libmodules__hal_nxp.a(fsl_clock.c.obj)
                0x000000001000435c                CLOCK_GetPll0OutFreq
 .text.CLOCK_GetPLL1InClockRate
                0x000000001000444c       0x2c modules/hal_nxp/libmodules__hal_nxp.a(fsl_clock.c.obj)
                0x000000001000444c                CLOCK_GetPLL1InClockRate
 .text.CLOCK_GetPll1OutFreq
                0x0000000010004478       0xd8 modules/hal_nxp/libmodules__hal_nxp.a(fsl_clock.c.obj)
                0x0000000010004478                CLOCK_GetPll1OutFreq
 .text.CLOCK_GetLPFlexCommClkFreq
                0x0000000010004550       0x5c modules/hal_nxp/libmodules__hal_nxp.a(fsl_clock.c.obj)
                0x0000000010004550                CLOCK_GetLPFlexCommClkFreq
 .text.CLOCK_SetPLL0Freq
                0x00000000100045ac       0xc4 modules/hal_nxp/libmodules__hal_nxp.a(fsl_clock.c.obj)
                0x00000000100045ac                CLOCK_SetPLL0Freq
 .text.CLOCK_SetPLL1Freq
                0x0000000010004670       0xc4 modules/hal_nxp/libmodules__hal_nxp.a(fsl_clock.c.obj)
                0x0000000010004670                CLOCK_SetPLL1Freq
 .text.CLOCK_GetMainClkFreq
                0x0000000010004734       0x58 modules/hal_nxp/libmodules__hal_nxp.a(fsl_clock.c.obj)
                0x0000000010004734                CLOCK_GetMainClkFreq
 .text.CLOCK_GetSystickClkFreq
                0x000000001000478c       0x4c modules/hal_nxp/libmodules__hal_nxp.a(fsl_clock.c.obj)
 .text.CLOCK_GetFreq
                0x00000000100047d8      0x12c modules/hal_nxp/libmodules__hal_nxp.a(fsl_clock.c.obj)
                0x00000000100047d8                CLOCK_GetFreq
 .text.read_temp_result
                0x0000000010004904       0x78 modules/temp-sensor/drivers/temp-sensor/lib..__zephyr-projects__zephyr-driver__temp-sensor__drivers__temp-sensor.a(temp-sensor.c.obj)
 .text.get_single_K_value
                0x000000001000497c       0x38 modules/temp-sensor/drivers/temp-sensor/lib..__zephyr-projects__zephyr-driver__temp-sensor__drivers__temp-sensor.a(temp-sensor.c.obj)
 .text.init_device
                0x00000000100049b4       0x34 modules/temp-sensor/drivers/temp-sensor/lib..__zephyr-projects__zephyr-driver__temp-sensor__drivers__temp-sensor.a(temp-sensor.c.obj)
 .text.z_fatal_error
                0x00000000100049e8       0x30 zephyr/kernel/libkernel.a(fatal.c.obj)
                0x00000000100049e8                z_fatal_error
 .text.z_sys_init_run_level
                0x0000000010004a18       0x30 zephyr/kernel/libkernel.a(init.c.obj)
 .text.bg_thread_main
                0x0000000010004a48       0xc0 zephyr/kernel/libkernel.a(init.c.obj)
 .text.z_init_cpu
                0x0000000010004b08       0x68 zephyr/kernel/libkernel.a(init.c.obj)
                0x0000000010004b08                z_init_cpu
 .text.z_cstart
                0x0000000010004b70       0xe8 zephyr/kernel/libkernel.a(init.c.obj)
                0x0000000010004b70                z_cstart
 .text.z_impl_k_sem_give
                0x0000000010004c58       0x68 zephyr/kernel/libkernel.a(sem.c.obj)
                0x0000000010004c58                z_impl_k_sem_give
 .text.z_impl_k_sem_take
                0x0000000010004cc0       0x4c zephyr/kernel/libkernel.a(sem.c.obj)
                0x0000000010004cc0                z_impl_k_sem_take
 .text.z_setup_new_thread
                0x0000000010004d0c       0x7c zephyr/kernel/libkernel.a(thread.c.obj)
                0x0000000010004d0c                z_setup_new_thread
 .text.z_dummy_thread_init
                0x0000000010004d88       0x18 zephyr/kernel/libkernel.a(thread.c.obj)
                0x0000000010004d88                z_dummy_thread_init
 .text.z_swap_irqlock
                0x0000000010004da0       0x30 zephyr/kernel/libkernel.a(sched.c.obj)
 .text.ready_thread
                0x0000000010004dd0       0x84 zephyr/kernel/libkernel.a(sched.c.obj)
 .text.unready_thread
                0x0000000010004e54       0x54 zephyr/kernel/libkernel.a(sched.c.obj)
 .text.add_thread_timeout
                0x0000000010004ea8       0x1c zephyr/kernel/libkernel.a(sched.c.obj)
 .text.move_current_to_end_of_prio_q
                0x0000000010004ec4       0x70 zephyr/kernel/libkernel.a(sched.c.obj)
                0x0000000010004ec4                move_current_to_end_of_prio_q
 .text.z_pend_curr
                0x0000000010004f34       0x44 zephyr/kernel/libkernel.a(sched.c.obj)
                0x0000000010004f34                z_pend_curr
 .text.z_reschedule
                0x0000000010004f78       0x24 zephyr/kernel/libkernel.a(sched.c.obj)
                0x0000000010004f78                z_reschedule
 .text.z_reschedule_irqlock
                0x0000000010004f9c       0x28 zephyr/kernel/libkernel.a(sched.c.obj)
                0x0000000010004f9c                z_reschedule_irqlock
 .text.k_sched_lock
                0x0000000010004fc4       0x28 zephyr/kernel/libkernel.a(sched.c.obj)
                0x0000000010004fc4                k_sched_lock
 .text.k_sched_unlock
                0x0000000010004fec       0x68 zephyr/kernel/libkernel.a(sched.c.obj)
                0x0000000010004fec                k_sched_unlock
 .text.z_sched_init
                0x0000000010005054       0x10 zephyr/kernel/libkernel.a(sched.c.obj)
                0x0000000010005054                z_sched_init
 .text.z_impl_k_yield
                0x0000000010005064       0x88 zephyr/kernel/libkernel.a(sched.c.obj)
                0x0000000010005064                z_impl_k_yield
 .text.z_tick_sleep
                0x00000000100050ec       0x78 zephyr/kernel/libkernel.a(sched.c.obj)
 .text.z_impl_k_wakeup
                0x0000000010005164       0x48 zephyr/kernel/libkernel.a(sched.c.obj)
                0x0000000010005164                z_impl_k_wakeup
 .text.z_impl_k_sched_current_thread_query
                0x00000000100051ac        0xc zephyr/kernel/libkernel.a(sched.c.obj)
                0x00000000100051ac                z_impl_k_sched_current_thread_query
 .text.z_thread_abort
                0x00000000100051b8      0x140 zephyr/kernel/libkernel.a(sched.c.obj)
                0x00000000100051b8                z_thread_abort
 .text.z_time_slice_size
                0x00000000100052f8       0x40 zephyr/kernel/libkernel.a(timeslicing.c.obj)
 .text.slice_timeout
                0x0000000010005338       0x20 zephyr/kernel/libkernel.a(timeslicing.c.obj)
 .text.z_reset_time_slice
                0x0000000010005358       0x48 zephyr/kernel/libkernel.a(timeslicing.c.obj)
                0x0000000010005358                z_reset_time_slice
 .text.z_time_slice
                0x00000000100053a0       0x5c zephyr/kernel/libkernel.a(timeslicing.c.obj)
                0x00000000100053a0                z_time_slice
 .text.first    0x00000000100053fc       0x10 zephyr/kernel/libkernel.a(timeout.c.obj)
 .text.elapsed  0x000000001000540c       0x14 zephyr/kernel/libkernel.a(timeout.c.obj)
 .text.remove_timeout
                0x0000000010005420       0x38 zephyr/kernel/libkernel.a(timeout.c.obj)
 .text.z_add_timeout
                0x0000000010005458      0x120 zephyr/kernel/libkernel.a(timeout.c.obj)
                0x0000000010005458                z_add_timeout
 .text.sys_clock_announce
                0x0000000010005578       0xbc zephyr/kernel/libkernel.a(timeout.c.obj)
                0x0000000010005578                sys_clock_announce
 .text.sys_clock_tick_get
                0x0000000010005634       0x30 zephyr/kernel/libkernel.a(timeout.c.obj)
                0x0000000010005634                sys_clock_tick_get
 .text.boot_banner
                0x0000000010005664        0xc zephyr/kernel/libkernel.a(banner.c.obj)
                0x0000000010005664                boot_banner
 .text.__l_vfprintf
                0x0000000010005670      0x4b4 /home/calebb/zephyr-sdk-0.17.4/arm-zephyr-eabi/bin/../lib/gcc/../../picolibc/arm-zephyr-eabi/lib/thumb/v8-m.main/nofp/libc.a(libc_tinystdio_vflprintf.c.o)
                0x0000000010005670                __l_vfprintf
 .text.scalbn   0x0000000010005b24       0xb4 /home/calebb/zephyr-sdk-0.17.4/arm-zephyr-eabi/bin/../lib/gcc/../../picolibc/arm-zephyr-eabi/lib/thumb/v8-m.main/nofp/libc.a(libm_common_s_scalbn.c.o)
                0x0000000010005b24                ldexp
                0x0000000010005b24                scalbnl
                0x0000000010005b24                scalbn
                0x0000000010005b24                ldexpl
 .text.__math_oflow
                0x0000000010005bd8       0x18 /home/calebb/zephyr-sdk-0.17.4/arm-zephyr-eabi/bin/../lib/gcc/../../picolibc/arm-zephyr-eabi/lib/thumb/v8-m.main/nofp/libc.a(libm_common_math_err_oflow.c.o)
                0x0000000010005bd8                __math_oflow
 .text.__math_divzero
                0x0000000010005bf0       0x18 /home/calebb/zephyr-sdk-0.17.4/arm-zephyr-eabi/bin/../lib/gcc/../../picolibc/arm-zephyr-eabi/lib/thumb/v8-m.main/nofp/libc.a(libm_common_math_err_divzero.c.o)
                0x0000000010005bf0                __math_divzero
 .text.__math_invalid
                0x0000000010005c08       0x10 /home/calebb/zephyr-sdk-0.17.4/arm-zephyr-eabi/bin/../lib/gcc/../../picolibc/arm-zephyr-eabi/lib/thumb/v8-m.main/nofp/libc.a(libm_common_math_err_invalid.c.o)
                0x0000000010005c08                __math_invalid
 .text.sqrt     0x0000000010005c18      0x174 /home/calebb/zephyr-sdk-0.17.4/arm-zephyr-eabi/bin/../lib/gcc/../../picolibc/arm-zephyr-eabi/lib/thumb/v8-m.main/nofp/libc.a(libm_machine_arm_s_sqrt.c.o)
                0x0000000010005c18                sqrt
                0x0000000010005c18                sqrtl
 .text._OffsetAbsSyms
                0x0000000010005d8c        0x2 zephyr/CMakeFiles/offsets.dir/./arch/arm/core/offsets/offsets.c.obj
                0x0000000010005d8c                _OffsetAbsSyms
 .text.chunk_field
                0x0000000010005d8e       0x16 zephyr/libzephyr.a(heap.c.obj)
 .text.chunk_set
                0x0000000010005da4       0x16 zephyr/libzephyr.a(heap.c.obj)
 .text.chunk_size
                0x0000000010005dba        0xc zephyr/libzephyr.a(heap.c.obj)
 .text.set_chunk_used
                0x0000000010005dc6       0x30 zephyr/libzephyr.a(heap.c.obj)
 .text.set_chunk_size
                0x0000000010005df6        0x8 zephyr/libzephyr.a(heap.c.obj)
 .text.bucket_idx
                0x0000000010005dfe       0x1e zephyr/libzephyr.a(heap.c.obj)
 .text.free_list_add
                0x0000000010005e1c       0x84 zephyr/libzephyr.a(heap.c.obj)
 .text.sys_heap_init
                0x0000000010005ea0       0xb0 zephyr/libzephyr.a(heap.c.obj)
                0x0000000010005ea0                sys_heap_init
 .text.arch_printk_char_out
                0x0000000010005f50        0x4 zephyr/libzephyr.a(printk.c.obj)
                0x0000000010005f50                arch_printk_char_out
 .text.printk   0x0000000010005f54       0x1a zephyr/libzephyr.a(printk.c.obj)
                0x0000000010005f54                printk
 .text._ConfigAbsSyms
                0x0000000010005f6e        0x2 zephyr/libzephyr.a(configs.c.obj)
                0x0000000010005f6e                _ConfigAbsSyms
 .text.soc_reset_hook
                0x0000000010005f70        0x4 zephyr/libzephyr.a(soc.c.obj)
                0x0000000010005f70                soc_reset_hook
 .text.arch_early_memset
                0x0000000010005f74        0x4 zephyr/arch/common/libarch__common.a(init.c.obj)
                0x0000000010005f74                arch_early_memset
 .text.arch_early_memcpy
                0x0000000010005f78        0x4 zephyr/arch/common/libarch__common.a(init.c.obj)
                0x0000000010005f78                arch_early_memcpy
 .text.z_do_kernel_oops
                0x0000000010005f7c        0x8 zephyr/arch/arch/arm/core/libarch__arm__core.a(fatal.c.obj)
                0x0000000010005f7c                z_do_kernel_oops
 .text.z_arm_nmi
                0x0000000010005f84        0xe zephyr/arch/arch/arm/core/libarch__arm__core.a(nmi.c.obj)
                0x0000000010005f84                z_arm_nmi
 .text.z_irq_spurious
                0x0000000010005f92        0x8 zephyr/arch/arch/arm/core/cortex_m/libarch__arm__core__cortex_m.a(irq_manage.c.obj)
                0x0000000010005f92                z_irq_spurious
 .text.configure_builtin_stack_guard
                0x0000000010005f9a        0x8 zephyr/arch/arch/arm/core/cortex_m/libarch__arm__core__cortex_m.a(thread.c.obj)
                0x0000000010005f9a                configure_builtin_stack_guard
 .text.arch_coprocessors_disable
                0x0000000010005fa2        0x6 zephyr/arch/arch/arm/core/cortex_m/libarch__arm__core__cortex_m.a(thread.c.obj)
                0x0000000010005fa2                arch_coprocessors_disable
 .text.arch_irq_unlock_outlined
                0x0000000010005fa8        0xe zephyr/arch/arch/arm/core/cortex_m/libarch__arm__core__cortex_m.a(thread.c.obj)
                0x0000000010005fa8                arch_irq_unlock_outlined
 .text.arch_cpu_idle
                0x0000000010005fb6       0x1a zephyr/arch/arch/arm/core/cortex_m/libarch__arm__core__cortex_m.a(cpu_idle.c.obj)
                0x0000000010005fb6                arch_cpu_idle
 .text.arm_cmse_mpu_region_get
                0x0000000010005fd0       0x12 zephyr/arch/arch/arm/core/cortex_m/cmse/libarch__arm__core__cortex_m__cmse.a(arm_core_cmse.c.obj)
                0x0000000010005fd0                arm_cmse_mpu_region_get
 .text.mpu_configure_region
                0x0000000010005fe2       0x32 zephyr/arch/arch/arm/core/mpu/libarch__arm__core__mpu.a(arm_mpu.c.obj)
 .text.picolibc_put
                0x0000000010006014        0xa zephyr/lib/libc/picolibc/liblib__libc__picolibc.a(stdio.c.obj)
 .text.mcux_lpc_syscon_clock_control_off
                0x000000001000601e        0x4 zephyr/drivers/clock_control/libdrivers__clock_control.a(clock_control_mcux_syscon.c.obj)
 .text.mcux_lpc_syscon_clock_control_set_subsys_rate
                0x0000000010006022        0x6 zephyr/drivers/clock_control/libdrivers__clock_control.a(clock_control_mcux_syscon.c.obj)
 .text.mcux_lpc_syscon_clock_control_configure
                0x0000000010006028        0x4 zephyr/drivers/clock_control/libdrivers__clock_control.a(clock_control_mcux_syscon.c.obj)
 .text.mcux_lpc_syscon_clock_control_get_subsys_rate
                0x000000001000602c       0x9c zephyr/drivers/clock_control/libdrivers__clock_control.a(clock_control_mcux_syscon.c.obj)
 .text.mcux_lpc_syscon_clock_control_on
                0x00000000100060c8       0x7c zephyr/drivers/clock_control/libdrivers__clock_control.a(clock_control_mcux_syscon.c.obj)
 .text.gpio_mcux_port_configure
                0x0000000010006144       0xa0 zephyr/drivers/gpio/libdrivers__gpio.a(gpio_mcux.c.obj)
 .text.gpio_mcux_port_get_raw
                0x00000000100061e4        0xc zephyr/drivers/gpio/libdrivers__gpio.a(gpio_mcux.c.obj)
 .text.gpio_mcux_port_set_masked_raw
                0x00000000100061f0       0x12 zephyr/drivers/gpio/libdrivers__gpio.a(gpio_mcux.c.obj)
 .text.gpio_mcux_port_set_bits_raw
                0x0000000010006202        0xa zephyr/drivers/gpio/libdrivers__gpio.a(gpio_mcux.c.obj)
 .text.gpio_mcux_port_clear_bits_raw
                0x000000001000620c        0xa zephyr/drivers/gpio/libdrivers__gpio.a(gpio_mcux.c.obj)
 .text.gpio_mcux_port_toggle_bits
                0x0000000010006216        0xa zephyr/drivers/gpio/libdrivers__gpio.a(gpio_mcux.c.obj)
 .text.gpio_mcux_manage_callback
                0x0000000010006220       0x52 zephyr/drivers/gpio/libdrivers__gpio.a(gpio_mcux.c.obj)
 .text.gpio_mcux_port0_init
                0x0000000010006272       0x16 zephyr/drivers/gpio/libdrivers__gpio.a(gpio_mcux.c.obj)
 .text.gpio_mcux_port1_init
                0x0000000010006288       0x16 zephyr/drivers/gpio/libdrivers__gpio.a(gpio_mcux.c.obj)
 .text.gpio_mcux_port2_init
                0x000000001000629e       0x16 zephyr/drivers/gpio/libdrivers__gpio.a(gpio_mcux.c.obj)
 .text.gpio_mcux_port3_init
                0x00000000100062b4       0x16 zephyr/drivers/gpio/libdrivers__gpio.a(gpio_mcux.c.obj)
 .text.gpio_mcux_port4_init
                0x00000000100062ca       0x16 zephyr/drivers/gpio/libdrivers__gpio.a(gpio_mcux.c.obj)
 .text.gpio_mcux_port5_init
                0x00000000100062e0       0x16 zephyr/drivers/gpio/libdrivers__gpio.a(gpio_mcux.c.obj)
 .text.gpio_mcux_pin_interrupt_configure
                0x00000000100062f6       0x76 zephyr/drivers/gpio/libdrivers__gpio.a(gpio_mcux.c.obj)
 .text.gpio_mcux_port_isr
                0x000000001000636c       0x36 zephyr/drivers/gpio/libdrivers__gpio.a(gpio_mcux.c.obj)
 .text.mcux_lpi2c_isr
                0x00000000100063a2       0x16 zephyr/drivers/i2c/libdrivers__i2c.a(i2c_mcux_lpi2c.c.obj)
 .text.mcux_lpi2c_master_transfer_callback
                0x00000000100063b8        0xa zephyr/drivers/i2c/libdrivers__i2c.a(i2c_mcux_lpi2c.c.obj)
 .text.nxp_lp_flexcomm_isr
                0x00000000100063c2       0x44 zephyr/drivers/mfd/libdrivers__mfd.a(mfd_nxp_lp_flexcomm.c.obj)
                0x00000000100063c2                nxp_lp_flexcomm_isr
 .text.nxp_lp_flexcomm_init
                0x0000000010006406       0x7a zephyr/drivers/mfd/libdrivers__mfd.a(mfd_nxp_lp_flexcomm.c.obj)
 .text.nxp_lp_flexcomm_config_func_0
                0x0000000010006480       0x16 zephyr/drivers/mfd/libdrivers__mfd.a(mfd_nxp_lp_flexcomm.c.obj)
 .text.nxp_lp_flexcomm_config_func_1
                0x0000000010006496       0x16 zephyr/drivers/mfd/libdrivers__mfd.a(mfd_nxp_lp_flexcomm.c.obj)
 .text.nxp_lp_flexcomm_config_func_2
                0x00000000100064ac       0x16 zephyr/drivers/mfd/libdrivers__mfd.a(mfd_nxp_lp_flexcomm.c.obj)
 .text.nxp_lp_flexcomm_config_func_3
                0x00000000100064c2       0x16 zephyr/drivers/mfd/libdrivers__mfd.a(mfd_nxp_lp_flexcomm.c.obj)
 .text.nxp_lp_flexcomm_config_func_4
                0x00000000100064d8       0x16 zephyr/drivers/mfd/libdrivers__mfd.a(mfd_nxp_lp_flexcomm.c.obj)
 .text.nxp_lp_flexcomm_config_func_5
                0x00000000100064ee       0x16 zephyr/drivers/mfd/libdrivers__mfd.a(mfd_nxp_lp_flexcomm.c.obj)
 .text.nxp_lp_flexcomm_setirqhandler
                0x0000000010006504       0x12 zephyr/drivers/mfd/libdrivers__mfd.a(mfd_nxp_lp_flexcomm.c.obj)
                0x0000000010006504                nxp_lp_flexcomm_setirqhandler
 .text.pinctrl_lookup_state
                0x0000000010006516       0x26 zephyr/drivers/pinctrl/libdrivers__pinctrl.a(common.c.obj)
                0x0000000010006516                pinctrl_lookup_state
 .text.pinctrl_mcux_init
                0x000000001000653c       0x26 zephyr/drivers/pinctrl/libdrivers__pinctrl.a(pinctrl_nxp_port.c.obj)
 .text.mcux_lpuart_irq_update
                0x0000000010006562        0x4 zephyr/drivers/serial/libdrivers__serial.a(uart_mcux_lpuart.c.obj)
 .text.mcux_lpuart_irq_callback_set
                0x0000000010006566        0x8 zephyr/drivers/serial/libdrivers__serial.a(uart_mcux_lpuart.c.obj)
 .text.mcux_lpuart_config_get
                0x000000001000656e       0x10 zephyr/drivers/serial/libdrivers__serial.a(uart_mcux_lpuart.c.obj)
 .text.mcux_lpuart_irq_err_disable
                0x000000001000657e        0xc zephyr/drivers/serial/libdrivers__serial.a(uart_mcux_lpuart.c.obj)
 .text.mcux_lpuart_irq_rx_disable
                0x000000001000658a        0xc zephyr/drivers/serial/libdrivers__serial.a(uart_mcux_lpuart.c.obj)
 .text.mcux_lpuart_irq_tx_disable
                0x0000000010006596        0xc zephyr/drivers/serial/libdrivers__serial.a(uart_mcux_lpuart.c.obj)
 .text.mcux_lpuart_irq_err_enable
                0x00000000100065a2        0xc zephyr/drivers/serial/libdrivers__serial.a(uart_mcux_lpuart.c.obj)
 .text.mcux_lpuart_irq_rx_enable
                0x00000000100065ae        0xc zephyr/drivers/serial/libdrivers__serial.a(uart_mcux_lpuart.c.obj)
 .text.mcux_lpuart_irq_tx_enable
                0x00000000100065ba        0xc zephyr/drivers/serial/libdrivers__serial.a(uart_mcux_lpuart.c.obj)
 .text.mcux_lpuart_irq_rx_full
                0x00000000100065c6       0x10 zephyr/drivers/serial/libdrivers__serial.a(uart_mcux_lpuart.c.obj)
 .text.mcux_lpuart_irq_tx_complete
                0x00000000100065d6       0x10 zephyr/drivers/serial/libdrivers__serial.a(uart_mcux_lpuart.c.obj)
 .text.mcux_lpuart_irq_tx_ready
                0x00000000100065e6       0x1e zephyr/drivers/serial/libdrivers__serial.a(uart_mcux_lpuart.c.obj)
 .text.mcux_lpuart_irq_is_pending
                0x0000000010006604       0x2c zephyr/drivers/serial/libdrivers__serial.a(uart_mcux_lpuart.c.obj)
 .text.mcux_lpuart_fifo_read
                0x0000000010006630       0x48 zephyr/drivers/serial/libdrivers__serial.a(uart_mcux_lpuart.c.obj)
 .text.mcux_lpuart_fifo_fill
                0x0000000010006678       0x28 zephyr/drivers/serial/libdrivers__serial.a(uart_mcux_lpuart.c.obj)
 .text.mcux_lpuart_poll_out
                0x00000000100066a0       0x2c zephyr/drivers/serial/libdrivers__serial.a(uart_mcux_lpuart.c.obj)
 .text.mcux_lpuart_err_check
                0x00000000100066cc       0x34 zephyr/drivers/serial/libdrivers__serial.a(uart_mcux_lpuart.c.obj)
 .text.mcux_lpuart_isr
                0x0000000010006700       0x2e zephyr/drivers/serial/libdrivers__serial.a(uart_mcux_lpuart.c.obj)
 .text.pinctrl_apply_state
                0x000000001000672e       0x1e zephyr/drivers/serial/libdrivers__serial.a(uart_mcux_lpuart.c.obj)
 .text.mcux_lpuart_config_pinctrl.isra.0
                0x000000001000674c       0x20 zephyr/drivers/serial/libdrivers__serial.a(uart_mcux_lpuart.c.obj)
 .text.mcux_lpuart_configure_init
                0x000000001000676c      0x18e zephyr/drivers/serial/libdrivers__serial.a(uart_mcux_lpuart.c.obj)
 .text.mcux_lpuart_init
                0x00000000100068fa       0x38 zephyr/drivers/serial/libdrivers__serial.a(uart_mcux_lpuart.c.obj)
 .text.mcux_lpuart_configure
                0x0000000010006932       0x30 zephyr/drivers/serial/libdrivers__serial.a(uart_mcux_lpuart.c.obj)
 .text.mcux_lpuart_poll_in
                0x0000000010006962       0x40 zephyr/drivers/serial/libdrivers__serial.a(uart_mcux_lpuart.c.obj)
 .text.SPC_SetSRAMOperateVoltage
                0x00000000100069a2       0x24 modules/hal_nxp/libmodules__hal_nxp.a(fsl_spc.c.obj)
                0x00000000100069a2                SPC_SetSRAMOperateVoltage
 .text.SPC_SetActiveModeCoreLDORegulatorVoltageLevel
                0x00000000100069c6       0x38 modules/hal_nxp/libmodules__hal_nxp.a(fsl_spc.c.obj)
                0x00000000100069c6                SPC_SetActiveModeCoreLDORegulatorVoltageLevel
 .text.SPC_SetActiveModeCoreLDORegulatorDriveStrength
                0x00000000100069fe       0x3c modules/hal_nxp/libmodules__hal_nxp.a(fsl_spc.c.obj)
                0x00000000100069fe                SPC_SetActiveModeCoreLDORegulatorDriveStrength
 .text.SPC_SetActiveModeCoreLDORegulatorConfig
                0x0000000010006a3a       0x50 modules/hal_nxp/libmodules__hal_nxp.a(fsl_spc.c.obj)
                0x0000000010006a3a                SPC_SetActiveModeCoreLDORegulatorConfig
 .text.SPC_SetActiveModeDCDCRegulatorDriveStrength
                0x0000000010006a8a       0x2c modules/hal_nxp/libmodules__hal_nxp.a(fsl_spc.c.obj)
                0x0000000010006a8a                SPC_SetActiveModeDCDCRegulatorDriveStrength
 .text.SPC_SetActiveModeDCDCRegulatorConfig
                0x0000000010006ab6       0x38 modules/hal_nxp/libmodules__hal_nxp.a(fsl_spc.c.obj)
                0x0000000010006ab6                SPC_SetActiveModeDCDCRegulatorConfig
 .text.CLOCK_EnableClock
                0x0000000010006aee       0x40 modules/hal_nxp/libmodules__hal_nxp.a(fsl_lpi2c.c.obj)
 .text.LPI2C_MasterCheckAndClearError
                0x0000000010006b2e       0x46 modules/hal_nxp/libmodules__hal_nxp.a(fsl_lpi2c.c.obj)
                0x0000000010006b2e                LPI2C_MasterCheckAndClearError
 .text.LPI2C_CheckForBusyBus
                0x0000000010006b74       0x14 modules/hal_nxp/libmodules__hal_nxp.a(fsl_lpi2c.c.obj)
                0x0000000010006b74                LPI2C_CheckForBusyBus
 .text.LPI2C_MasterSetBaudRate
                0x0000000010006b88      0x150 modules/hal_nxp/libmodules__hal_nxp.a(fsl_lpi2c.c.obj)
                0x0000000010006b88                LPI2C_MasterSetBaudRate
 .text.LPI2C_MasterTransferNonBlocking
                0x0000000010006cd8       0xf0 modules/hal_nxp/libmodules__hal_nxp.a(fsl_lpi2c.c.obj)
                0x0000000010006cd8                LPI2C_MasterTransferNonBlocking
 .text.LPUART_Deinit
                0x0000000010006dc8       0x20 modules/hal_nxp/libmodules__hal_nxp.a(fsl_lpuart.c.obj)
                0x0000000010006dc8                LPUART_Deinit
 .text.LPUART_GetDefaultConfig
                0x0000000010006de8       0x16 modules/hal_nxp/libmodules__hal_nxp.a(fsl_lpuart.c.obj)
                0x0000000010006de8                LPUART_GetDefaultConfig
 .text.LPUART_GetEnabledInterrupts
                0x0000000010006dfe       0x44 modules/hal_nxp/libmodules__hal_nxp.a(fsl_lpuart.c.obj)
                0x0000000010006dfe                LPUART_GetEnabledInterrupts
 .text.SystemInitHook
                0x0000000010006e42        0x2 modules/hal_nxp/libmodules__hal_nxp.a(system_MCXN947_cm33_core0.c.obj)
                0x0000000010006e42                SystemInitHook
 .text.CLOCK_SetClkDiv
                0x0000000010006e44       0x22 modules/hal_nxp/libmodules__hal_nxp.a(fsl_clock.c.obj)
                0x0000000010006e44                CLOCK_SetClkDiv
 .text.CLOCK_GetPllClkDivFreq
                0x0000000010006e66       0x3c modules/hal_nxp/libmodules__hal_nxp.a(fsl_clock.c.obj)
                0x0000000010006e66                CLOCK_GetPllClkDivFreq
 .text.CLOCK_GetUsdhcClkFreq
                0x0000000010006ea2       0x58 modules/hal_nxp/libmodules__hal_nxp.a(fsl_clock.c.obj)
                0x0000000010006ea2                CLOCK_GetUsdhcClkFreq
 .text.CLOCK_GetCoreSysClkFreq
                0x0000000010006efa       0x24 modules/hal_nxp/libmodules__hal_nxp.a(fsl_clock.c.obj)
                0x0000000010006efa                CLOCK_GetCoreSysClkFreq
 .text.RESET_SetPeripheralReset
                0x0000000010006f1e       0x26 modules/hal_nxp/libmodules__hal_nxp.a(fsl_reset.c.obj)
                0x0000000010006f1e                RESET_SetPeripheralReset
 .text.RESET_ClearPeripheralReset
                0x0000000010006f44       0x28 modules/hal_nxp/libmodules__hal_nxp.a(fsl_reset.c.obj)
                0x0000000010006f44                RESET_ClearPeripheralReset
 .text.RESET_PeripheralReset
                0x0000000010006f6c       0x16 modules/hal_nxp/libmodules__hal_nxp.a(fsl_reset.c.obj)
                0x0000000010006f6c                RESET_PeripheralReset
 .text.i2c_write_read.constprop.0
                0x0000000010006f82       0x38 modules/temp-sensor/drivers/temp-sensor/lib..__zephyr-projects__zephyr-driver__temp-sensor__drivers__temp-sensor.a(temp-sensor.c.obj)
 .text.get_calibration_data
                0x0000000010006fba       0x42 modules/temp-sensor/drivers/temp-sensor/lib..__zephyr-projects__zephyr-driver__temp-sensor__drivers__temp-sensor.a(temp-sensor.c.obj)
 .text.z_impl_k_busy_wait
                0x0000000010006ffc       0x1c zephyr/kernel/libkernel.a(busy_wait.c.obj)
                0x0000000010006ffc                z_impl_k_busy_wait
 .text.do_device_init
                0x0000000010007018       0x30 zephyr/kernel/libkernel.a(device.c.obj)
                0x0000000010007018                do_device_init
 .text.z_impl_device_is_ready
                0x0000000010007048       0x16 zephyr/kernel/libkernel.a(device.c.obj)
                0x0000000010007048                z_impl_device_is_ready
 .text.arch_system_halt
                0x000000001000705e       0x10 zephyr/kernel/libkernel.a(fatal.c.obj)
                0x000000001000705e                arch_system_halt
 .text.k_sys_fatal_error_handler
                0x000000001000706e        0x6 zephyr/kernel/libkernel.a(fatal.c.obj)
                0x000000001000706e                k_sys_fatal_error_handler
 .text.idle     0x0000000010007074       0x16 zephyr/kernel/libkernel.a(idle.c.obj)
                0x0000000010007074                idle
 .text.z_impl_k_sem_init
                0x000000001000708a       0x18 zephyr/kernel/libkernel.a(sem.c.obj)
                0x000000001000708a                z_impl_k_sem_init
 .text.sys_dlist_remove
                0x00000000100070a2       0x10 zephyr/kernel/libkernel.a(sched.c.obj)
 .text.unpend_thread_no_timeout
                0x00000000100070b2       0x14 zephyr/kernel/libkernel.a(sched.c.obj)
 .text.add_to_waitq_locked
                0x00000000100070c6       0x50 zephyr/kernel/libkernel.a(sched.c.obj)
 .text.z_ready_thread
                0x0000000010007116       0x1e zephyr/kernel/libkernel.a(sched.c.obj)
                0x0000000010007116                z_ready_thread
 .text.z_sched_wake_thread
                0x0000000010007134       0x3a zephyr/kernel/libkernel.a(sched.c.obj)
                0x0000000010007134                z_sched_wake_thread
 .text.z_thread_timeout
                0x000000001000716e        0x8 zephyr/kernel/libkernel.a(sched.c.obj)
                0x000000001000716e                z_thread_timeout
 .text.z_impl_k_sleep
                0x0000000010007176       0x3e zephyr/kernel/libkernel.a(sched.c.obj)
                0x0000000010007176                z_impl_k_sleep
 .text.next_timeout
                0x00000000100071b4       0x2e zephyr/kernel/libkernel.a(timeout.c.obj)
 .text.z_abort_timeout
                0x00000000100071e2       0x50 zephyr/kernel/libkernel.a(timeout.c.obj)
                0x00000000100071e2                z_abort_timeout
 .text.sys_clock_tick_get_32
                0x0000000010007232        0x8 zephyr/kernel/libkernel.a(timeout.c.obj)
                0x0000000010007232                sys_clock_tick_get_32
 .text.memcpy   0x000000001000723a       0x1a /home/calebb/zephyr-sdk-0.17.4/arm-zephyr-eabi/bin/../lib/gcc/../../picolibc/arm-zephyr-eabi/lib/thumb/v8-m.main/nofp/libc.a(memcpy.c.o)
                0x000000001000723a                memcpy
                0x000000001000723a                __aeabi_memcpy
                0x000000001000723a                __aeabi_memcpy4
                0x000000001000723a                __aeabi_memcpy8
 .text.memset   0x0000000010007254       0x10 /home/calebb/zephyr-sdk-0.17.4/arm-zephyr-eabi/bin/../lib/gcc/../../picolibc/arm-zephyr-eabi/lib/thumb/v8-m.main/nofp/libc.a(memset.c.o)
                0x0000000010007254                memset
 .text.strnlen  0x0000000010007264       0x18 /home/calebb/zephyr-sdk-0.17.4/arm-zephyr-eabi/bin/../lib/gcc/../../picolibc/arm-zephyr-eabi/lib/thumb/v8-m.main/nofp/libc.a(libc_string_strnlen.c.o)
                0x0000000010007264                strnlen
 .text.__ultoa_invert
                0x000000001000727c       0xac /home/calebb/zephyr-sdk-0.17.4/arm-zephyr-eabi/bin/../lib/gcc/../../picolibc/arm-zephyr-eabi/lib/thumb/v8-m.main/nofp/libc.a(libc_tinystdio_vflprintf.c.o)
 .text.__math_uflow
                0x0000000010007328       0x10 /home/calebb/zephyr-sdk-0.17.4/arm-zephyr-eabi/bin/../lib/gcc/../../picolibc/arm-zephyr-eabi/lib/thumb/v8-m.main/nofp/libc.a(libm_common_math_err_uflow.c.o)
                0x0000000010007328                __math_uflow
 .text.isnan    0x0000000010007338       0x1a /home/calebb/zephyr-sdk-0.17.4/arm-zephyr-eabi/bin/../lib/gcc/../../picolibc/arm-zephyr-eabi/lib/thumb/v8-m.main/nofp/libc.a(libm_common_s_isnan.c.o)
                0x0000000010007338                __isnanl
                0x0000000010007338                isnan
                0x0000000010007338                isnanl
                0x0000000010007338                __isnand
 *(SORT_BY_ALIGNMENT(.TEXT.*))
 *fill*         0x0000000010007352        0x2 
 .TEXT.__aeabi_read_tp
                0x0000000010007354        0xc zephyr/arch/arch/arm/core/cortex_m/libarch__arm__core__cortex_m.a(__aeabi_read_tp.S.obj)
                0x0000000010007354                __aeabi_read_tp
 *(SORT_BY_ALIGNMENT(.gnu.linkonce.t.*))
 *(SORT_BY_ALIGNMENT(.glue_7t))
 .glue_7t       0x0000000010007360        0x0 linker stubs
 *(SORT_BY_ALIGNMENT(.glue_7))
 .glue_7        0x0000000010007360        0x0 linker stubs
 *(SORT_BY_ALIGNMENT(.vfp11_veneer))
 .vfp11_veneer  0x0000000010007360        0x0 linker stubs
 *(SORT_BY_ALIGNMENT(.v4_bx))
 .v4_bx         0x0000000010007360        0x0 linker stubs
                0x0000000010007360                . = ALIGN (0x4)
                0x0000000010007360                __text_region_end = .

.ARM.exidx      0x0000000010007360        0x8
                0x0000000010007360                __exidx_start = .
 *(SORT_BY_ALIGNMENT(.ARM.exidx*) SORT_BY_ALIGNMENT(gnu.linkonce.armexidx.*))
 .ARM.exidx     0x0000000010007360        0x8 /home/calebb/zephyr-sdk-0.17.4/arm-zephyr-eabi/bin/../lib/gcc/arm-zephyr-eabi/12.2.0/thumb/v8-m.main/nofp/libgcc.a(_udivmoddi4.o)
                0x0000000010007368                __exidx_end = .
                0x0000000010007368                __rodata_region_start = .

initlevel       0x0000000010007368       0xe0
                0x0000000010007368                __init_start = .
                0x0000000010007368                __init_EARLY_start = .
 *(SORT_BY_NAME(SORT_BY_ALIGNMENT(.z_init_EARLY_P_?_*)))
 *(SORT_BY_NAME(SORT_BY_ALIGNMENT(.z_init_EARLY_P_??_*)))
 *(SORT_BY_NAME(SORT_BY_ALIGNMENT(.z_init_EARLY_P_???_*)))
                0x0000000010007368                __init_PRE_KERNEL_1_start = .
 *(SORT_BY_NAME(SORT_BY_ALIGNMENT(.z_init_PRE_KERNEL_1_P_?_*)))
 *(SORT_BY_NAME(SORT_BY_ALIGNMENT(.z_init_PRE_KERNEL_1_P_??_*)))
 .z_init_PRE_KERNEL_1_P_30_SUB_00017_
                0x0000000010007368        0x8 zephyr/drivers/clock_control/libdrivers__clock_control.a(clock_control_mcux_syscon.c.obj)
 .z_init_PRE_KERNEL_1_P_40_SUB_00018_
                0x0000000010007370        0x8 zephyr/drivers/pinctrl/libdrivers__pinctrl.a(pinctrl_nxp_port.c.obj)
 .z_init_PRE_KERNEL_1_P_40_SUB_00023_
                0x0000000010007378        0x8 zephyr/drivers/pinctrl/libdrivers__pinctrl.a(pinctrl_nxp_port.c.obj)
 .z_init_PRE_KERNEL_1_P_40_SUB_00100_
                0x0000000010007380        0x8 zephyr/drivers/pinctrl/libdrivers__pinctrl.a(pinctrl_nxp_port.c.obj)
 .z_init_PRE_KERNEL_1_P_40_SUB_00102_
                0x0000000010007388        0x8 zephyr/drivers/pinctrl/libdrivers__pinctrl.a(pinctrl_nxp_port.c.obj)
 .z_init_PRE_KERNEL_1_P_40_SUB_00155_
                0x0000000010007390        0x8 zephyr/drivers/mfd/libdrivers__mfd.a(mfd_nxp_lp_flexcomm.c.obj)
 .z_init_PRE_KERNEL_1_P_40_SUB_00159_
                0x0000000010007398        0x8 zephyr/drivers/mfd/libdrivers__mfd.a(mfd_nxp_lp_flexcomm.c.obj)
 .z_init_PRE_KERNEL_1_P_40_SUB_00164_
                0x00000000100073a0        0x8 zephyr/drivers/mfd/libdrivers__mfd.a(mfd_nxp_lp_flexcomm.c.obj)
 .z_init_PRE_KERNEL_1_P_40_SUB_00168_
                0x00000000100073a8        0x8 zephyr/drivers/mfd/libdrivers__mfd.a(mfd_nxp_lp_flexcomm.c.obj)
 .z_init_PRE_KERNEL_1_P_40_SUB_00176_
                0x00000000100073b0        0x8 zephyr/drivers/mfd/libdrivers__mfd.a(mfd_nxp_lp_flexcomm.c.obj)
 .z_init_PRE_KERNEL_1_P_40_SUB_00180_
                0x00000000100073b8        0x8 zephyr/drivers/mfd/libdrivers__mfd.a(mfd_nxp_lp_flexcomm.c.obj)
 .z_init_PRE_KERNEL_1_P_40_SUB_00193_
                0x00000000100073c0        0x8 zephyr/drivers/pinctrl/libdrivers__pinctrl.a(pinctrl_nxp_port.c.obj)
 .z_init_PRE_KERNEL_1_P_40_SUB_00222_
                0x00000000100073c8        0x8 zephyr/drivers/pinctrl/libdrivers__pinctrl.a(pinctrl_nxp_port.c.obj)
 .z_init_PRE_KERNEL_1_P_50_SUB_00160_
                0x00000000100073d0        0x8 zephyr/drivers/serial/libdrivers__serial.a(uart_mcux_lpuart.c.obj)
 .z_init_PRE_KERNEL_1_P_50_SUB_00170_
                0x00000000100073d8        0x8 zephyr/drivers/serial/libdrivers__serial.a(uart_mcux_lpuart.c.obj)
 .z_init_PRE_KERNEL_1_P_60_SUB_0_
                0x00000000100073e0        0x8 zephyr/drivers/console/libdrivers__console.a(uart_console.c.obj)
 *(SORT_BY_NAME(SORT_BY_ALIGNMENT(.z_init_PRE_KERNEL_1_P_???_*)))
                0x00000000100073e8                __init_PRE_KERNEL_2_start = .
 *(SORT_BY_NAME(SORT_BY_ALIGNMENT(.z_init_PRE_KERNEL_2_P_?_*)))
 .z_init_PRE_KERNEL_2_P_0_SUB_0_
                0x00000000100073e8        0x8 zephyr/drivers/timer/libdrivers__timer.a(cortex_m_systick.c.obj)
 *(SORT_BY_NAME(SORT_BY_ALIGNMENT(.z_init_PRE_KERNEL_2_P_??_*)))
 *(SORT_BY_NAME(SORT_BY_ALIGNMENT(.z_init_PRE_KERNEL_2_P_???_*)))
                0x00000000100073f0                __init_POST_KERNEL_start = .
 *(SORT_BY_NAME(SORT_BY_ALIGNMENT(.z_init_POST_KERNEL_P_?_*)))
 *(SORT_BY_NAME(SORT_BY_ALIGNMENT(.z_init_POST_KERNEL_P_??_*)))
 .z_init_POST_KERNEL_P_35_SUB_0_
                0x00000000100073f0        0x8 zephyr/lib/libc/common/liblib__libc__common.a(malloc.c.obj)
 .z_init_POST_KERNEL_P_40_SUB_00019_
                0x00000000100073f8        0x8 zephyr/drivers/gpio/libdrivers__gpio.a(gpio_mcux.c.obj)
 .z_init_POST_KERNEL_P_40_SUB_00024_
                0x0000000010007400        0x8 zephyr/drivers/gpio/libdrivers__gpio.a(gpio_mcux.c.obj)
 .z_init_POST_KERNEL_P_40_SUB_00101_
                0x0000000010007408        0x8 zephyr/drivers/gpio/libdrivers__gpio.a(gpio_mcux.c.obj)
 .z_init_POST_KERNEL_P_40_SUB_00103_
                0x0000000010007410        0x8 zephyr/drivers/gpio/libdrivers__gpio.a(gpio_mcux.c.obj)
 .z_init_POST_KERNEL_P_40_SUB_00194_
                0x0000000010007418        0x8 zephyr/drivers/gpio/libdrivers__gpio.a(gpio_mcux.c.obj)
 .z_init_POST_KERNEL_P_40_SUB_00223_
                0x0000000010007420        0x8 zephyr/drivers/gpio/libdrivers__gpio.a(gpio_mcux.c.obj)
 .z_init_POST_KERNEL_P_50_SUB_00162_
                0x0000000010007428        0x8 zephyr/drivers/i2c/libdrivers__i2c.a(i2c_mcux_lpi2c.c.obj)
 .z_init_POST_KERNEL_P_50_SUB_00163_
                0x0000000010007430        0x8 modules/temp-sensor/drivers/temp-sensor/lib..__zephyr-projects__zephyr-driver__temp-sensor__drivers__temp-sensor.a(temp-sensor.c.obj)
 .z_init_POST_KERNEL_P_50_SUB_00165_
                0x0000000010007438        0x8 zephyr/drivers/i2c/libdrivers__i2c.a(i2c_mcux_lpi2c.c.obj)
 .z_init_POST_KERNEL_P_50_SUB_00181_
                0x0000000010007440        0x8 zephyr/drivers/i2c/libdrivers__i2c.a(i2c_mcux_lpi2c.c.obj)
 *(SORT_BY_NAME(SORT_BY_ALIGNMENT(.z_init_POST_KERNEL_P_???_*)))
                0x0000000010007448                __init_APPLICATION_start = .
 *(SORT_BY_NAME(SORT_BY_ALIGNMENT(.z_init_APPLICATION_P_?_*)))
 *(SORT_BY_NAME(SORT_BY_ALIGNMENT(.z_init_APPLICATION_P_??_*)))
 *(SORT_BY_NAME(SORT_BY_ALIGNMENT(.z_init_APPLICATION_P_???_*)))
                0x0000000010007448                __init_SMP_start = .
 *(SORT_BY_NAME(SORT_BY_ALIGNMENT(.z_init_SMP_P_?_*)))
 *(SORT_BY_NAME(SORT_BY_ALIGNMENT(.z_init_SMP_P_??_*)))
 *(SORT_BY_NAME(SORT_BY_ALIGNMENT(.z_init_SMP_P_???_*)))
                0x0000000010007448                __init_end = .

device_area     0x0000000010007448      0x2bc
                0x0000000010007448                _device_list_start = .
 *(SORT_BY_NAME(SORT_BY_ALIGNMENT(._device.static.*_?_*)))
 *(SORT_BY_NAME(SORT_BY_ALIGNMENT(._device.static.*_??_*)))
 ._device.static.1_30_
                0x0000000010007448       0x1c zephyr/drivers/clock_control/libdrivers__clock_control.a(clock_control_mcux_syscon.c.obj)
                0x0000000010007448                __device_dts_ord_17
 ._device.static.1_40_
                0x0000000010007464       0xa8 zephyr/drivers/mfd/libdrivers__mfd.a(mfd_nxp_lp_flexcomm.c.obj)
                0x0000000010007464                __device_dts_ord_180
                0x0000000010007480                __device_dts_ord_176
                0x000000001000749c                __device_dts_ord_168
                0x00000000100074b8                __device_dts_ord_164
                0x00000000100074d4                __device_dts_ord_159
                0x00000000100074f0                __device_dts_ord_155
 ._device.static.1_40_
                0x000000001000750c       0xa8 zephyr/drivers/pinctrl/libdrivers__pinctrl.a(pinctrl_nxp_port.c.obj)
                0x000000001000750c                __device_dts_ord_100
                0x0000000010007528                __device_dts_ord_193
                0x0000000010007544                __device_dts_ord_102
                0x0000000010007560                __device_dts_ord_222
                0x000000001000757c                __device_dts_ord_23
                0x0000000010007598                __device_dts_ord_18
 ._device.static.1_50_
                0x00000000100075b4       0x38 zephyr/drivers/serial/libdrivers__serial.a(uart_mcux_lpuart.c.obj)
                0x00000000100075b4                __device_dts_ord_170
                0x00000000100075d0                __device_dts_ord_160
 ._device.static.3_40_
                0x00000000100075ec       0xa8 zephyr/drivers/gpio/libdrivers__gpio.a(gpio_mcux.c.obj)
                0x00000000100075ec                __device_dts_ord_101
                0x0000000010007608                __device_dts_ord_194
                0x0000000010007624                __device_dts_ord_103
                0x0000000010007640                __device_dts_ord_223
                0x000000001000765c                __device_dts_ord_24
                0x0000000010007678                __device_dts_ord_19
 ._device.static.3_50_
                0x0000000010007694       0x54 zephyr/drivers/i2c/libdrivers__i2c.a(i2c_mcux_lpi2c.c.obj)
                0x0000000010007694                __device_dts_ord_181
                0x00000000100076b0                __device_dts_ord_165
                0x00000000100076cc                __device_dts_ord_162
 ._device.static.3_50_
                0x00000000100076e8       0x1c modules/temp-sensor/drivers/temp-sensor/lib..__zephyr-projects__zephyr-driver__temp-sensor__drivers__temp-sensor.a(temp-sensor.c.obj)
                0x00000000100076e8                __device_dts_ord_163
 *(SORT_BY_NAME(SORT_BY_ALIGNMENT(._device.static.*_???_*)))
 *(SORT_BY_NAME(SORT_BY_ALIGNMENT(._device.static.*_????_*)))
 *(SORT_BY_NAME(SORT_BY_ALIGNMENT(._device.static.*_?????_*)))
                0x0000000010007704                _device_list_end = .

sw_isr_table    0x0000000010007704      0x4e0
                0x0000000010007704                . = ALIGN (0x4)
 *(SORT_BY_ALIGNMENT(.gnu.linkonce.sw_isr_table*))
 .gnu.linkonce.sw_isr_table
                0x0000000010007704      0x4e0 zephyr/arch/common/libisr_tables.a(isr_tables.c.obj)
                0x0000000010007704                _sw_isr_table

initlevel_error
                0x0000000010007368        0x0
 *(SORT_BY_NAME(SORT_BY_ALIGNMENT(.z_init_*)))
                0x0000000000000001                ASSERT ((SIZEOF (initlevel_error) == 0x0), Undefined initialization levels used.)

app_shmem_regions
                0x0000000010007be4        0x0
                0x0000000010007be4                __app_shmem_regions_start = .
 *(SORT_BY_NAME(SORT_BY_ALIGNMENT(.app_regions.*)))
                0x0000000010007be4                __app_shmem_regions_end = .

k_p4wq_initparam_area
                0x0000000010007be4        0x0
                0x0000000010007be4                _k_p4wq_initparam_list_start = .
 *(SORT_BY_NAME(SORT_BY_ALIGNMENT(._k_p4wq_initparam.static.*)))
                0x0000000010007be4                _k_p4wq_initparam_list_end = .

_static_thread_data_area
                0x0000000010007be4        0x0
                0x0000000010007be4                __static_thread_data_list_start = .
 *(SORT_BY_NAME(SORT_BY_ALIGNMENT(.__static_thread_data.static.*)))
                0x0000000010007be4                __static_thread_data_list_end = .

device_deps     0x0000000010007be4        0x0
                0x0000000010007be4                __device_deps_start = .
 *(SORT_BY_NAME(SORT_BY_ALIGNMENT(.__device_deps_pass2*)))
                0x0000000010007be4                __device_deps_end = .

gpio_driver_api_area
                0x0000000010007be4       0x24
                0x0000000010007be4                _gpio_driver_api_list_start = .
 *(SORT_BY_NAME(SORT_BY_ALIGNMENT(._gpio_driver_api.static.*)))
 ._gpio_driver_api.static.gpio_mcux_driver_api_
                0x0000000010007be4       0x24 zephyr/drivers/gpio/libdrivers__gpio.a(gpio_mcux.c.obj)
                0x0000000010007c08                _gpio_driver_api_list_end = .

i2c_driver_api_area
                0x0000000010007c08       0x18
                0x0000000010007c08                _i2c_driver_api_list_start = .
 *(SORT_BY_NAME(SORT_BY_ALIGNMENT(._i2c_driver_api.static.*)))
 ._i2c_driver_api.static.mcux_lpi2c_driver_api_
                0x0000000010007c08       0x18 zephyr/drivers/i2c/libdrivers__i2c.a(i2c_mcux_lpi2c.c.obj)
                0x0000000010007c20                _i2c_driver_api_list_end = .

i2c_target_driver_api_area
                0x0000000010007c20        0x0
                0x0000000010007c20                _i2c_target_driver_api_list_start = .
 *(SORT_BY_NAME(SORT_BY_ALIGNMENT(._i2c_target_driver_api.static.*)))
                0x0000000010007c20                _i2c_target_driver_api_list_end = .

shared_irq_driver_api_area
                0x0000000010007c20        0x0
                0x0000000010007c20                _shared_irq_driver_api_list_start = .
 *(SORT_BY_NAME(SORT_BY_ALIGNMENT(._shared_irq_driver_api.static.*)))
                0x0000000010007c20                _shared_irq_driver_api_list_end = .

crypto_driver_api_area
                0x0000000010007c20        0x0
                0x0000000010007c20                _crypto_driver_api_list_start = .
 *(SORT_BY_NAME(SORT_BY_ALIGNMENT(._crypto_driver_api.static.*)))
                0x0000000010007c20                _crypto_driver_api_list_end = .

adc_driver_api_area
                0x0000000010007c20        0x0
                0x0000000010007c20                _adc_driver_api_list_start = .
 *(SORT_BY_NAME(SORT_BY_ALIGNMENT(._adc_driver_api.static.*)))
                0x0000000010007c20                _adc_driver_api_list_end = .

auxdisplay_driver_api_area
                0x0000000010007c20        0x0
                0x0000000010007c20                _auxdisplay_driver_api_list_start = .
 *(SORT_BY_NAME(SORT_BY_ALIGNMENT(._auxdisplay_driver_api.static.*)))
                0x0000000010007c20                _auxdisplay_driver_api_list_end = .

bbram_driver_api_area
                0x0000000010007c20        0x0
                0x0000000010007c20                _bbram_driver_api_list_start = .
 *(SORT_BY_NAME(SORT_BY_ALIGNMENT(._bbram_driver_api.static.*)))
                0x0000000010007c20                _bbram_driver_api_list_end = .

bt_hci_driver_api_area
                0x0000000010007c20        0x0
                0x0000000010007c20                _bt_hci_driver_api_list_start = .
 *(SORT_BY_NAME(SORT_BY_ALIGNMENT(._bt_hci_driver_api.static.*)))
                0x0000000010007c20                _bt_hci_driver_api_list_end = .

can_driver_api_area
                0x0000000010007c20        0x0
                0x0000000010007c20                _can_driver_api_list_start = .
 *(SORT_BY_NAME(SORT_BY_ALIGNMENT(._can_driver_api.static.*)))
                0x0000000010007c20                _can_driver_api_list_end = .

cellular_driver_api_area
                0x0000000010007c20        0x0
                0x0000000010007c20                _cellular_driver_api_list_start = .
 *(SORT_BY_NAME(SORT_BY_ALIGNMENT(._cellular_driver_api.static.*)))
                0x0000000010007c20                _cellular_driver_api_list_end = .

charger_driver_api_area
                0x0000000010007c20        0x0
                0x0000000010007c20                _charger_driver_api_list_start = .
 *(SORT_BY_NAME(SORT_BY_ALIGNMENT(._charger_driver_api.static.*)))
                0x0000000010007c20                _charger_driver_api_list_end = .

clock_control_driver_api_area
                0x0000000010007c20       0x1c
                0x0000000010007c20                _clock_control_driver_api_list_start = .
 *(SORT_BY_NAME(SORT_BY_ALIGNMENT(._clock_control_driver_api.static.*)))
 ._clock_control_driver_api.static.mcux_lpc_syscon_api_
                0x0000000010007c20       0x1c zephyr/drivers/clock_control/libdrivers__clock_control.a(clock_control_mcux_syscon.c.obj)
                0x0000000010007c3c                _clock_control_driver_api_list_end = .

comparator_driver_api_area
                0x0000000010007c3c        0x0
                0x0000000010007c3c                _comparator_driver_api_list_start = .
 *(SORT_BY_NAME(SORT_BY_ALIGNMENT(._comparator_driver_api.static.*)))
                0x0000000010007c3c                _comparator_driver_api_list_end = .

coredump_driver_api_area
                0x0000000010007c3c        0x0
                0x0000000010007c3c                _coredump_driver_api_list_start = .
 *(SORT_BY_NAME(SORT_BY_ALIGNMENT(._coredump_driver_api.static.*)))
                0x0000000010007c3c                _coredump_driver_api_list_end = .

counter_driver_api_area
                0x0000000010007c3c        0x0
                0x0000000010007c3c                _counter_driver_api_list_start = .
 *(SORT_BY_NAME(SORT_BY_ALIGNMENT(._counter_driver_api.static.*)))
                0x0000000010007c3c                _counter_driver_api_list_end = .

crc_driver_api_area
                0x0000000010007c3c        0x0
                0x0000000010007c3c                _crc_driver_api_list_start = .
 *(SORT_BY_NAME(SORT_BY_ALIGNMENT(._crc_driver_api.static.*)))
                0x0000000010007c3c                _crc_driver_api_list_end = .

dac_driver_api_area
                0x0000000010007c3c        0x0
                0x0000000010007c3c                _dac_driver_api_list_start = .
 *(SORT_BY_NAME(SORT_BY_ALIGNMENT(._dac_driver_api.static.*)))
                0x0000000010007c3c                _dac_driver_api_list_end = .

dai_driver_api_area
                0x0000000010007c3c        0x0
                0x0000000010007c3c                _dai_driver_api_list_start = .
 *(SORT_BY_NAME(SORT_BY_ALIGNMENT(._dai_driver_api.static.*)))
                0x0000000010007c3c                _dai_driver_api_list_end = .

display_driver_api_area
                0x0000000010007c3c        0x0
                0x0000000010007c3c                _display_driver_api_list_start = .
 *(SORT_BY_NAME(SORT_BY_ALIGNMENT(._display_driver_api.static.*)))
                0x0000000010007c3c                _display_driver_api_list_end = .

dma_driver_api_area
                0x0000000010007c3c        0x0
                0x0000000010007c3c                _dma_driver_api_list_start = .
 *(SORT_BY_NAME(SORT_BY_ALIGNMENT(._dma_driver_api.static.*)))
                0x0000000010007c3c                _dma_driver_api_list_end = .

edac_driver_api_area
                0x0000000010007c3c        0x0
                0x0000000010007c3c                _edac_driver_api_list_start = .
 *(SORT_BY_NAME(SORT_BY_ALIGNMENT(._edac_driver_api.static.*)))
                0x0000000010007c3c                _edac_driver_api_list_end = .

eeprom_driver_api_area
                0x0000000010007c3c        0x0
                0x0000000010007c3c                _eeprom_driver_api_list_start = .
 *(SORT_BY_NAME(SORT_BY_ALIGNMENT(._eeprom_driver_api.static.*)))
                0x0000000010007c3c                _eeprom_driver_api_list_end = .

emul_bbram_driver_api_area
                0x0000000010007c3c        0x0
                0x0000000010007c3c                _emul_bbram_driver_api_list_start = .
 *(SORT_BY_NAME(SORT_BY_ALIGNMENT(._emul_bbram_driver_api.static.*)))
                0x0000000010007c3c                _emul_bbram_driver_api_list_end = .

fuel_gauge_emul_driver_api_area
                0x0000000010007c3c        0x0
                0x0000000010007c3c                _fuel_gauge_emul_driver_api_list_start = .
 *(SORT_BY_NAME(SORT_BY_ALIGNMENT(._fuel_gauge_emul_driver_api.static.*)))
                0x0000000010007c3c                _fuel_gauge_emul_driver_api_list_end = .

emul_sensor_driver_api_area
                0x0000000010007c3c        0x0
                0x0000000010007c3c                _emul_sensor_driver_api_list_start = .
 *(SORT_BY_NAME(SORT_BY_ALIGNMENT(._emul_sensor_driver_api.static.*)))
                0x0000000010007c3c                _emul_sensor_driver_api_list_end = .

entropy_driver_api_area
                0x0000000010007c3c        0x0
                0x0000000010007c3c                _entropy_driver_api_list_start = .
 *(SORT_BY_NAME(SORT_BY_ALIGNMENT(._entropy_driver_api.static.*)))
                0x0000000010007c3c                _entropy_driver_api_list_end = .

espi_driver_api_area
                0x0000000010007c3c        0x0
                0x0000000010007c3c                _espi_driver_api_list_start = .
 *(SORT_BY_NAME(SORT_BY_ALIGNMENT(._espi_driver_api.static.*)))
                0x0000000010007c3c                _espi_driver_api_list_end = .

espi_saf_driver_api_area
                0x0000000010007c3c        0x0
                0x0000000010007c3c                _espi_saf_driver_api_list_start = .
 *(SORT_BY_NAME(SORT_BY_ALIGNMENT(._espi_saf_driver_api.static.*)))
                0x0000000010007c3c                _espi_saf_driver_api_list_end = .

flash_driver_api_area
                0x0000000010007c3c        0x0
                0x0000000010007c3c                _flash_driver_api_list_start = .
 *(SORT_BY_NAME(SORT_BY_ALIGNMENT(._flash_driver_api.static.*)))
                0x0000000010007c3c                _flash_driver_api_list_end = .

fpga_driver_api_area
                0x0000000010007c3c        0x0
                0x0000000010007c3c                _fpga_driver_api_list_start = .
 *(SORT_BY_NAME(SORT_BY_ALIGNMENT(._fpga_driver_api.static.*)))
                0x0000000010007c3c                _fpga_driver_api_list_end = .

fuel_gauge_driver_api_area
                0x0000000010007c3c        0x0
                0x0000000010007c3c                _fuel_gauge_driver_api_list_start = .
 *(SORT_BY_NAME(SORT_BY_ALIGNMENT(._fuel_gauge_driver_api.static.*)))
                0x0000000010007c3c                _fuel_gauge_driver_api_list_end = .

gnss_driver_api_area
                0x0000000010007c3c        0x0
                0x0000000010007c3c                _gnss_driver_api_list_start = .
 *(SORT_BY_NAME(SORT_BY_ALIGNMENT(._gnss_driver_api.static.*)))
                0x0000000010007c3c                _gnss_driver_api_list_end = .

haptics_driver_api_area
                0x0000000010007c3c        0x0
                0x0000000010007c3c                _haptics_driver_api_list_start = .
 *(SORT_BY_NAME(SORT_BY_ALIGNMENT(._haptics_driver_api.static.*)))
                0x0000000010007c3c                _haptics_driver_api_list_end = .

hwspinlock_driver_api_area
                0x0000000010007c3c        0x0
                0x0000000010007c3c                _hwspinlock_driver_api_list_start = .
 *(SORT_BY_NAME(SORT_BY_ALIGNMENT(._hwspinlock_driver_api.static.*)))
                0x0000000010007c3c                _hwspinlock_driver_api_list_end = .

i2s_driver_api_area
                0x0000000010007c3c        0x0
                0x0000000010007c3c                _i2s_driver_api_list_start = .
 *(SORT_BY_NAME(SORT_BY_ALIGNMENT(._i2s_driver_api.static.*)))
                0x0000000010007c3c                _i2s_driver_api_list_end = .

i3c_driver_api_area
                0x0000000010007c3c        0x0
                0x0000000010007c3c                _i3c_driver_api_list_start = .
 *(SORT_BY_NAME(SORT_BY_ALIGNMENT(._i3c_driver_api.static.*)))
                0x0000000010007c3c                _i3c_driver_api_list_end = .

ipm_driver_api_area
                0x0000000010007c3c        0x0
                0x0000000010007c3c                _ipm_driver_api_list_start = .
 *(SORT_BY_NAME(SORT_BY_ALIGNMENT(._ipm_driver_api.static.*)))
                0x0000000010007c3c                _ipm_driver_api_list_end = .

led_driver_api_area
                0x0000000010007c3c        0x0
                0x0000000010007c3c                _led_driver_api_list_start = .
 *(SORT_BY_NAME(SORT_BY_ALIGNMENT(._led_driver_api.static.*)))
                0x0000000010007c3c                _led_driver_api_list_end = .

led_strip_driver_api_area
                0x0000000010007c3c        0x0
                0x0000000010007c3c                _led_strip_driver_api_list_start = .
 *(SORT_BY_NAME(SORT_BY_ALIGNMENT(._led_strip_driver_api.static.*)))
                0x0000000010007c3c                _led_strip_driver_api_list_end = .

lora_driver_api_area
                0x0000000010007c3c        0x0
                0x0000000010007c3c                _lora_driver_api_list_start = .
 *(SORT_BY_NAME(SORT_BY_ALIGNMENT(._lora_driver_api.static.*)))
                0x0000000010007c3c                _lora_driver_api_list_end = .

mbox_driver_api_area
                0x0000000010007c3c        0x0
                0x0000000010007c3c                _mbox_driver_api_list_start = .
 *(SORT_BY_NAME(SORT_BY_ALIGNMENT(._mbox_driver_api.static.*)))
                0x0000000010007c3c                _mbox_driver_api_list_end = .

mdio_driver_api_area
                0x0000000010007c3c        0x0
                0x0000000010007c3c                _mdio_driver_api_list_start = .
 *(SORT_BY_NAME(SORT_BY_ALIGNMENT(._mdio_driver_api.static.*)))
                0x0000000010007c3c                _mdio_driver_api_list_end = .

mipi_dbi_driver_api_area
                0x0000000010007c3c        0x0
                0x0000000010007c3c                _mipi_dbi_driver_api_list_start = .
 *(SORT_BY_NAME(SORT_BY_ALIGNMENT(._mipi_dbi_driver_api.static.*)))
                0x0000000010007c3c                _mipi_dbi_driver_api_list_end = .

mipi_dsi_driver_api_area
                0x0000000010007c3c        0x0
                0x0000000010007c3c                _mipi_dsi_driver_api_list_start = .
 *(SORT_BY_NAME(SORT_BY_ALIGNMENT(._mipi_dsi_driver_api.static.*)))
                0x0000000010007c3c                _mipi_dsi_driver_api_list_end = .

mspi_driver_api_area
                0x0000000010007c3c        0x0
                0x0000000010007c3c                _mspi_driver_api_list_start = .
 *(SORT_BY_NAME(SORT_BY_ALIGNMENT(._mspi_driver_api.static.*)))
                0x0000000010007c3c                _mspi_driver_api_list_end = .

opamp_driver_api_area
                0x0000000010007c3c        0x0
                0x0000000010007c3c                _opamp_driver_api_list_start = .
 *(SORT_BY_NAME(SORT_BY_ALIGNMENT(._opamp_driver_api.static.*)))
                0x0000000010007c3c                _opamp_driver_api_list_end = .

otp_driver_api_area
                0x0000000010007c3c        0x0
                0x0000000010007c3c                _otp_driver_api_list_start = .
 *(SORT_BY_NAME(SORT_BY_ALIGNMENT(._otp_driver_api.static.*)))
                0x0000000010007c3c                _otp_driver_api_list_end = .

peci_driver_api_area
                0x0000000010007c3c        0x0
                0x0000000010007c3c                _peci_driver_api_list_start = .
 *(SORT_BY_NAME(SORT_BY_ALIGNMENT(._peci_driver_api.static.*)))
                0x0000000010007c3c                _peci_driver_api_list_end = .

ps2_driver_api_area
                0x0000000010007c3c        0x0
                0x0000000010007c3c                _ps2_driver_api_list_start = .
 *(SORT_BY_NAME(SORT_BY_ALIGNMENT(._ps2_driver_api.static.*)))
                0x0000000010007c3c                _ps2_driver_api_list_end = .

ptp_clock_driver_api_area
                0x0000000010007c3c        0x0
                0x0000000010007c3c                _ptp_clock_driver_api_list_start = .
 *(SORT_BY_NAME(SORT_BY_ALIGNMENT(._ptp_clock_driver_api.static.*)))
                0x0000000010007c3c                _ptp_clock_driver_api_list_end = .

pwm_driver_api_area
                0x0000000010007c3c        0x0
                0x0000000010007c3c                _pwm_driver_api_list_start = .
 *(SORT_BY_NAME(SORT_BY_ALIGNMENT(._pwm_driver_api.static.*)))
                0x0000000010007c3c                _pwm_driver_api_list_end = .

regulator_parent_driver_api_area
                0x0000000010007c3c        0x0
                0x0000000010007c3c                _regulator_parent_driver_api_list_start = .
 *(SORT_BY_NAME(SORT_BY_ALIGNMENT(._regulator_parent_driver_api.static.*)))
                0x0000000010007c3c                _regulator_parent_driver_api_list_end = .

regulator_driver_api_area
                0x0000000010007c3c        0x0
                0x0000000010007c3c                _regulator_driver_api_list_start = .
 *(SORT_BY_NAME(SORT_BY_ALIGNMENT(._regulator_driver_api.static.*)))
                0x0000000010007c3c                _regulator_driver_api_list_end = .

reset_driver_api_area
                0x0000000010007c3c        0x0
                0x0000000010007c3c                _reset_driver_api_list_start = .
 *(SORT_BY_NAME(SORT_BY_ALIGNMENT(._reset_driver_api.static.*)))
                0x0000000010007c3c                _reset_driver_api_list_end = .

retained_mem_driver_api_area
                0x0000000010007c3c        0x0
                0x0000000010007c3c                _retained_mem_driver_api_list_start = .
 *(SORT_BY_NAME(SORT_BY_ALIGNMENT(._retained_mem_driver_api.static.*)))
                0x0000000010007c3c                _retained_mem_driver_api_list_end = .

rtc_driver_api_area
                0x0000000010007c3c        0x0
                0x0000000010007c3c                _rtc_driver_api_list_start = .
 *(SORT_BY_NAME(SORT_BY_ALIGNMENT(._rtc_driver_api.static.*)))
                0x0000000010007c3c                _rtc_driver_api_list_end = .

sdhc_driver_api_area
                0x0000000010007c3c        0x0
                0x0000000010007c3c                _sdhc_driver_api_list_start = .
 *(SORT_BY_NAME(SORT_BY_ALIGNMENT(._sdhc_driver_api.static.*)))
                0x0000000010007c3c                _sdhc_driver_api_list_end = .

sensor_driver_api_area
                0x0000000010007c3c        0x0
                0x0000000010007c3c                _sensor_driver_api_list_start = .
 *(SORT_BY_NAME(SORT_BY_ALIGNMENT(._sensor_driver_api.static.*)))
                0x0000000010007c3c                _sensor_driver_api_list_end = .

smbus_driver_api_area
                0x0000000010007c3c        0x0
                0x0000000010007c3c                _smbus_driver_api_list_start = .
 *(SORT_BY_NAME(SORT_BY_ALIGNMENT(._smbus_driver_api.static.*)))
                0x0000000010007c3c                _smbus_driver_api_list_end = .

spi_driver_api_area
                0x0000000010007c3c        0x0
                0x0000000010007c3c                _spi_driver_api_list_start = .
 *(SORT_BY_NAME(SORT_BY_ALIGNMENT(._spi_driver_api.static.*)))
                0x0000000010007c3c                _spi_driver_api_list_end = .

stepper_driver_api_area
                0x0000000010007c3c        0x0
                0x0000000010007c3c                _stepper_driver_api_list_start = .
 *(SORT_BY_NAME(SORT_BY_ALIGNMENT(._stepper_driver_api.static.*)))
                0x0000000010007c3c                _stepper_driver_api_list_end = .

stepper_drv_driver_api_area
                0x0000000010007c3c        0x0
                0x0000000010007c3c                _stepper_drv_driver_api_list_start = .
 *(SORT_BY_NAME(SORT_BY_ALIGNMENT(._stepper_drv_driver_api.static.*)))
                0x0000000010007c3c                _stepper_drv_driver_api_list_end = .

syscon_driver_api_area
                0x0000000010007c3c        0x0
                0x0000000010007c3c                _syscon_driver_api_list_start = .
 *(SORT_BY_NAME(SORT_BY_ALIGNMENT(._syscon_driver_api.static.*)))
                0x0000000010007c3c                _syscon_driver_api_list_end = .

tee_driver_api_area
                0x0000000010007c3c        0x0
                0x0000000010007c3c                _tee_driver_api_list_start = .
 *(SORT_BY_NAME(SORT_BY_ALIGNMENT(._tee_driver_api.static.*)))
                0x0000000010007c3c                _tee_driver_api_list_end = .

video_driver_api_area
                0x0000000010007c3c        0x0
                0x0000000010007c3c                _video_driver_api_list_start = .
 *(SORT_BY_NAME(SORT_BY_ALIGNMENT(._video_driver_api.static.*)))
                0x0000000010007c3c                _video_driver_api_list_end = .

virtio_driver_api_area
                0x0000000010007c3c        0x0
                0x0000000010007c3c                _virtio_driver_api_list_start = .
 *(SORT_BY_NAME(SORT_BY_ALIGNMENT(._virtio_driver_api.static.*)))
                0x0000000010007c3c                _virtio_driver_api_list_end = .

w1_driver_api_area
                0x0000000010007c3c        0x0
                0x0000000010007c3c                _w1_driver_api_list_start = .
 *(SORT_BY_NAME(SORT_BY_ALIGNMENT(._w1_driver_api.static.*)))
                0x0000000010007c3c                _w1_driver_api_list_end = .

wdt_driver_api_area
                0x0000000010007c3c        0x0
                0x0000000010007c3c                _wdt_driver_api_list_start = .
 *(SORT_BY_NAME(SORT_BY_ALIGNMENT(._wdt_driver_api.static.*)))
                0x0000000010007c3c                _wdt_driver_api_list_end = .

can_transceiver_driver_api_area
                0x0000000010007c3c        0x0