Archive member included to satisfy reference by file (symbol)

app/libapp.a(main.c.obj)      (--whole-archive)
app/libapp.a(fs_cmd.c.obj)    (--whole-archive)
app/libapp.a(console_cmd.c.obj)
                              (--whole-archive)
zephyr/libzephyr.a(validate_libc.c.obj)
                              (--whole-archive)
zephyr/libzephyr.a(heap.c.obj)
                              (--whole-archive)
zephyr/libzephyr.a(cbprintf_packaged.c.obj)
                              (--whole-archive)
zephyr/libzephyr.a(clock.c.obj)
                              (--whole-archive)
zephyr/libzephyr.a(printk.c.obj)
                              (--whole-archive)
zephyr/libzephyr.a(sem.c.obj)
                              (--whole-archive)
zephyr/libzephyr.a(thread_entry.c.obj)
                              (--whole-archive)
zephyr/libzephyr.a(cbprintf_complete.c.obj)
                              (--whole-archive)
zephyr/libzephyr.a(assert.c.obj)
                              (--whole-archive)
zephyr/libzephyr.a(dec.c.obj)
                              (--whole-archive)
zephyr/libzephyr.a(hex.c.obj)
                              (--whole-archive)
zephyr/libzephyr.a(rb.c.obj)  (--whole-archive)
zephyr/libzephyr.a(timeutil.c.obj)
                              (--whole-archive)
zephyr/libzephyr.a(bitarray.c.obj)
                              (--whole-archive)
zephyr/libzephyr.a(bitmask.c.obj)
                              (--whole-archive)
zephyr/libzephyr.a(getopt.c.obj)
                              (--whole-archive)
zephyr/libzephyr.a(getopt_common.c.obj)
                              (--whole-archive)
zephyr/libzephyr.a(ring_buffer.c.obj)
                              (--whole-archive)
zephyr/libzephyr.a(last_section_id.c.obj)
                              (--whole-archive)
zephyr/libzephyr.a(configs.c.obj)
                              (--whole-archive)
zephyr/libzephyr.a(soc.c.obj)
                              (--whole-archive)
zephyr/libzephyr.a(flash_clock_setup.c.obj)
                              (--whole-archive)
zephyr/libzephyr.a(mem_attr.c.obj)
                              (--whole-archive)
zephyr/libzephyr.a(flash_map.c.obj)
                              (--whole-archive)
zephyr/libzephyr.a(flash_map_default.c.obj)
                              (--whole-archive)
zephyr/libzephyr.a(flash_map_layout.c.obj)
                              (--whole-archive)
zephyr/libzephyr.a(tracing_none.c.obj)
                              (--whole-archive)
zephyr/libzephyr.a(kernel_shell.c.obj)
                              (--whole-archive)
zephyr/libzephyr.a(cycles.c.obj)
                              (--whole-archive)
zephyr/libzephyr.a(sleep.c.obj)
                              (--whole-archive)
zephyr/libzephyr.a(uptime.c.obj)
                              (--whole-archive)
zephyr/libzephyr.a(version.c.obj)
                              (--whole-archive)
zephyr/libzephyr.a(thread.c.obj)
                              (--whole-archive)
zephyr/libzephyr.a(list.c.obj)
                              (--whole-archive)
zephyr/libzephyr.a(stacks.c.obj)
                              (--whole-archive)
zephyr/libzephyr.a(suspend.c.obj)
                              (--whole-archive)
zephyr/libzephyr.a(resume.c.obj)
                              (--whole-archive)
zephyr/libzephyr.a(kill.c.obj)
                              (--whole-archive)
zephyr/libzephyr.a(device_service.c.obj)
                              (--whole-archive)
zephyr/libzephyr.a(date_service.c.obj)
                              (--whole-archive)
zephyr/libzephyr.a(devmem_service.c.obj)
                              (--whole-archive)
zephyr/libzephyr.a(shell_uart.c.obj)
                              (--whole-archive)
zephyr/libzephyr.a(shell.c.obj)
                              (--whole-archive)
zephyr/libzephyr.a(shell_fprintf.c.obj)
                              (--whole-archive)
zephyr/libzephyr.a(shell_utils.c.obj)
                              (--whole-archive)
zephyr/libzephyr.a(shell_ops.c.obj)
                              (--whole-archive)
zephyr/libzephyr.a(shell_help.c.obj)
                              (--whole-archive)
zephyr/libzephyr.a(shell_cmds.c.obj)
                              (--whole-archive)
zephyr/libzephyr.a(shell_history.c.obj)
                              (--whole-archive)
zephyr/libzephyr.a(shell_wildcard.c.obj)
                              (--whole-archive)
zephyr/libzephyr.a(flash_util.c.obj)
                              (--whole-archive)
zephyr/arch/common/libarch__common.a(sw_isr_common.c.obj)
                              (--whole-archive)
zephyr/arch/common/libarch__common.a(init.c.obj)
                              (--whole-archive)
zephyr/arch/common/libarch__common.a(xip.c.obj)
                              (--whole-archive)
zephyr/arch/arch/arm/core/libarch__arm__core.a(fatal.c.obj)
                              (--whole-archive)
zephyr/arch/arch/arm/core/libarch__arm__core.a(nmi.c.obj)
[...]
Memory Configuration

Name             Origin             Length             Attributes
FLASH            0x0000000010000000 0x0000000000200000 xr
RAM              0x0000000030000000 0x0000000000050000 xw
SRAMX            0x0000000014000000 0x0000000000018000 rw
IDT_LIST         0x00000000ffff7fff 0x0000000000008000 xw
*default*        0x0000000000000000 0xffffffffffffffff

Linker script and memory map

                0x000000001000c304                vfprintf = __l_vfprintf
                0x0000000000000000                vfscanf = __l_vfscanf
LOAD zephyr/CMakeFiles/zephyr_final.dir/misc/empty_file.c.obj
LOAD zephyr/CMakeFiles/zephyr_final.dir/isr_tables.c.obj
LOAD zephyr/CMakeFiles/offsets.dir/./arch/arm/core/offsets/offsets.c.obj
LOAD app/libapp.a
LOAD zephyr/libzephyr.a
LOAD zephyr/arch/common/libarch__common.a
LOAD zephyr/arch/arch/arm/core/libarch__arm__core.a
LOAD zephyr/arch/arch/arm/core/cortex_m/libarch__arm__core__cortex_m.a
LOAD zephyr/arch/arch/arm/core/cortex_m/cmse/libarch__arm__core__cortex_m__cmse.a
LOAD zephyr/arch/arch/arm/core/mpu/libarch__arm__core__mpu.a
LOAD zephyr/lib/libc/picolibc/liblib__libc__picolibc.a
LOAD zephyr/lib/libc/common/liblib__libc__common.a
LOAD zephyr/lib/posix/c_lib_ext/liblib__posix__c_lib_ext.a
LOAD zephyr/boards/nxp/frdm_mcxn947/libboards__nxp__frdm_mcxn947.a
LOAD zephyr/subsys/fs/libsubsys__fs.a
LOAD zephyr/subsys/crc/libsubsys__crc.a
LOAD zephyr/drivers/clock_control/libdrivers__clock_control.a
LOAD zephyr/drivers/console/libdrivers__console.a
LOAD zephyr/drivers/flash/libdrivers__flash.a
LOAD zephyr/drivers/gpio/libdrivers__gpio.a
LOAD zephyr/drivers/memc/libdrivers__memc.a
LOAD zephyr/drivers/mfd/libdrivers__mfd.a
LOAD zephyr/drivers/pinctrl/libdrivers__pinctrl.a
LOAD zephyr/drivers/serial/libdrivers__serial.a
LOAD zephyr/drivers/timer/libdrivers__timer.a
LOAD modules/hal_nxp/libmodules__hal_nxp.a
LOAD modules/littlefs/libmodules__littlefs.a
LOAD zephyr/kernel/libkernel.a
LOAD zephyr/arch/common/libisr_tables.a
LOAD /home/bionet-caleb/zephyr-sdk-0.17.4/arm-zephyr-eabi/bin/../lib/gcc/../../picolibc/arm-zephyr-eabi/lib/thumb/v8-m.main/nofp/libc.a
LOAD /home/bionet-caleb/zephyr-sdk-0.17.4/arm-zephyr-eabi/bin/../lib/gcc/arm-zephyr-eabi/12.2.0/thumb/v8-m.main/nofp/libgcc.a
                0x0000000000000020                _region_min_align = 0x20

.rel.plt        0x0000000010000000        0x0
 *(SORT_BY_ALIGNMENT(.rel.plt))
                [!provide]                        PROVIDE (__rel_iplt_start = .)
 *(SORT_BY_ALIGNMENT(.rel.iplt))
 .rel.iplt      0x0000000010000000        0x0 zephyr/CMakeFiles/zephyr_final.dir/isr_tables.c.obj
                [!provide]                        PROVIDE (__rel_iplt_end = .)

.rela.plt       0x0000000000000000        0x0
 *(SORT_BY_ALIGNMENT(.rela.plt))
                [!provide]                        PROVIDE (__rela_iplt_start = .)
 *(SORT_BY_ALIGNMENT(.rela.iplt))
                [!provide]                        PROVIDE (__rela_iplt_end = .)

.rel.dyn
 *(SORT_BY_ALIGNMENT(.rel.*))

.rela.dyn
 *(SORT_BY_ALIGNMENT(.rela.*))

/DISCARD/
 *(SORT_BY_ALIGNMENT(.plt))

/DISCARD/
 *(SORT_BY_ALIGNMENT(.iplt))
                0x0000000010000000                __rom_region_start = 0x10000000

rom_start       0x0000000010000000      0x2b0
                0x0000000010000000                __rom_start_address = .
 FILL mask 0x00
                0x0000000010000000                . = (. + (0x0 - (. - __rom_start_address)))
                0x0000000010000000                . = ALIGN (0x4)
                0x0000000010000000                . = ALIGN (0x80)
                0x0000000010000000                . = ALIGN (0x400)
                0x0000000010000000                _vector_start = .
 *(SORT_BY_ALIGNMENT(.exc_vector_table))
 *(SORT_BY_ALIGNMENT(.exc_vector_table.*))
 .exc_vector_table._vector_table_section
                0x0000000010000000       0x40 zephyr/arch/arch/arm/core/cortex_m/libarch__arm__core__cortex_m.a(vector_table.S.obj)
                0x0000000010000000                _vector_table
 *(SORT_BY_ALIGNMENT(.vectors))
                0x00000000100002b0                _vector_end = .
                0x0000000010000040                . = ALIGN (0x4)
 *(SORT_BY_ALIGNMENT(.gnu.linkonce.irq_vector_table*))
 .gnu.linkonce.irq_vector_table
                0x0000000010000040      0x270 zephyr/CMakeFiles/zephyr_final.dir/isr_tables.c.obj
                0x0000000010000040                _irq_vector_table
                0x00000000100002b0                _vector_end = .

text            0x00000000100002b0    0x11a28
                0x00000000100002b0                __text_region_start = .
 *(SORT_BY_ALIGNMENT(.text))
 .text          0x00000000100002b0      0x378 /home/bionet-caleb/zephyr-sdk-0.17.4/arm-zephyr-eabi/bin/../lib/gcc/arm-zephyr-eabi/12.2.0/thumb/v8-m.main/nofp/libgcc.a(_arm_addsubdf3.o)
                0x00000000100002b0                __aeabi_drsub
                0x00000000100002b8                __aeabi_dsub
                0x00000000100002b8                __subdf3
                0x00000000100002bc                __adddf3
                0x00000000100002bc                __aeabi_dadd
                0x0000000010000534                __aeabi_ui2d
                0x0000000010000534                __floatunsidf
                0x0000000010000554                __floatsidf
                0x0000000010000554                __aeabi_i2d
                0x0000000010000578                __extendsfdf2
                0x0000000010000578                __aeabi_f2d
                0x00000000100005bc                __aeabi_ul2d
                0x00000000100005bc                __floatundidf
                0x00000000100005cc                __floatdidf
                0x00000000100005cc                __aeabi_l2d
 .text          0x0000000010000628      0x424 /home/bionet-caleb/zephyr-sdk-0.17.4/arm-zephyr-eabi/bin/../lib/gcc/arm-zephyr-eabi/12.2.0/thumb/v8-m.main/nofp/libgcc.a(_arm_muldivdf3.o)
                0x0000000010000628                __aeabi_dmul
                0x0000000010000628                __muldf3
                0x000000001000087c                __aeabi_ddiv
                0x000000001000087c                __divdf3
 .text          0x0000000010000a4c      0x21c /home/bionet-caleb/zephyr-sdk-0.17.4/arm-zephyr-eabi/bin/../lib/gcc/arm-zephyr-eabi/12.2.0/thumb/v8-m.main/nofp/libgcc.a(_arm_addsubsf3.o)
                0x0000000010000a4c                __aeabi_frsub
                0x0000000010000a54                __subsf3
                0x0000000010000a54                __aeabi_fsub
                0x0000000010000a58                __aeabi_fadd
                0x0000000010000a58                __addsf3
                0x0000000010000bb8                __aeabi_ui2f
                0x0000000010000bb8                __floatunsisf
                0x0000000010000bc0                __aeabi_i2f
                0x0000000010000bc0                __floatsisf
                0x0000000010000bdc                __floatundisf
                0x0000000010000bdc                __aeabi_ul2f
                0x0000000010000bec                __floatdisf
                0x0000000010000bec                __aeabi_l2f
 .text          0x0000000010000c68      0x2a0 /home/bionet-caleb/zephyr-sdk-0.17.4/arm-zephyr-eabi/bin/../lib/gcc/arm-zephyr-eabi/12.2.0/thumb/v8-m.main/nofp/libgcc.a(_arm_muldivsf3.o)
                0x0000000010000c68                __mulsf3
                0x0000000010000c68                __aeabi_fmul
                0x0000000010000dd0                __divsf3
                0x0000000010000dd0                __aeabi_fdiv
 .text          0x0000000010000f08       0x40 /home/bionet-caleb/zephyr-sdk-0.17.4/arm-zephyr-eabi/bin/../lib/gcc/arm-zephyr-eabi/12.2.0/thumb/v8-m.main/nofp/libgcc.a(_arm_fixunssfsi.o)
                0x0000000010000f08                __aeabi_f2uiz
                0x0000000010000f08                __fixunssfsi
 .text          0x0000000010000f48       0xa0 /home/bionet-caleb/zephyr-sdk-0.17.4/arm-zephyr-eabi/bin/../lib/gcc/arm-zephyr-eabi/12.2.0/thumb/v8-m.main/nofp/libgcc.a(_aeabi_ldivmod.o)
                0x0000000010000f48                __aeabi_ldivmod
 .text          0x0000000010000fe8       0x30 /home/bionet-caleb/zephyr-sdk-0.17.4/arm-zephyr-eabi/bin/../lib/gcc/arm-zephyr-eabi/12.2.0/thumb/v8-m.main/nofp/libgcc.a(_aeabi_uldivmod.o)
                0x0000000010000fe8                __aeabi_uldivmod
 .text          0x0000000010001018       0x40 /home/bionet-caleb/zephyr-sdk-0.17.4/arm-zephyr-eabi/bin/../lib/gcc/arm-zephyr-eabi/12.2.0/thumb/v8-m.main/nofp/libgcc.a(_fixunssfdi.o)
                0x0000000010001018                __aeabi_f2ulz
                0x0000000010001018                __fixunssfdi
 .text          0x0000000010001058        0x4 /home/bionet-caleb/zephyr-sdk-0.17.4/arm-zephyr-eabi/bin/../lib/gcc/arm-zephyr-eabi/12.2.0/thumb/v8-m.main/nofp/libgcc.a(_dvmd_tls.o)
                0x0000000010001058                __aeabi_ldiv0
                0x0000000010001058                __aeabi_idiv0
 .text          0x000000001000105c       0x40 /home/bionet-caleb/zephyr-sdk-0.17.4/arm-zephyr-eabi/bin/../lib/gcc/arm-zephyr-eabi/12.2.0/thumb/v8-m.main/nofp/libgcc.a(_arm_fixunsdfsi.o)
                0x000000001000105c                __fixunsdfsi
                0x000000001000105c                __aeabi_d2uiz
 .text          0x000000001000109c       0x14 /home/bionet-caleb/zephyr-sdk-0.17.4/arm-zephyr-eabi/bin/../lib/gcc/../../picolibc/arm-zephyr-eabi/lib/thumb/v8-m.main/nofp/libc.a(strcmp.S.o)
                0x000000001000109c                strcmp
 .text          0x00000000100010b0       0x10 /home/bionet-caleb/zephyr-sdk-0.17.4/arm-zephyr-eabi/bin/../lib/gcc/../../picolibc/arm-zephyr-eabi/lib/thumb/v8-m.main/nofp/libc.a(strcpy.S.o)
                0x00000000100010b0                strcpy
 .text          0x00000000100010c0       0x10 /home/bionet-caleb/zephyr-sdk-0.17.4/arm-zephyr-eabi/bin/../lib/gcc/../../picolibc/arm-zephyr-eabi/lib/thumb/v8-m.main/nofp/libc.a(strlen.S.o)
                0x00000000100010c0                strlen
 .text          0x00000000100010d0       0x26 /home/bionet-caleb/zephyr-sdk-0.17.4/arm-zephyr-eabi/bin/../lib/gcc/arm-zephyr-eabi/12.2.0/thumb/v8-m.main/nofp/libgcc.a(_popcountsi2.o)
                0x00000000100010d0                __popcountsi2
 .text          0x00000000100010f6      0x29c /home/bionet-caleb/zephyr-sdk-0.17.4/arm-zephyr-eabi/bin/../lib/gcc/arm-zephyr-eabi/12.2.0/thumb/v8-m.main/nofp/libgcc.a(_udivmoddi4.o)
                0x00000000100010f6                __udivmoddi4
 *(SORT_BY_ALIGNMENT(.text.*))
 *fill*         0x0000000010001392        0x6 
 .text.cmd_kernel_uptime
                0x0000000010001398       0xe0 zephyr/libzephyr.a(uptime.c.obj)
 .text.fs_find_path.constprop.0
                0x0000000010001478       0xe8 app/libapp.a(fs_cmd.c.obj)
 .text.unmount_and_quit
                0x0000000010001560       0x24 app/libapp.a(fs_cmd.c.obj)
                0x0000000010001560                unmount_and_quit
 .text.init_fs  0x0000000010001584       0xa4 app/libapp.a(fs_cmd.c.obj)
                0x0000000010001584                init_fs
 .text.fs_cmd_ls
                0x0000000010001628       0x9c app/libapp.a(fs_cmd.c.obj)
                0x0000000010001628                fs_cmd_ls
 .text.fs_cmd_mkdir
                0x00000000100016c4       0x50 app/libapp.a(fs_cmd.c.obj)
                0x00000000100016c4                fs_cmd_mkdir
 .text.fs_cmd_rm
                0x0000000010001714       0x48 app/libapp.a(fs_cmd.c.obj)
                0x0000000010001714                fs_cmd_rm
 .text.fs_cmd_cd
                0x000000001000175c       0x6c app/libapp.a(fs_cmd.c.obj)
                0x000000001000175c                fs_cmd_cd
 .text.fs_cmd_touch
                0x00000000100017c8       0x84 app/libapp.a(fs_cmd.c.obj)
                0x00000000100017c8                fs_cmd_touch
 .text.fs_cmd_read
                0x000000001000184c       0x7c app/libapp.a(fs_cmd.c.obj)
                0x000000001000184c                fs_cmd_read
 .text.fs_cmd_write
                0x00000000100018c8       0x6c app/libapp.a(fs_cmd.c.obj)
                0x00000000100018c8                fs_cmd_write
 .text.console_cmd_mkdir
                0x0000000010001934       0x20 app/libapp.a(console_cmd.c.obj)
                0x0000000010001934                console_cmd_mkdir
 .text.console_cmd_rm
                0x0000000010001954       0x20 app/libapp.a(console_cmd.c.obj)
                0x0000000010001954                console_cmd_rm
 .text.console_cmd_cd
                0x0000000010001974       0x30 app/libapp.a(console_cmd.c.obj)
                0x0000000010001974                console_cmd_cd
 .text.console_cmd_exit
                0x00000000100019a4       0x28 app/libapp.a(console_cmd.c.obj)
                0x00000000100019a4                console_cmd_exit
 .text.console_cmd_touch
                0x00000000100019cc       0x44 app/libapp.a(console_cmd.c.obj)
                0x00000000100019cc                console_cmd_touch
 .text.console_cmd_read
                0x0000000010001a10       0x48 app/libapp.a(console_cmd.c.obj)
                0x0000000010001a10                console_cmd_read
 .text.console_cmd_write
                0x0000000010001a58       0xa4 app/libapp.a(console_cmd.c.obj)
                0x0000000010001a58                console_cmd_write
 .text.z_impl_sys_clock_getrtoffset
                0x0000000010001afc       0x28 zephyr/libzephyr.a(clock.c.obj)
                0x0000000010001afc                z_impl_sys_clock_getrtoffset
 .text.sys_clock_gettime
                0x0000000010001b24       0x6c zephyr/libzephyr.a(clock.c.obj)
                0x0000000010001b24                sys_clock_gettime
 .text.z_impl_sys_clock_settime
                0x0000000010001b90       0x78 zephyr/libzephyr.a(clock.c.obj)
                0x0000000010001b90                z_impl_sys_clock_settime
 .text.char_out
                0x0000000010001c08        0xc zephyr/libzephyr.a(printk.c.obj)
 .text.__printk_hook_install
                0x0000000010001c14        0xc zephyr/libzephyr.a(printk.c.obj)
                0x0000000010001c14                __printk_hook_install
 .text.vprintk  0x0000000010001c20       0x30 zephyr/libzephyr.a(printk.c.obj)
                0x0000000010001c20                vprintk
 .text.z_thread_entry
                0x0000000010001c50       0x34 zephyr/libzephyr.a(thread_entry.c.obj)
                0x0000000010001c50                z_thread_entry
 .text.timeutil_timegm64
                0x0000000010001c84       0xe8 zephyr/libzephyr.a(timeutil.c.obj)
                0x0000000010001c84                timeutil_timegm64
 .text.timeutil_timegm
                0x0000000010001d6c       0x20 zephyr/libzephyr.a(timeutil.c.obj)
                0x0000000010001d6c                timeutil_timegm
 .text.timespec_normalize
                0x0000000010001d8c       0x8c zephyr/libzephyr.a(timeutil.c.obj)
                0x0000000010001d8c                timespec_normalize
 .text.sys_getopt_init
                0x0000000010001e18       0x48 zephyr/libzephyr.a(getopt.c.obj)
                0x0000000010001e18                sys_getopt_init
 .text.sys_getopt
                0x0000000010001e60       0xf8 zephyr/libzephyr.a(getopt.c.obj)
                0x0000000010001e60                sys_getopt
 .text.z_getopt_global_state_update
                0x0000000010001f58       0x38 zephyr/libzephyr.a(getopt_common.c.obj)
                0x0000000010001f58                z_getopt_global_state_update
 .text.sys_getopt_state_get
                0x0000000010001f90        0x8 zephyr/libzephyr.a(getopt_common.c.obj)
                0x0000000010001f90                sys_getopt_state_get
 .text.flexspi_clock_set_freq
                0x0000000010001f98       0x2c zephyr/libzephyr.a(flash_clock_setup.c.obj)
                0x0000000010001f98                flexspi_clock_set_freq
 .text.mem_attr_get_regions
                0x0000000010001fc4        0xc zephyr/libzephyr.a(mem_attr.c.obj)
                0x0000000010001fc4                mem_attr_get_regions
 .text.flash_area_open
                0x0000000010001fd0       0x4c zephyr/libzephyr.a(flash_map.c.obj)
                0x0000000010001fd0                flash_area_open
 .text.cmd_kernel_cycles
                0x000000001000201c       0x1c zephyr/libzephyr.a(cycles.c.obj)
 .text.cmd_kernel_sleep
                0x0000000010002038       0x40 zephyr/libzephyr.a(sleep.c.obj)
 .text.cmd_kernel_version
                0x0000000010002078       0x18 zephyr/libzephyr.a(version.c.obj)
 .text.z_thread_is_valid
                0x0000000010002090       0x20 zephyr/libzephyr.a(thread.c.obj)
                0x0000000010002090                z_thread_is_valid
 .text.cmd_kernel_thread_list
                0x00000000100020b0       0x34 zephyr/libzephyr.a(list.c.obj)
 .text.shell_tdata_dump
                0x00000000100020e4       0xc0 zephyr/libzephyr.a(list.c.obj)
 .text.cmd_kernel_thread_stacks
                0x00000000100021a4       0x70 zephyr/libzephyr.a(stacks.c.obj)
 .text.shell_stack_dump
                0x0000000010002214       0x60 zephyr/libzephyr.a(stacks.c.obj)
 .text.cmd_kernel_thread_suspend
                0x0000000010002274       0x64 zephyr/libzephyr.a(suspend.c.obj)
 .text.cmd_kernel_thread_resume
                0x00000000100022d8       0x64 zephyr/libzephyr.a(resume.c.obj)
 .text.cmd_kernel_thread_kill
                0x000000001000233c       0x64 zephyr/libzephyr.a(kill.c.obj)
 .text.device_name_lookup
                0x00000000100023a0       0x20 zephyr/libzephyr.a(device_service.c.obj)
 .text.device_name_get_non_ready
                0x00000000100023c0       0x20 zephyr/libzephyr.a(device_service.c.obj)
 .text.cmd_device_init
                0x00000000100023e0       0x64 zephyr/libzephyr.a(device_service.c.obj)
 .text.cmd_device_list
                0x0000000010002444       0xec zephyr/libzephyr.a(device_service.c.obj)
 .text.date_print
                0x0000000010002530       0x2c zephyr/libzephyr.a(date_service.c.obj)
 .text.get_h_m_s
                0x000000001000255c       0x98 zephyr/libzephyr.a(date_service.c.obj)
 .text.cmd_date_set
                0x00000000100025f4      0x10c zephyr/libzephyr.a(date_service.c.obj)
 .text.cmd_devmem
                0x0000000010002700       0xc0 zephyr/libzephyr.a(devmem_service.c.obj)
 .text.cmd_dump
                0x00000000100027c0      0x174 zephyr/libzephyr.a(devmem_service.c.obj)
 .text.set_bypass.isra.0
                0x0000000010002934       0x50 zephyr/libzephyr.a(devmem_service.c.obj)
 .text.bypass_cb
                0x0000000010002984      0x118 zephyr/libzephyr.a(devmem_service.c.obj)
 .text.cmd_load
                0x0000000010002a9c       0xd8 zephyr/libzephyr.a(devmem_service.c.obj)
 .text.enable_shell_uart
                0x0000000010002b74       0x34 zephyr/libzephyr.a(shell_uart.c.obj)
 .text.init     0x0000000010002ba8       0x54 zephyr/libzephyr.a(shell_uart.c.obj)
 .text.shell_backend_uart_get_ptr
                0x0000000010002bfc        0x8 zephyr/libzephyr.a(shell_uart.c.obj)
                0x0000000010002bfc                shell_backend_uart_get_ptr
 .text.shell_internal_help_print
                0x0000000010002c04       0x20 zephyr/libzephyr.a(shell.c.obj)
 .text.kill_handler
                0x0000000010002c24       0x50 zephyr/libzephyr.a(shell.c.obj)
 .text.z_cursor_next_line_move.isra.0
                0x0000000010002c74        0xc zephyr/libzephyr.a(shell.c.obj)
 .text.execute  0x0000000010002c80      0x2b8 zephyr/libzephyr.a(shell.c.obj)
 .text.history_handle
                0x0000000010002f38       0xac zephyr/libzephyr.a(shell.c.obj)
 .text.shell_thread
                0x0000000010002fe4       0x90 zephyr/libzephyr.a(shell.c.obj)
                0x0000000010002fe4                shell_thread
 .text.state_set.constprop.0
                0x0000000010003074       0x4c zephyr/libzephyr.a(shell.c.obj)
 .text.shell_process
                0x00000000100030c0      0x6ac zephyr/libzephyr.a(shell.c.obj)
                0x00000000100030c0                shell_process
 .text.cmd_help
                0x000000001000376c       0x44 zephyr/libzephyr.a(shell.c.obj)
 .text.shell_hexdump_line
                0x00000000100037b0       0xcc zephyr/libzephyr.a(shell.c.obj)
                0x00000000100037b0                shell_hexdump_line
 .text.shell_init
                0x000000001000387c       0xc8 zephyr/libzephyr.a(shell.c.obj)
                0x000000001000387c                shell_init
 .text.z_shell_fprintf_fmt
                0x0000000010003944       0x28 zephyr/libzephyr.a(shell_fprintf.c.obj)
                0x0000000010003944                z_shell_fprintf_fmt
 .text.z_shell_cmd_get
                0x000000001000396c       0x74 zephyr/libzephyr.a(shell_utils.c.obj)
                0x000000001000396c                z_shell_cmd_get
 .text.shell_strtoul
                0x00000000100039e0       0x50 zephyr/libzephyr.a(shell_utils.c.obj)
                0x00000000100039e0                shell_strtoul
 .text.z_clear_eos
                0x0000000010003a30       0x18 zephyr/libzephyr.a(shell_ops.c.obj)
 .text.z_cursor_next_line_move.isra.0
                0x0000000010003a48        0xc zephyr/libzephyr.a(shell_ops.c.obj)
 .text.z_shell_op_cursor_vert_move
                0x0000000010003a54       0x2c zephyr/libzephyr.a(shell_ops.c.obj)
                0x0000000010003a54                z_shell_op_cursor_vert_move
 .text.z_shell_op_cursor_horiz_move
                0x0000000010003a80       0x2c zephyr/libzephyr.a(shell_ops.c.obj)
                0x0000000010003a80                z_shell_op_cursor_horiz_move
 .text.z_shell_print_cmd
                0x0000000010003aac       0x78 zephyr/libzephyr.a(shell_ops.c.obj)
                0x0000000010003aac                z_shell_print_cmd
 .text.z_shell_vt100_color_set
                0x0000000010003b24       0x40 zephyr/libzephyr.a(shell_ops.c.obj)
                0x0000000010003b24                z_shell_vt100_color_set
 .text.z_shell_vt100_colors_restore
                0x0000000010003b64       0x3c zephyr/libzephyr.a(shell_ops.c.obj)
                0x0000000010003b64                z_shell_vt100_colors_restore
 .text.z_shell_op_word_remove
                0x0000000010003ba0       0xc8 zephyr/libzephyr.a(shell_ops.c.obj)
                0x0000000010003ba0                z_shell_op_word_remove
 .text.reprint_from_cursor
                0x0000000010003c68       0xe0 zephyr/libzephyr.a(shell_ops.c.obj)
 .text.z_shell_op_char_insert
                0x0000000010003d48       0x70 zephyr/libzephyr.a(shell_ops.c.obj)
                0x0000000010003d48                z_shell_op_char_insert
 .text.z_shell_print_prompt_and_cmd
                0x0000000010003db8       0x30 zephyr/libzephyr.a(shell_ops.c.obj)
                0x0000000010003db8                z_shell_print_prompt_and_cmd
 .text.z_cursor_next_line_move.isra.0
                0x0000000010003de8        0xc zephyr/libzephyr.a(shell_help.c.obj)
 .text.formatted_structured_help_print
                0x0000000010003df4       0x40 zephyr/libzephyr.a(shell_help.c.obj)
 .text.z_shell_help_subcmd_print
                0x0000000010003e34       0xd0 zephyr/libzephyr.a(shell_help.c.obj)
                0x0000000010003e34                z_shell_help_subcmd_print
 .text.z_shell_help_cmd_print
                0x0000000010003f04       0x64 zephyr/libzephyr.a(shell_help.c.obj)
                0x0000000010003f04                z_shell_help_cmd_print
 .text.z_shell_help_request
                0x0000000010003f68       0x28 zephyr/libzephyr.a(shell_help.c.obj)
                0x0000000010003f68                z_shell_help_request
 .text.cmd_resize_default
                0x0000000010003f90       0x2c zephyr/libzephyr.a(shell_cmds.c.obj)
 .text.cmd_shell_stats_show
                0x0000000010003fbc       0x14 zephyr/libzephyr.a(shell_cmds.c.obj)
 .text.cmd_backends
                0x0000000010003fd0       0x4c zephyr/libzephyr.a(shell_cmds.c.obj)
 .text.cmd_prompt_off
                0x000000001000401c       0x10 zephyr/libzephyr.a(shell_cmds.c.obj)
 .text.cmd_history
                0x000000001000402c       0x40 zephyr/libzephyr.a(shell_cmds.c.obj)
 .text.cmd_get_retval
                0x000000001000406c       0x1c zephyr/libzephyr.a(shell_cmds.c.obj)
 .text.cmd_echo
                0x0000000010004088       0x50 zephyr/libzephyr.a(shell_cmds.c.obj)
 .text.cmd_clear
                0x00000000100040d8       0x34 zephyr/libzephyr.a(shell_cmds.c.obj)
 .text.cmd_resize
                0x000000001000410c      0x1a0 zephyr/libzephyr.a(shell_cmds.c.obj)
 .text.z_shell_wildcard_process
                0x00000000100042ac       0xe4 zephyr/libzephyr.a(shell_wildcard.c.obj)
                0x00000000100042ac                z_shell_wildcard_process
 .text.arch_bss_zero
                0x0000000010004390       0x18 zephyr/arch/common/libarch__common.a(init.c.obj)
                0x0000000010004390                arch_bss_zero
 .text.arch_data_copy
                0x00000000100043a8       0x38 zephyr/arch/common/libarch__common.a(xip.c.obj)
                0x00000000100043a8                arch_data_copy
 .text.z_arm_fatal_error
                0x00000000100043e0       0x60 zephyr/arch/arch/arm/core/libarch__arm__core.a(fatal.c.obj)
                0x00000000100043e0                z_arm_fatal_error
 .text.z_SysNmiOnReset
                0x0000000010004440        0x8 zephyr/arch/arch/arm/core/libarch__arm__core.a(nmi_on_reset.S.obj)
                0x0000000010004440                z_SysNmiOnReset
 .text.arch_tls_stack_setup
                0x0000000010004448       0x40 zephyr/arch/arch/arm/core/libarch__arm__core.a(tls.c.obj)
                0x0000000010004448                arch_tls_stack_setup
 .text._HandlerModeExit
                0x0000000010004488       0x20 zephyr/arch/arch/arm/core/cortex_m/libarch__arm__core__cortex_m.a(exc_exit.c.obj)
                0x0000000010004488                z_arm_exc_exit
                0x0000000010004488                z_arm_int_exit
 .text.secure_fault.constprop.0
                0x00000000100044a8       0xd4 zephyr/arch/arch/arm/core/cortex_m/libarch__arm__core__cortex_m.a(fault.c.obj)
 .text.usage_fault.constprop.0
                0x000000001000457c       0xa8 zephyr/arch/arch/arm/core/cortex_m/libarch__arm__core__cortex_m.a(fault.c.obj)
 .text.bus_fault.constprop.0
                0x0000000010004624       0xb8 zephyr/arch/arch/arm/core/cortex_m/libarch__arm__core__cortex_m.a(fault.c.obj)
 .text.mem_manage_fault.constprop.0
                0x00000000100046dc       0xbc zephyr/arch/arch/arm/core/cortex_m/libarch__arm__core__cortex_m.a(fault.c.obj)
 .text.z_arm_fault
                0x0000000010004798      0x1e8 zephyr/arch/arch/arm/core/cortex_m/libarch__arm__core__cortex_m.a(fault.c.obj)
                0x0000000010004798                z_arm_fault
 .text.z_arm_fault_init
                0x0000000010004980       0x20 zephyr/arch/arch/arm/core/cortex_m/libarch__arm__core__cortex_m.a(fault.c.obj)
                0x0000000010004980                z_arm_fault_init
 .text.__fault  0x00000000100049a0       0x14 zephyr/arch/arch/arm/core/cortex_m/libarch__arm__core__cortex_m.a(fault_s.S.obj)
                0x00000000100049a0                z_arm_secure_fault
                0x00000000100049a0                z_arm_bus_fault
                0x00000000100049a0                z_arm_usage_fault
                0x00000000100049a0                z_arm_mpu_fault
                0x00000000100049a0                z_arm_exc_spurious
                0x00000000100049a0                z_arm_debug_monitor
                0x00000000100049a0                z_arm_hard_fault
 .text._reset_section
                0x00000000100049b4       0x48 zephyr/arch/arch/arm/core/cortex_m/libarch__arm__core__cortex_m.a(reset.S.obj)
                0x00000000100049b4                z_arm_reset
                0x00000000100049b4                __start
 .text.z_impl_k_thread_abort
                0x00000000100049fc       0x2c zephyr/arch/arch/arm/core/cortex_m/libarch__arm__core__cortex_m.a(thread_abort.c.obj)
                0x00000000100049fc                z_impl_k_thread_abort
 .text.z_arm_pendsv
                0x0000000010004a28       0x68 zephyr/arch/arch/arm/core/cortex_m/libarch__arm__core__cortex_m.a(swap_helper.S.obj)
                0x0000000010004a28                z_arm_pendsv
 .text.z_arm_svc
                0x0000000010004a90       0x24 zephyr/arch/arch/arm/core/cortex_m/libarch__arm__core__cortex_m.a(swap_helper.S.obj)
                0x0000000010004a90                z_arm_svc
 .text.arm_irq_enable
                0x0000000010004ab4       0x1c zephyr/arch/arch/arm/core/cortex_m/libarch__arm__core__cortex_m.a(irq_manage.c.obj)
                0x0000000010004ab4                arm_irq_enable
 .text.arm_irq_priority_set
                0x0000000010004ad0       0x2c zephyr/arch/arch/arm/core/cortex_m/libarch__arm__core__cortex_m.a(irq_manage.c.obj)
                0x0000000010004ad0                arm_irq_priority_set
 .text.relocate_vector_table
                0x0000000010004afc       0x1c zephyr/arch/arch/arm/core/cortex_m/libarch__arm__core__cortex_m.a(prep_c.c.obj)
                0x0000000010004afc                relocate_vector_table
 .text.z_prep_c
                0x0000000010004b18       0x38 zephyr/arch/arch/arm/core/cortex_m/libarch__arm__core__cortex_m.a(prep_c.c.obj)
                0x0000000010004b18                z_prep_c
 .text.arch_new_thread
                0x0000000010004b50       0x38 zephyr/arch/arch/arm/core/cortex_m/libarch__arm__core__cortex_m.a(thread.c.obj)
                0x0000000010004b50                arch_new_thread
 .text.arch_switch_to_main_thread
                0x0000000010004b88       0x44 zephyr/arch/arch/arm/core/cortex_m/libarch__arm__core__cortex_m.a(thread.c.obj)
                0x0000000010004b88                arch_switch_to_main_thread
 .text.z_arm_cpu_idle_init
                0x0000000010004bcc        0xc zephyr/arch/arch/arm/core/cortex_m/libarch__arm__core__cortex_m.a(cpu_idle.c.obj)
                0x0000000010004bcc                z_arm_cpu_idle_init
 .text.z_arm_interrupt_init
                0x0000000010004bd8       0x18 zephyr/arch/arch/arm/core/cortex_m/libarch__arm__core__cortex_m.a(irq_init.c.obj)
                0x0000000010004bd8                z_arm_interrupt_init
 .text._isr_wrapper
                0x0000000010004bf0       0x24 zephyr/arch/arch/arm/core/cortex_m/libarch__arm__core__cortex_m.a(isr_wrapper.c.obj)
                0x0000000010004bf0                _isr_wrapper
 .text.z_arm_configure_static_mpu_regions
                0x0000000010004c14       0x38 zephyr/arch/arch/arm/core/mpu/libarch__arm__core__mpu.a(arm_core_mpu.c.obj)
                0x0000000010004c14                z_arm_configure_static_mpu_regions
 .text.region_init
                0x0000000010004c4c       0x34 zephyr/arch/arch/arm/core/mpu/libarch__arm__core__mpu.a(arm_mpu.c.obj)
 .text.region_allocate_and_init
                0x0000000010004c80       0x24 zephyr/arch/arch/arm/core/mpu/libarch__arm__core__mpu.a(arm_mpu.c.obj)
 .text.mpu_configure_regions_and_partition.constprop.0
                0x0000000010004ca4      0x148 zephyr/arch/arch/arm/core/mpu/libarch__arm__core__mpu.a(arm_mpu.c.obj)
 .text.arm_core_mpu_enable
                0x0000000010004dec       0x18 zephyr/arch/arch/arm/core/mpu/libarch__arm__core__mpu.a(arm_mpu.c.obj)
                0x0000000010004dec                arm_core_mpu_enable
 .text.arm_core_mpu_disable
                0x0000000010004e04       0x14 zephyr/arch/arch/arm/core/mpu/libarch__arm__core__mpu.a(arm_mpu.c.obj)
                0x0000000010004e04                arm_core_mpu_disable
 .text.arm_core_mpu_configure_static_mpu_regions
                0x0000000010004e18       0x14 zephyr/arch/arch/arm/core/mpu/libarch__arm__core__mpu.a(arm_mpu.c.obj)
                0x0000000010004e18                arm_core_mpu_configure_static_mpu_regions
 .text.arm_core_mpu_mark_areas_for_dynamic_regions
                0x0000000010004e2c       0xb8 zephyr/arch/arch/arm/core/mpu/libarch__arm__core__mpu.a(arm_mpu.c.obj)
                0x0000000010004e2c                arm_core_mpu_mark_areas_for_dynamic_regions
 .text.z_arm_mpu_init
                0x0000000010004ee4      0x160 zephyr/arch/arch/arm/core/mpu/libarch__arm__core__mpu.a(arm_mpu.c.obj)
                0x0000000010004ee4                z_arm_mpu_init
 .text.cbvprintf
                0x0000000010005044       0x38 zephyr/lib/libc/picolibc/liblib__libc__picolibc.a(cbprintf.c.obj)
                0x0000000010005044                cbvprintf
 .text.z_impl_zephyr_fputc
                0x000000001000507c       0x10 zephyr/lib/libc/picolibc/liblib__libc__picolibc.a(stdio.c.obj)
                0x000000001000507c                z_impl_zephyr_fputc
 .text.__stdout_hook_install
                0x000000001000508c       0x18 zephyr/lib/libc/picolibc/liblib__libc__picolibc.a(stdio.c.obj)
                0x000000001000508c                __stdout_hook_install
 .text.malloc_prepare
                0x00000000100050a4       0x24 zephyr/lib/libc/common/liblib__libc__common.a(malloc.c.obj)
 .text.malloc_lock
                0x00000000100050c8       0x14 zephyr/lib/libc/common/liblib__libc__common.a(malloc.c.obj)
 .text.malloc_unlock
                0x00000000100050dc        0xc zephyr/lib/libc/common/liblib__libc__common.a(malloc.c.obj)
 .text.malloc   0x00000000100050e8       0x34 zephyr/lib/libc/common/liblib__libc__common.a(malloc.c.obj)
                0x00000000100050e8                malloc
 .text.free     0x000000001000511c       0x1c zephyr/lib/libc/common/liblib__libc__common.a(malloc.c.obj)
                0x000000001000511c                free
 .text.fnmatchx
                0x0000000010005138      0x48c zephyr/lib/posix/c_lib_ext/liblib__posix__c_lib_ext.a(fnmatch.c.obj)
 .text.z_getopt_global_state_update_shim
                0x00000000100055c4       0x2c zephyr/lib/posix/c_lib_ext/liblib__posix__c_lib_ext.a(getopt_shim.c.obj)
                0x00000000100055c4                z_getopt_global_state_update_shim
 .text.power_mode_od
                0x00000000100055f0       0x40 zephyr/boards/nxp/frdm_mcxn947/libboards__nxp__frdm_mcxn947.a(board.c.obj)
                0x00000000100055f0                power_mode_od
 .text.board_early_init_hook
                0x0000000010005630      0x2c8 zephyr/boards/nxp/frdm_mcxn947/libboards__nxp__frdm_mcxn947.a(board.c.obj)
                0x0000000010005630                board_early_init_hook
 .text.registry_find
                0x00000000100058f8       0x2c zephyr/subsys/fs/libsubsys__fs.a(fs.c.obj)
 .text.k_mutex_lock.constprop.0.isra.0
                0x0000000010005924       0x10 zephyr/subsys/fs/libsubsys__fs.a(fs.c.obj)
 .text.k_mutex_unlock.constprop.0.isra.0
                0x0000000010005934        0xc zephyr/subsys/fs/libsubsys__fs.a(fs.c.obj)
 .text.fs_get_mnt_point
                0x0000000010005940       0x90 zephyr/subsys/fs/libsubsys__fs.a(fs.c.obj)
 .text.fs_opendir
                0x00000000100059d0       0x94 zephyr/subsys/fs/libsubsys__fs.a(fs.c.obj)
                0x00000000100059d0                fs_opendir
 .text.fs_readdir
                0x0000000010005a64       0xd8 zephyr/subsys/fs/libsubsys__fs.a(fs.c.obj)
                0x0000000010005a64                fs_readdir
 .text.fs_mount
                0x0000000010005b3c       0xc0 zephyr/subsys/fs/libsubsys__fs.a(fs.c.obj)
                0x0000000010005b3c                fs_mount
 .text.fs_register
                0x0000000010005bfc       0x50 zephyr/subsys/fs/libsubsys__fs.a(fs.c.obj)
                0x0000000010005bfc                fs_register
 .text.fs_impl_strip_prefix
                0x0000000010005c4c       0x18 zephyr/subsys/fs/libsubsys__fs.a(fs_impl.c.obj)
                0x0000000010005c4c                fs_impl_strip_prefix
 .text.littlefs_init
                0x0000000010005c64        0xc zephyr/subsys/fs/libsubsys__fs.a(littlefs_fs.c.obj)
 .text.release_file_data
                0x0000000010005c70       0x28 zephyr/subsys/fs/libsubsys__fs.a(littlefs_fs.c.obj)
 .text.lfs_to_errno
                0x0000000010005c98       0x1c zephyr/subsys/fs/libsubsys__fs.a(littlefs_fs.c.obj)
 .text.errno_to_lfs
                0x0000000010005cb4       0x20 zephyr/subsys/fs/libsubsys__fs.a(littlefs_fs.c.obj)
 .text.littlefs_open
                0x0000000010005cd4       0xac zephyr/subsys/fs/libsubsys__fs.a(littlefs_fs.c.obj)
 .text.littlefs_opendir
                0x0000000010005d80       0x68 zephyr/subsys/fs/libsubsys__fs.a(littlefs_fs.c.obj)
 .text.littlefs_closedir
                0x0000000010005de8       0x38 zephyr/subsys/fs/libsubsys__fs.a(littlefs_fs.c.obj)
 .text.littlefs_mount
                0x0000000010005e20      0x17c zephyr/subsys/fs/libsubsys__fs.a(littlefs_fs.c.obj)
 .text.uart_console_init
                0x0000000010005f9c       0x28 zephyr/drivers/console/libdrivers__console.a(uart_console.c.obj)
 .text.console_out
                0x0000000010005fc4       0x28 zephyr/drivers/console/libdrivers__console.a(uart_console.c.obj)
 .text.jesd216_bfp_decode_dw16
                0x0000000010005fec       0x40 zephyr/drivers/flash/libdrivers__flash.a(jesd216.c.obj)
                0x0000000010005fec                jesd216_bfp_decode_dw16
 .text.flash_flexspi_nor_quad_enable.constprop.0
                0x000000001000602c      0x138 zephyr/drivers/flash/libdrivers__flash.a(flash_mcux_flexspi_nor.c.obj)
 .text.flash_flexspi_nor_write
                0x0000000010006164       0xfc zephyr/drivers/flash/libdrivers__flash.a(flash_mcux_flexspi_nor.c.obj)
 .text.flash_flexspi_nor_init
                0x0000000010006260      0x9f0 zephyr/drivers/flash/libdrivers__flash.a(flash_mcux_flexspi_nor.c.obj)
 .text.flash_mcux_pages_layout
                0x0000000010006c50       0x10 zephyr/drivers/flash/libdrivers__flash.a(soc_flash_mcux.c.obj)
 .text.flash_mcux_get_parameters
                0x0000000010006c60        0x8 zephyr/drivers/flash/libdrivers__flash.a(soc_flash_mcux.c.obj)
 .text.flash_mcux_erase
                0x0000000010006c68       0x70 zephyr/drivers/flash/libdrivers__flash.a(soc_flash_mcux.c.obj)
 .text.flash_mcux_write
                0x0000000010006cd8       0x6c zephyr/drivers/flash/libdrivers__flash.a(soc_flash_mcux.c.obj)
 .text.pinctrl_configure_pins
                0x0000000010006d44       0x40 zephyr/drivers/pinctrl/libdrivers__pinctrl.a(pinctrl_nxp_port.c.obj)
                0x0000000010006d44                pinctrl_configure_pins
 .text.mcux_lpuart_config_func_0
                0x0000000010006d84       0x18 zephyr/drivers/serial/libdrivers__serial.a(uart_mcux_lpuart.c.obj)
 .text.mcux_lpuart_config_func_1
                0x0000000010006d9c       0x18 zephyr/drivers/serial/libdrivers__serial.a(uart_mcux_lpuart.c.obj)
 .text.elapsed  0x0000000010006db4       0x4c zephyr/drivers/timer/libdrivers__timer.a(cortex_m_systick.c.obj)
 .text.sys_clock_driver_init
                0x0000000010006e00       0x38 zephyr/drivers/timer/libdrivers__timer.a(cortex_m_systick.c.obj)
 .text.sys_clock_isr
                0x0000000010006e38       0x60 zephyr/drivers/timer/libdrivers__timer.a(cortex_m_systick.c.obj)
                0x0000000010006e38                sys_clock_isr
 .text.sys_clock_set_timeout
                0x0000000010006e98       0xfc zephyr/drivers/timer/libdrivers__timer.a(cortex_m_systick.c.obj)
                0x0000000010006e98                sys_clock_set_timeout
 .text.sys_clock_elapsed
                0x0000000010006f94       0x3c zephyr/drivers/timer/libdrivers__timer.a(cortex_m_systick.c.obj)
                0x0000000010006f94                sys_clock_elapsed
 .text.sys_clock_cycle_get_32
                0x0000000010006fd0       0x28 zephyr/drivers/timer/libdrivers__timer.a(cortex_m_systick.c.obj)
                0x0000000010006fd0                sys_clock_cycle_get_32
 .text.flash_check_param
                0x0000000010006ff8       0x5c modules/hal_nxp/libmodules__hal_nxp.a(fsl_k4_flash.c.obj)
 .text.FLASH_Erase
                0x0000000010007054       0x44 modules/hal_nxp/libmodules__hal_nxp.a(fsl_k4_flash.c.obj)
                0x0000000010007054                FLASH_Erase
 .text.FLASH_Program
                0x0000000010007098       0x88 modules/hal_nxp/libmodules__hal_nxp.a(fsl_k4_flash.c.obj)
                0x0000000010007098                FLASH_Program
 .text.FLEXSPI_UpdateDllValue
                0x0000000010007120       0x8c modules/hal_nxp/libmodules__hal_nxp.a(fsl_flexspi.c.obj)
                0x0000000010007120                FLEXSPI_UpdateDllValue
 .text.FLEXSPI_SetFlashConfig
                0x00000000100071ac      0x118 modules/hal_nxp/libmodules__hal_nxp.a(fsl_flexspi.c.obj)
                0x00000000100071ac                FLEXSPI_SetFlashConfig
 .text.FLEXSPI_Init
                0x00000000100072c4      0x154 modules/hal_nxp/libmodules__hal_nxp.a(fsl_flexspi.c.obj)
                0x00000000100072c4                FLEXSPI_Init
 .text.FLEXSPI_UpdateLUT
                0x0000000010007418       0x3c modules/hal_nxp/libmodules__hal_nxp.a(fsl_flexspi.c.obj)
                0x0000000010007418                FLEXSPI_UpdateLUT
 .text.LP_FLEXCOMM_GetInterruptStatus
                0x0000000010007454       0x10 modules/hal_nxp/libmodules__hal_nxp.a(fsl_lpflexcomm.c.obj)
                0x0000000010007454                LP_FLEXCOMM_GetInterruptStatus
 .text.LP_FLEXCOMM_GetInstance
                0x0000000010007464       0x24 modules/hal_nxp/libmodules__hal_nxp.a(fsl_lpflexcomm.c.obj)
                0x0000000010007464                LP_FLEXCOMM_GetInstance
 .text.LP_FLEXCOMM_Init
                0x0000000010007488       0xa0 modules/hal_nxp/libmodules__hal_nxp.a(fsl_lpflexcomm.c.obj)
                0x0000000010007488                LP_FLEXCOMM_Init
 .text.CACHE64_GetInstanceByAddr
                0x0000000010007528       0x84 modules/hal_nxp/libmodules__hal_nxp.a(fsl_cache.c.obj)
                0x0000000010007528                CACHE64_GetInstanceByAddr
 .text.CACHE64_InvalidateCacheByRange
                0x00000000100075ac       0xd0 modules/hal_nxp/libmodules__hal_nxp.a(fsl_cache.c.obj)
                0x00000000100075ac                CACHE64_InvalidateCacheByRange
 .text.LPUART_Init
                0x000000001000767c      0x218 modules/hal_nxp/libmodules__hal_nxp.a(fsl_lpuart.c.obj)
                0x000000001000767c                LPUART_Init
 .text.LPUART_EnableInterrupts
                0x0000000010007894       0x58 modules/hal_nxp/libmodules__hal_nxp.a(fsl_lpuart.c.obj)
                0x0000000010007894                LPUART_EnableInterrupts
 .text.LPUART_DisableInterrupts
                0x00000000100078ec       0x60 modules/hal_nxp/libmodules__hal_nxp.a(fsl_lpuart.c.obj)
                0x00000000100078ec                LPUART_DisableInterrupts
 .text.LPUART_GetStatusFlags
                0x000000001000794c       0x34 modules/hal_nxp/libmodules__hal_nxp.a(fsl_lpuart.c.obj)
                0x000000001000794c                LPUART_GetStatusFlags
 .text.LPUART_ClearStatusFlags
                0x0000000010007980       0x44 modules/hal_nxp/libmodules__hal_nxp.a(fsl_lpuart.c.obj)
                0x0000000010007980                LPUART_ClearStatusFlags
 .text.SystemInit
                0x00000000100079c4       0xdc modules/hal_nxp/libmodules__hal_nxp.a(system_MCXN947_cm33_core0.c.obj)
                0x00000000100079c4                SystemInit
 .text.CLOCK_GetFro12MFreq
                0x0000000010007aa0       0x1c modules/hal_nxp/libmodules__hal_nxp.a(fsl_clock.c.obj)
 .text.CLOCK_GetClk48MFreq
                0x0000000010007abc       0x1c modules/hal_nxp/libmodules__hal_nxp.a(fsl_clock.c.obj)
 .text.CLOCK_GetClk16KFreq
                0x0000000010007ad8       0x20 modules/hal_nxp/libmodules__hal_nxp.a(fsl_clock.c.obj)
 .text.CLOCK_GetExtClkFreq
                0x0000000010007af8       0x1c modules/hal_nxp/libmodules__hal_nxp.a(fsl_clock.c.obj)
 .text.CLOCK_GetFroHfFreq
                0x0000000010007b14       0x2c modules/hal_nxp/libmodules__hal_nxp.a(fsl_clock.c.obj)
 .text.CLOCK_GetOsc32KFreq
                0x0000000010007b40       0x28 modules/hal_nxp/libmodules__hal_nxp.a(fsl_clock.c.obj)
 .text.CLOCK_GetLposcFreq
                0x0000000010007b68       0x18 modules/hal_nxp/libmodules__hal_nxp.a(fsl_clock.c.obj)
 .text.CLOCK_SetupFROHFClocking
                0x0000000010007b80       0x68 modules/hal_nxp/libmodules__hal_nxp.a(fsl_clock.c.obj)
                0x0000000010007b80                CLOCK_SetupFROHFClocking
 .text.CLOCK_SetupExtClocking
                0x0000000010007be8       0xec modules/hal_nxp/libmodules__hal_nxp.a(fsl_clock.c.obj)
                0x0000000010007be8                CLOCK_SetupExtClocking
 .text.CLOCK_SetupClk16KClocking
                0x0000000010007cd4       0x48 modules/hal_nxp/libmodules__hal_nxp.a(fsl_clock.c.obj)
                0x0000000010007cd4                CLOCK_SetupClk16KClocking
 .text.CLOCK_SetPll0MonitorMode
                0x0000000010007d1c       0x18 modules/hal_nxp/libmodules__hal_nxp.a(fsl_clock.c.obj)
                0x0000000010007d1c                CLOCK_SetPll0MonitorMode
 .text.CLOCK_AttachClk
                0x0000000010007d34       0x64 modules/hal_nxp/libmodules__hal_nxp.a(fsl_clock.c.obj)
                0x0000000010007d34                CLOCK_AttachClk
 .text.CLOCK_GetPLL0InClockRate
                0x0000000010007d98       0x40 modules/hal_nxp/libmodules__hal_nxp.a(fsl_clock.c.obj)
                0x0000000010007d98                CLOCK_GetPLL0InClockRate
 .text.CLOCK_GetPll0OutFreq
                0x0000000010007dd8       0xf0 modules/hal_nxp/libmodules__hal_nxp.a(fsl_clock.c.obj)
                0x0000000010007dd8                CLOCK_GetPll0OutFreq
 .text.CLOCK_GetPLL1InClockRate
                0x0000000010007ec8       0x2c modules/hal_nxp/libmodules__hal_nxp.a(fsl_clock.c.obj)
                0x0000000010007ec8                CLOCK_GetPLL1InClockRate
 .text.CLOCK_GetPll1OutFreq
                0x0000000010007ef4       0xd8 modules/hal_nxp/libmodules__hal_nxp.a(fsl_clock.c.obj)
                0x0000000010007ef4                CLOCK_GetPll1OutFreq
 .text.CLOCK_GetLPFlexCommClkFreq
                0x0000000010007fcc       0x5c modules/hal_nxp/libmodules__hal_nxp.a(fsl_clock.c.obj)
                0x0000000010007fcc                CLOCK_GetLPFlexCommClkFreq
 .text.CLOCK_SetPLL0Freq
                0x0000000010008028       0xc4 modules/hal_nxp/libmodules__hal_nxp.a(fsl_clock.c.obj)
                0x0000000010008028                CLOCK_SetPLL0Freq
 .text.CLOCK_SetPLL1Freq
                0x00000000100080ec       0xc4 modules/hal_nxp/libmodules__hal_nxp.a(fsl_clock.c.obj)
                0x00000000100080ec                CLOCK_SetPLL1Freq
 .text.CLOCK_GetMainClkFreq
                0x00000000100081b0       0x58 modules/hal_nxp/libmodules__hal_nxp.a(fsl_clock.c.obj)
                0x00000000100081b0                CLOCK_GetMainClkFreq
 .text.CLOCK_GetSystickClkFreq
                0x0000000010008208       0x4c modules/hal_nxp/libmodules__hal_nxp.a(fsl_clock.c.obj)
 .text.CLOCK_GetFreq
                0x0000000010008254      0x12c modules/hal_nxp/libmodules__hal_nxp.a(fsl_clock.c.obj)
                0x0000000010008254                CLOCK_GetFreq
 .text.lfs_dir_traverse_filter
                0x0000000010008380       0x70 modules/littlefs/libmodules__littlefs.a(lfs.c.obj)
 .text.lfs_dir_getslice
                0x00000000100083f0      0x124 modules/littlefs/libmodules__littlefs.a(lfs.c.obj)
 .text.lfs_dir_getgstate
                0x0000000010008514       0x34 modules/littlefs/libmodules__littlefs.a(lfs.c.obj)
 .text.lfs_path_islast
                0x0000000010008548       0x28 modules/littlefs/libmodules__littlefs.a(lfs.c.obj)
 .text.lfs_dir_getinfo
                0x0000000010008570       0x90 modules/littlefs/libmodules__littlefs.a(lfs.c.obj)
 .text.lfs_dir_traverse.constprop.0
                0x0000000010008600      0x298 modules/littlefs/libmodules__littlefs.a(lfs.c.obj)
 .text.lfs_dir_getread.constprop.0
                0x0000000010008898       0xc4 modules/littlefs/libmodules__littlefs.a(lfs.c.obj)
 .text.lfs_dir_fetchmatch
                0x000000001000895c      0x414 modules/littlefs/libmodules__littlefs.a(lfs.c.obj)
 .text.lfs_fs_parent
                0x0000000010008d70       0x8c modules/littlefs/libmodules__littlefs.a(lfs.c.obj)
 .text.lfs_fs_pred
                0x0000000010008dfc       0x64 modules/littlefs/libmodules__littlefs.a(lfs.c.obj)
 .text.lfs_dir_find
                0x0000000010008e60      0x154 modules/littlefs/libmodules__littlefs.a(lfs.c.obj)
 .text.lfs_file_flushedread
                0x0000000010008fb4       0xd8 modules/littlefs/libmodules__littlefs.a(lfs.c.obj)
 .text.lfs_fs_traverse_
                0x000000001000908c      0x158 modules/littlefs/libmodules__littlefs.a(lfs.c.obj)
 .text.lfs_alloc_scan
                0x00000000100091e4       0x50 modules/littlefs/libmodules__littlefs.a(lfs.c.obj)
 .text.lfs_fs_size_
                0x0000000010009234       0x1c modules/littlefs/libmodules__littlefs.a(lfs.c.obj)
 .text.lfs_file_relocate
                0x0000000010009250       0xe8 modules/littlefs/libmodules__littlefs.a(lfs.c.obj)
 .text.lfs_dir_commitcrc
                0x0000000010009338      0x1ec modules/littlefs/libmodules__littlefs.a(lfs.c.obj)
 .text.lfs_dir_compact
                0x0000000010009524      0x1e0 modules/littlefs/libmodules__littlefs.a(lfs.c.obj)
 .text.lfs_dir_relocatingcommit
                0x0000000010009704      0x3ec modules/littlefs/libmodules__littlefs.a(lfs.c.obj)
 .text.lfs_dir_orphaningcommit
                0x0000000010009af0      0x308 modules/littlefs/libmodules__littlefs.a(lfs.c.obj)
 .text.lfs_fs_deorphan
                0x0000000010009df8      0x180 modules/littlefs/libmodules__littlefs.a(lfs.c.obj)
 .text.lfs_dir_drop
                0x0000000010009f78       0x3c modules/littlefs/libmodules__littlefs.a(lfs.c.obj)
 .text.lfs_fs_forceconsistency
                0x0000000010009fb4       0xb8 modules/littlefs/libmodules__littlefs.a(lfs.c.obj)
 .text.lfs_file_opencfg_
                0x000000001000a06c      0x248 modules/littlefs/libmodules__littlefs.a(lfs.c.obj)
 .text.lfs_format
                0x000000001000a2b4       0xc8 modules/littlefs/libmodules__littlefs.a(lfs.c.obj)
                0x000000001000a2b4                lfs_format
 .text.lfs_mount
                0x000000001000a37c      0x16c modules/littlefs/libmodules__littlefs.a(lfs.c.obj)
                0x000000001000a37c                lfs_mount
 .text.lfs_remove
                0x000000001000a4e8       0xe0 modules/littlefs/libmodules__littlefs.a(lfs.c.obj)
                0x000000001000a4e8                lfs_remove
 .text.lfs_rename
                0x000000001000a5c8      0x280 modules/littlefs/libmodules__littlefs.a(lfs.c.obj)
                0x000000001000a5c8                lfs_rename
 .text.lfs_mkdir
                0x000000001000a848      0x160 modules/littlefs/libmodules__littlefs.a(lfs.c.obj)
                0x000000001000a848                lfs_mkdir
 .text.lfs_dir_open
                0x000000001000a9a8       0x84 modules/littlefs/libmodules__littlefs.a(lfs.c.obj)
                0x000000001000a9a8                lfs_dir_open
 .text.lfs_dir_read
                0x000000001000aa2c       0x94 modules/littlefs/libmodules__littlefs.a(lfs.c.obj)
                0x000000001000aa2c                lfs_dir_read
 .text.lfs_crc  0x000000001000aac0       0x38 modules/littlefs/libmodules__littlefs.a(zephyr_lfs_crc.c.obj)
                0x000000001000aac0                lfs_crc
 .text.z_device_get_all_static
                0x000000001000aaf8       0x14 zephyr/kernel/libkernel.a(device.c.obj)
                0x000000001000aaf8                z_device_get_all_static
 .text.z_fatal_error
                0x000000001000ab0c       0x30 zephyr/kernel/libkernel.a(fatal.c.obj)
                0x000000001000ab0c                z_fatal_error
 .text.z_sys_init_run_level
                0x000000001000ab3c       0x30 zephyr/kernel/libkernel.a(init.c.obj)
 .text.bg_thread_main
                0x000000001000ab6c       0xc0 zephyr/kernel/libkernel.a(init.c.obj)
 .text.z_init_cpu
                0x000000001000ac2c       0x70 zephyr/kernel/libkernel.a(init.c.obj)
                0x000000001000ac2c                z_init_cpu
 .text.z_cstart
                0x000000001000ac9c       0xe8 zephyr/kernel/libkernel.a(init.c.obj)
                0x000000001000ac9c                z_cstart
 .text.statics_init
                0x000000001000ad84       0x24 zephyr/kernel/libkernel.a(kheap.c.obj)
 .text.k_heap_alloc
                0x000000001000ada8       0x1c zephyr/kernel/libkernel.a(kheap.c.obj)
                0x000000001000ada8                k_heap_alloc
 .text.init_mem_slab_obj_core_list
                0x000000001000adc4       0x24 zephyr/kernel/libkernel.a(mem_slab.c.obj)
 .text.k_mem_slab_alloc
                0x000000001000ade8       0x5c zephyr/kernel/libkernel.a(mem_slab.c.obj)
                0x000000001000ade8                k_mem_slab_alloc
 .text.z_impl_k_mutex_lock
                0x000000001000ae44       0xf0 zephyr/kernel/libkernel.a(mutex.c.obj)
                0x000000001000ae44                z_impl_k_mutex_lock
 .text.z_impl_k_mutex_unlock
                0x000000001000af34       0xa0 zephyr/kernel/libkernel.a(mutex.c.obj)
                0x000000001000af34                z_impl_k_mutex_unlock
 .text.z_impl_k_sem_give
                0x000000001000afd4       0x68 zephyr/kernel/libkernel.a(sem.c.obj)
                0x000000001000afd4                z_impl_k_sem_give
 .text.z_impl_k_sem_take
                0x000000001000b03c       0x4c zephyr/kernel/libkernel.a(sem.c.obj)
                0x000000001000b03c                z_impl_k_sem_take
 .text.z_impl_k_thread_name_set
                0x000000001000b088       0x20 zephyr/kernel/libkernel.a(thread.c.obj)
                0x000000001000b088                z_impl_k_thread_name_set
 .text.k_thread_state_str
                0x000000001000b0a8       0x84 zephyr/kernel/libkernel.a(thread.c.obj)
                0x000000001000b0a8                k_thread_state_str
 .text.z_setup_new_thread
                0x000000001000b12c       0xdc zephyr/kernel/libkernel.a(thread.c.obj)
                0x000000001000b12c                z_setup_new_thread
 .text.z_impl_k_thread_create
                0x000000001000b208       0x58 zephyr/kernel/libkernel.a(thread.c.obj)
                0x000000001000b208                z_impl_k_thread_create
 .text.z_dummy_thread_init
                0x000000001000b260       0x1c zephyr/kernel/libkernel.a(thread.c.obj)
                0x000000001000b260                z_dummy_thread_init
 .text.z_swap_irqlock
                0x000000001000b27c       0x34 zephyr/kernel/libkernel.a(sched.c.obj)
 .text.ready_thread
                0x000000001000b2b0       0x84 zephyr/kernel/libkernel.a(sched.c.obj)
 .text.unready_thread
                0x000000001000b334       0x54 zephyr/kernel/libkernel.a(sched.c.obj)
 .text.add_thread_timeout
                0x000000001000b388       0x1c zephyr/kernel/libkernel.a(sched.c.obj)
 .text.move_current_to_end_of_prio_q
                0x000000001000b3a4       0x70 zephyr/kernel/libkernel.a(sched.c.obj)
                0x000000001000b3a4                move_current_to_end_of_prio_q
 .text.z_impl_k_thread_suspend
                0x000000001000b414       0xf0 zephyr/kernel/libkernel.a(sched.c.obj)
                0x000000001000b414                z_impl_k_thread_suspend
 .text.z_pend_curr
                0x000000001000b504       0x44 zephyr/kernel/libkernel.a(sched.c.obj)
                0x000000001000b504                z_pend_curr
 .text.z_thread_prio_set
                0x000000001000b548       0xe4 zephyr/kernel/libkernel.a(sched.c.obj)
                0x000000001000b548                z_thread_prio_set
 .text.z_reschedule
                0x000000001000b62c       0x24 zephyr/kernel/libkernel.a(sched.c.obj)
                0x000000001000b62c                z_reschedule
 .text.z_impl_k_thread_resume
                0x000000001000b650       0x3c zephyr/kernel/libkernel.a(sched.c.obj)
                0x000000001000b650                z_impl_k_thread_resume
 .text.z_reschedule_irqlock
                0x000000001000b68c       0x28 zephyr/kernel/libkernel.a(sched.c.obj)
                0x000000001000b68c                z_reschedule_irqlock
 .text.k_sched_lock
                0x000000001000b6b4       0x28 zephyr/kernel/libkernel.a(sched.c.obj)
                0x000000001000b6b4                k_sched_lock
 .text.k_sched_unlock
                0x000000001000b6dc       0x68 zephyr/kernel/libkernel.a(sched.c.obj)
                0x000000001000b6dc                k_sched_unlock
 .text.z_sched_init
                0x000000001000b744       0x10 zephyr/kernel/libkernel.a(sched.c.obj)
                0x000000001000b744                z_sched_init
 .text.z_impl_k_yield
                0x000000001000b754       0x88 zephyr/kernel/libkernel.a(sched.c.obj)
                0x000000001000b754                z_impl_k_yield
 .text.z_tick_sleep
                0x000000001000b7dc       0x78 zephyr/kernel/libkernel.a(sched.c.obj)
 .text.z_impl_k_wakeup
                0x000000001000b854       0x48 zephyr/kernel/libkernel.a(sched.c.obj)
                0x000000001000b854                z_impl_k_wakeup
 .text.z_impl_k_sched_current_thread_query
                0x000000001000b89c        0xc zephyr/kernel/libkernel.a(sched.c.obj)
                0x000000001000b89c                z_impl_k_sched_current_thread_query
 .text.z_thread_abort
                0x000000001000b8a8      0x144 zephyr/kernel/libkernel.a(sched.c.obj)
                0x000000001000b8a8                z_thread_abort
 .text.z_time_slice_size
                0x000000001000b9ec       0x40 zephyr/kernel/libkernel.a(timeslicing.c.obj)
 .text.slice_timeout
                0x000000001000ba2c       0x20 zephyr/kernel/libkernel.a(timeslicing.c.obj)
 .text.z_reset_time_slice
                0x000000001000ba4c       0x48 zephyr/kernel/libkernel.a(timeslicing.c.obj)
                0x000000001000ba4c                z_reset_time_slice
 .text.z_time_slice
                0x000000001000ba94       0x5c zephyr/kernel/libkernel.a(timeslicing.c.obj)
                0x000000001000ba94                z_time_slice
 .text.z_thread_monitor_exit
                0x000000001000baf0       0x44 zephyr/kernel/libkernel.a(thread_monitor.c.obj)
                0x000000001000baf0                z_thread_monitor_exit
 .text.k_thread_foreach
                0x000000001000bb34       0x34 zephyr/kernel/libkernel.a(thread_monitor.c.obj)
                0x000000001000bb34                k_thread_foreach
 .text.k_thread_foreach_unlocked
                0x000000001000bb68       0x4c zephyr/kernel/libkernel.a(thread_monitor.c.obj)
                0x000000001000bb68                k_thread_foreach_unlocked
 .text.first    0x000000001000bbb4       0x10 zephyr/kernel/libkernel.a(timeout.c.obj)
 .text.elapsed  0x000000001000bbc4       0x14 zephyr/kernel/libkernel.a(timeout.c.obj)
 .text.remove_timeout
                0x000000001000bbd8       0x38 zephyr/kernel/libkernel.a(timeout.c.obj)
 .text.z_add_timeout
                0x000000001000bc10      0x120 zephyr/kernel/libkernel.a(timeout.c.obj)
                0x000000001000bc10                z_add_timeout
 .text.sys_clock_announce
                0x000000001000bd30       0xbc zephyr/kernel/libkernel.a(timeout.c.obj)
                0x000000001000bd30                sys_clock_announce
 .text.sys_clock_tick_get
                0x000000001000bdec       0x30 zephyr/kernel/libkernel.a(timeout.c.obj)
                0x000000001000bdec                sys_clock_tick_get
 .text.k_event_post_internal
                0x000000001000be1c       0x6c zephyr/kernel/libkernel.a(events.c.obj)
 .text.boot_banner
                0x000000001000be88        0xc zephyr/kernel/libkernel.a(banner.c.obj)
                0x000000001000be88                boot_banner
 .text.gmtime_r
                0x000000001000be94      0x158 /home/bionet-caleb/zephyr-sdk-0.17.4/arm-zephyr-eabi/bin/../lib/gcc/../../picolibc/arm-zephyr-eabi/lib/thumb/v8-m.main/nofp/libc.a(libc_time_gmtime_r.c.o)
                0x000000001000be94                gmtime_r
 .text.snprintf
                0x000000001000bfec       0x54 /home/bionet-caleb/zephyr-sdk-0.17.4/arm-zephyr-eabi/bin/../lib/gcc/../../picolibc/arm-zephyr-eabi/lib/thumb/v8-m.main/nofp/libc.a(libc_tinystdio_snprintf.c.o)
                0x000000001000bfec                snprintf
 .text.strtol   0x000000001000c040       0xec /home/bionet-caleb/zephyr-sdk-0.17.4/arm-zephyr-eabi/bin/../lib/gcc/../../picolibc/arm-zephyr-eabi/lib/thumb/v8-m.main/nofp/libc.a(libc_tinystdio_strtol.c.o)
                0x000000001000c040                strtol
 .text.strtoul  0x000000001000c12c       0xcc /home/bionet-caleb/zephyr-sdk-0.17.4/arm-zephyr-eabi/bin/../lib/gcc/../../picolibc/arm-zephyr-eabi/lib/thumb/v8-m.main/nofp/libc.a(libc_tinystdio_strtoul.c.o)
                0x000000001000c12c                strtoul
 .text.strtoull
                0x000000001000c1f8      0x10c /home/bionet-caleb/zephyr-sdk-0.17.4/arm-zephyr-eabi/bin/../lib/gcc/../../picolibc/arm-zephyr-eabi/lib/thumb/v8-m.main/nofp/libc.a(libc_tinystdio_strtoull.c.o)
                0x000000001000c1f8                strtoull
 .text.__l_vfprintf
                0x000000001000c304      0x4b4 /home/bionet-caleb/zephyr-sdk-0.17.4/arm-zephyr-eabi/bin/../lib/gcc/../../picolibc/arm-zephyr-eabi/lib/thumb/v8-m.main/nofp/libc.a(libc_tinystdio_vflprintf.c.o)
                0x000000001000c304                __l_vfprintf
 .text._OffsetAbsSyms
                0x000000001000c7b8        0x2 zephyr/CMakeFiles/offsets.dir/./arch/arm/core/offsets/offsets.c.obj
                0x000000001000c7b8                _OffsetAbsSyms
 .text.main     0x000000001000c7ba       0x14 app/libapp.a(main.c.obj)
                0x000000001000c7ba                main
 .text.console_cmd_ls
                0x000000001000c7ce        0xc app/libapp.a(console_cmd.c.obj)
                0x000000001000c7ce                console_cmd_ls
 .text.chunk_field
                0x000000001000c7da       0x16 zephyr/libzephyr.a(heap.c.obj)
 .text.chunk_set
                0x000000001000c7f0       0x16 zephyr/libzephyr.a(heap.c.obj)
 .text.chunk_size
                0x000000001000c806        0xc zephyr/libzephyr.a(heap.c.obj)
 .text.set_chunk_used
                0x000000001000c812       0x30 zephyr/libzephyr.a(heap.c.obj)
 .text.set_chunk_size
                0x000000001000c842        0x8 zephyr/libzephyr.a(heap.c.obj)
 .text.mem_to_chunkid
                0x000000001000c84a       0x14 zephyr/libzephyr.a(heap.c.obj)
 .text.bucket_idx
                0x000000001000c85e       0x1e zephyr/libzephyr.a(heap.c.obj)
 .text.free_list_remove_bidx
                0x000000001000c87c       0x5c zephyr/libzephyr.a(heap.c.obj)
 .text.free_list_remove
                0x000000001000c8d8       0x2e zephyr/libzephyr.a(heap.c.obj)
 .text.alloc_chunk
                0x000000001000c906       0x72 zephyr/libzephyr.a(heap.c.obj)
 .text.split_chunks
                0x000000001000c978       0x4e zephyr/libzephyr.a(heap.c.obj)
 .text.merge_chunks
                0x000000001000c9c6       0x3c zephyr/libzephyr.a(heap.c.obj)
 .text.free_list_add
                0x000000001000ca02       0x84 zephyr/libzephyr.a(heap.c.obj)
 .text.free_chunk
                0x000000001000ca86       0x84 zephyr/libzephyr.a(heap.c.obj)
 .text.sys_heap_free
                0x000000001000cb0a       0x24 zephyr/libzephyr.a(heap.c.obj)
                0x000000001000cb0a                sys_heap_free
 .text.sys_heap_alloc
                0x000000001000cb2e       0x76 zephyr/libzephyr.a(heap.c.obj)
                0x000000001000cb2e                sys_heap_alloc
 .text.sys_heap_noalign_alloc
                0x000000001000cba4        0x6 zephyr/libzephyr.a(heap.c.obj)
                0x000000001000cba4                sys_heap_noalign_alloc
 .text.sys_heap_aligned_alloc
                0x000000001000cbaa       0xf8 zephyr/libzephyr.a(heap.c.obj)
                0x000000001000cbaa                sys_heap_aligned_alloc
 .text.sys_heap_init
                0x000000001000cca2       0xb0 zephyr/libzephyr.a(heap.c.obj)
                0x000000001000cca2                sys_heap_init
 .text.timespec_add
                0x000000001000cd52       0x60 zephyr/libzephyr.a(clock.c.obj)
 .text.arch_printk_char_out
                0x000000001000cdb2        0x4 zephyr/libzephyr.a(printk.c.obj)
                0x000000001000cdb2                arch_printk_char_out
 .text.printk   0x000000001000cdb6       0x1a zephyr/libzephyr.a(printk.c.obj)
                0x000000001000cdb6                printk
 .text.ring_buf_area_claim
                0x000000001000cdd0       0x30 zephyr/libzephyr.a(ring_buffer.c.obj)
                0x000000001000cdd0                ring_buf_area_claim
 .text.ring_buf_put_claim
                0x000000001000ce00       0x1e zephyr/libzephyr.a(ring_buffer.c.obj)
 .text.ring_buf_get_claim
                0x000000001000ce1e       0x1e zephyr/libzephyr.a(ring_buffer.c.obj)
 .text.ring_buf_area_finish
                0x000000001000ce3c       0x32 zephyr/libzephyr.a(ring_buffer.c.obj)
                0x000000001000ce3c                ring_buf_area_finish
 .text.ring_buf_put
                0x000000001000ce6e       0x40 zephyr/libzephyr.a(ring_buffer.c.obj)
                0x000000001000ce6e                ring_buf_put
 .text.ring_buf_get
                0x000000001000ceae       0x44 zephyr/libzephyr.a(ring_buffer.c.obj)
                0x000000001000ceae                ring_buf_get
 .text._ConfigAbsSyms
                0x000000001000cef2        0x2 zephyr/libzephyr.a(configs.c.obj)
                0x000000001000cef2                _ConfigAbsSyms
 .text.soc_reset_hook
                0x000000001000cef4        0x4 zephyr/libzephyr.a(soc.c.obj)
                0x000000001000cef4                soc_reset_hook
 .text.is_in_flash_area_bounds
                0x000000001000cef8       0x1a zephyr/libzephyr.a(flash_map.c.obj)
 .text.flash_area_close
                0x000000001000cf12        0x2 zephyr/libzephyr.a(flash_map.c.obj)
                0x000000001000cf12                flash_area_close
 .text.flash_area_read
                0x000000001000cf14       0x2a zephyr/libzephyr.a(flash_map.c.obj)
                0x000000001000cf14                flash_area_read
 .text.flash_area_write
                0x000000001000cf3e       0x2a zephyr/libzephyr.a(flash_map.c.obj)
                0x000000001000cf3e                flash_area_write
 .text.flash_area_erase
                0x000000001000cf68       0x2a zephyr/libzephyr.a(flash_map.c.obj)
                0x000000001000cf68                flash_area_erase
 .text.flash_area_flatten
                0x000000001000cf92       0x20 zephyr/libzephyr.a(flash_map.c.obj)
                0x000000001000cf92                flash_area_flatten
 .text.flash_area_get_device
                0x000000001000cfb2        0x4 zephyr/libzephyr.a(flash_map.c.obj)
                0x000000001000cfb2                flash_area_get_device
 .text.thread_valid_cb
                0x000000001000cfb6        0xc zephyr/libzephyr.a(thread.c.obj)
 .text.cmd_date_get
                0x000000001000cfc2       0x24 zephyr/libzephyr.a(date_service.c.obj)
 .text.uart_irq_tx_disable
                0x000000001000cfe6        0xa zephyr/libzephyr.a(shell_uart.c.obj)
 .text.enable   0x000000001000cff0       0x12 zephyr/libzephyr.a(shell_uart.c.obj)
 .text.read_uart
                0x000000001000d002       0x12 zephyr/libzephyr.a(shell_uart.c.obj)
 .text.uninit   0x000000001000d014       0x20 zephyr/libzephyr.a(shell_uart.c.obj)
 .text.write_uart
                0x000000001000d034       0x64 zephyr/libzephyr.a(shell_uart.c.obj)
 .text.uart_callback
                0x000000001000d098      0x112 zephyr/libzephyr.a(shell_uart.c.obj)
 .text.cmd_buffer_clear
                0x000000001000d1aa       0x16 zephyr/libzephyr.a(shell.c.obj)
 .text.atomic_or
                0x000000001000d1c0       0x16 zephyr/libzephyr.a(shell.c.obj)
 .text.atomic_and
                0x000000001000d1d6       0x16 zephyr/libzephyr.a(shell.c.obj)
 .text.z_shell_raw_fprintf
                0x000000001000d1ec       0x1a zephyr/libzephyr.a(shell.c.obj)
 .text.z_shell_strlen
                0x000000001000d206        0xc zephyr/libzephyr.a(shell.c.obj)
 .text.z_shell_unlock.isra.0
                0x000000001000d212        0x8 zephyr/libzephyr.a(shell.c.obj)
 .text.z_shell_lock.isra.0
                0x000000001000d21a       0x10 zephyr/libzephyr.a(shell.c.obj)
 .text.z_flag_cmd_ctx_set.isra.0
                0x000000001000d22a       0x16 zephyr/libzephyr.a(shell.c.obj)
 .text.z_flag_history_exit_set.isra.0
                0x000000001000d240       0x14 zephyr/libzephyr.a(shell.c.obj)
 .text.z_flag_insert_mode_set.isra.0
                0x000000001000d254       0x1e zephyr/libzephyr.a(shell.c.obj)
 .text.shell_signal_handle
                0x000000001000d272       0x38 zephyr/libzephyr.a(shell.c.obj)
 .text.transport_evt_handler
                0x000000001000d2aa       0x14 zephyr/libzephyr.a(shell.c.obj)
 .text.z_shell_trylock.constprop.0.isra.0
                0x000000001000d2be       0x12 zephyr/libzephyr.a(shell.c.obj)
 .text.shell_start
                0x000000001000d2d0       0x48 zephyr/libzephyr.a(shell.c.obj)
                0x000000001000d2d0                shell_start
 .text.shell_stop
                0x000000001000d318       0x14 zephyr/libzephyr.a(shell.c.obj)
                0x000000001000d318                shell_stop
 .text.shell_vfprintf
                0x000000001000d32c       0x84 zephyr/libzephyr.a(shell.c.obj)
                0x000000001000d32c                shell_vfprintf
 .text.shell_fprintf_impl
                0x000000001000d3b0       0x1a zephyr/libzephyr.a(shell.c.obj)
                0x000000001000d3b0                shell_fprintf_impl
 .text.shell_fprintf_info
                0x000000001000d3ca       0x1c zephyr/libzephyr.a(shell.c.obj)
                0x000000001000d3ca                shell_fprintf_info
 .text.shell_fprintf_normal
                0x000000001000d3e6       0x1c zephyr/libzephyr.a(shell.c.obj)
                0x000000001000d3e6                shell_fprintf_normal
 .text.shell_fprintf_warn
                0x000000001000d402       0x1c zephyr/libzephyr.a(shell.c.obj)
                0x000000001000d402                shell_fprintf_warn
 .text.shell_fprintf_error
                0x000000001000d41e       0x1c zephyr/libzephyr.a(shell.c.obj)
                0x000000001000d41e                shell_fprintf_error
 .text.shell_prompt_change
                0x000000001000d43a       0x4e zephyr/libzephyr.a(shell.c.obj)
                0x000000001000d43a                shell_prompt_change
 .text.shell_help
                0x000000001000d488       0x24 zephyr/libzephyr.a(shell.c.obj)
                0x000000001000d488                shell_help
 .text.shell_get_return_value
                0x000000001000d4ac       0x10 zephyr/libzephyr.a(shell.c.obj)
                0x000000001000d4ac                shell_get_return_value
 .text.shell_set_bypass
                0x000000001000d4bc       0x16 zephyr/libzephyr.a(shell.c.obj)
                0x000000001000d4bc                shell_set_bypass
 .text.z_shell_fprintf_buffer_flush
                0x000000001000d4d2       0x18 zephyr/libzephyr.a(shell_fprintf.c.obj)
                0x000000001000d4d2                z_shell_fprintf_buffer_flush
 .text.out_func
                0x000000001000d4ea       0x3c zephyr/libzephyr.a(shell_fprintf.c.obj)
 .text.z_shell_strlen
                0x000000001000d526        0xc zephyr/libzephyr.a(shell_utils.c.obj)
 .text.shell_device_internal
                0x000000001000d532       0xa4 zephyr/libzephyr.a(shell_utils.c.obj)
 .text.z_column_span_with_buffer_offsets_get
                0x000000001000d5d6       0x1e zephyr/libzephyr.a(shell_utils.c.obj)
                0x000000001000d5d6                z_column_span_with_buffer_offsets_get
 .text.z_row_span_with_buffer_offsets_get
                0x000000001000d5f4       0x16 zephyr/libzephyr.a(shell_utils.c.obj)
                0x000000001000d5f4                z_row_span_with_buffer_offsets_get
 .text.z_shell_multiline_data_calc
                0x000000001000d60a       0x2c zephyr/libzephyr.a(shell_utils.c.obj)
                0x000000001000d60a                z_shell_multiline_data_calc
 .text.z_shell_make_argv
                0x000000001000d636      0x1a0 zephyr/libzephyr.a(shell_utils.c.obj)
                0x000000001000d636                z_shell_make_argv
 .text.z_shell_pattern_remove
                0x000000001000d7d6       0x4e zephyr/libzephyr.a(shell_utils.c.obj)
                0x000000001000d7d6                z_shell_pattern_remove
 .text.z_shell_find_cmd
                0x000000001000d824       0x56 zephyr/libzephyr.a(shell_utils.c.obj)
                0x000000001000d824                z_shell_find_cmd
 .text.z_shell_get_last_command
                0x000000001000d87a       0x5c zephyr/libzephyr.a(shell_utils.c.obj)
                0x000000001000d87a                z_shell_get_last_command
 .text.z_shell_spaces_trim
                0x000000001000d8d6       0x60 zephyr/libzephyr.a(shell_utils.c.obj)
                0x000000001000d8d6                z_shell_spaces_trim
 .text.z_shell_cmd_trim
                0x000000001000d936       0x76 zephyr/libzephyr.a(shell_utils.c.obj)
                0x000000001000d936                z_shell_cmd_trim
 .text.shell_device_lookup_all
                0x000000001000d9ac        0x8 zephyr/libzephyr.a(shell_utils.c.obj)
                0x000000001000d9ac                shell_device_lookup_all
 .text.shell_device_lookup_non_ready
                0x000000001000d9b4        0x8 zephyr/libzephyr.a(shell_utils.c.obj)
                0x000000001000d9b4                shell_device_lookup_non_ready
 .text.shell_device_get_binding_all
                0x000000001000d9bc       0x86 zephyr/libzephyr.a(shell_utils.c.obj)
                0x000000001000d9bc                shell_device_get_binding_all
 .text.z_shell_raw_fprintf
                0x000000001000da42       0x1a zephyr/libzephyr.a(shell_ops.c.obj)
 .text.full_line_cmd.isra.0
                0x000000001000da5c       0x24 zephyr/libzephyr.a(shell_ops.c.obj)
 .text.z_shell_cursor_in_empty_line
                0x000000001000da80       0x2e zephyr/libzephyr.a(shell_ops.c.obj)
                0x000000001000da80                z_shell_cursor_in_empty_line
 .text.z_shell_op_cond_next_line
                0x000000001000daae       0x1e zephyr/libzephyr.a(shell_ops.c.obj)
                0x000000001000daae                z_shell_op_cond_next_line
 .text.z_shell_op_cursor_position_synchronize
                0x000000001000dacc       0x4a zephyr/libzephyr.a(shell_ops.c.obj)
                0x000000001000dacc                z_shell_op_cursor_position_synchronize
 .text.z_shell_op_cursor_move
                0x000000001000db16       0x52 zephyr/libzephyr.a(shell_ops.c.obj)
                0x000000001000db16                z_shell_op_cursor_move
 .text.z_shell_op_cursor_word_move
                0x000000001000db68       0x7c zephyr/libzephyr.a(shell_ops.c.obj)
                0x000000001000db68                z_shell_op_cursor_word_move
 .text.z_shell_op_cursor_home_move
                0x000000001000dbe4        0xe zephyr/libzephyr.a(shell_ops.c.obj)
                0x000000001000dbe4                z_shell_op_cursor_home_move
 .text.z_shell_op_cursor_end_move
                0x000000001000dbf2       0x12 zephyr/libzephyr.a(shell_ops.c.obj)
                0x000000001000dbf2                z_shell_op_cursor_end_move
 .text.z_shell_op_left_arrow
                0x000000001000dc04       0x12 zephyr/libzephyr.a(shell_ops.c.obj)
                0x000000001000dc04                z_shell_op_left_arrow
 .text.z_shell_op_right_arrow
                0x000000001000dc16       0x16 zephyr/libzephyr.a(shell_ops.c.obj)
                0x000000001000dc16                z_shell_op_right_arrow
 .text.z_shell_op_delete_from_cursor
                0x000000001000dc2c       0x1c zephyr/libzephyr.a(shell_ops.c.obj)
                0x000000001000dc2c                z_shell_op_delete_from_cursor
 .text.z_shell_cmd_line_erase
                0x000000001000dc48       0x38 zephyr/libzephyr.a(shell_ops.c.obj)
                0x000000001000dc48                z_shell_cmd_line_erase
 .text.z_shell_write
                0x000000001000dc80       0x7a zephyr/libzephyr.a(shell_ops.c.obj)
                0x000000001000dc80                z_shell_write
 .text.z_shell_print_stream
                0x000000001000dcfa        0x4 zephyr/libzephyr.a(shell_ops.c.obj)
                0x000000001000dcfa                z_shell_print_stream
 .text.z_shell_vfprintf
                0x000000001000dcfe       0x4a zephyr/libzephyr.a(shell_ops.c.obj)
                0x000000001000dcfe                z_shell_vfprintf
 .text.z_shell_fprintf
                0x000000001000dd48       0x1a zephyr/libzephyr.a(shell_ops.c.obj)
                0x000000001000dd48                z_shell_fprintf
 .text.data_insert
                0x000000001000dd62       0x74 zephyr/libzephyr.a(shell_ops.c.obj)
 .text.z_shell_op_completion_insert
                0x000000001000ddd6        0x4 zephyr/libzephyr.a(shell_ops.c.obj)
                0x000000001000ddd6                z_shell_op_completion_insert
 .text.z_shell_op_char_delete
                0x000000001000ddda       0x3e zephyr/libzephyr.a(shell_ops.c.obj)
                0x000000001000ddda                z_shell_op_char_delete
 .text.z_shell_op_char_backspace
                0x000000001000de18       0x26 zephyr/libzephyr.a(shell_ops.c.obj)
                0x000000001000de18                z_shell_op_char_backspace
 .text.z_shell_backend_rx_buffer_flush
                0x000000001000de3e       0x2a zephyr/libzephyr.a(shell_ops.c.obj)
                0x000000001000de3e                z_shell_backend_rx_buffer_flush
 .text.z_shell_raw_fprintf
                0x000000001000de68       0x1a zephyr/libzephyr.a(shell_help.c.obj)
 .text.formatted_text_print.constprop.0
                0x000000001000de82       0xd4 zephyr/libzephyr.a(shell_help.c.obj)
 .text.cmd_comment
                0x000000001000df56        0x4 zephyr/libzephyr.a(shell_cmds.c.obj)
 .text.cmd_shell_stats_reset
                0x000000001000df5a        0x8 zephyr/libzephyr.a(shell_cmds.c.obj)
 .text.z_shell_raw_fprintf
                0x000000001000df62       0x1a zephyr/libzephyr.a(shell_cmds.c.obj)
 .text.cmd_prompt_on
                0x000000001000df7c        0xc zephyr/libzephyr.a(shell_cmds.c.obj)
 .text.cmd_vt100_off
                0x000000001000df88       0x1a zephyr/libzephyr.a(shell_cmds.c.obj)
 .text.cmd_backspace_mode_delete
                0x000000001000dfa2       0x1a zephyr/libzephyr.a(shell_cmds.c.obj)
 .text.cmd_colors_off
                0x000000001000dfbc       0x1a zephyr/libzephyr.a(shell_cmds.c.obj)
 .text.cmd_backspace_mode_backspace
                0x000000001000dfd6       0x1a zephyr/libzephyr.a(shell_cmds.c.obj)
 .text.cmd_echo_off
                0x000000001000dff0       0x1a zephyr/libzephyr.a(shell_cmds.c.obj)
 .text.cmd_colors_on
                0x000000001000e00a       0x1a zephyr/libzephyr.a(shell_cmds.c.obj)
 .text.cmd_vt100_on
                0x000000001000e024       0x1a zephyr/libzephyr.a(shell_cmds.c.obj)
 .text.cmd_echo_on
                0x000000001000e03e       0x1a zephyr/libzephyr.a(shell_cmds.c.obj)
 .text.z_shell_history_mode_exit
                0x000000001000e058        0x6 zephyr/libzephyr.a(shell_history.c.obj)
                0x000000001000e058                z_shell_history_mode_exit
 .text.z_shell_history_get
                0x000000001000e05e       0x56 zephyr/libzephyr.a(shell_history.c.obj)
                0x000000001000e05e                z_shell_history_get
 .text.z_shell_history_put
                0x000000001000e0b4       0x76 zephyr/libzephyr.a(shell_history.c.obj)
                0x000000001000e0b4                z_shell_history_put
 .text.z_shell_history_purge
                0x000000001000e12a       0x2a zephyr/libzephyr.a(shell_history.c.obj)
                0x000000001000e12a                z_shell_history_purge
 .text.z_shell_has_wildcard
                0x000000001000e154       0x28 zephyr/libzephyr.a(shell_wildcard.c.obj)
                0x000000001000e154                z_shell_has_wildcard
 .text.z_shell_wildcard_prepare
                0x000000001000e17c       0x42 zephyr/libzephyr.a(shell_wildcard.c.obj)
                0x000000001000e17c                z_shell_wildcard_prepare
 .text.z_shell_wildcard_finalize
                0x000000001000e1be       0x20 zephyr/libzephyr.a(shell_wildcard.c.obj)
                0x000000001000e1be                z_shell_wildcard_finalize
 .text.z_impl_flash_flatten
                0x000000001000e1de       0x28 zephyr/libzephyr.a(flash_util.c.obj)
                0x000000001000e1de                z_impl_flash_flatten
 .text.arch_early_memset
                0x000000001000e206        0x4 zephyr/arch/common/libarch__common.a(init.c.obj)
                0x000000001000e206                arch_early_memset
 .text.arch_early_memcpy
                0x000000001000e20a        0x4 zephyr/arch/common/libarch__common.a(init.c.obj)
                0x000000001000e20a                arch_early_memcpy
 .text.z_do_kernel_oops
                0x000000001000e20e        0x8 zephyr/arch/arch/arm/core/libarch__arm__core.a(fatal.c.obj)
                0x000000001000e20e                z_do_kernel_oops
 .text.z_arm_nmi
                0x000000001000e216        0xe zephyr/arch/arch/arm/core/libarch__arm__core.a(nmi.c.obj)
                0x000000001000e216                z_arm_nmi
 .text.z_irq_spurious
                0x000000001000e224        0x8 zephyr/arch/arch/arm/core/cortex_m/libarch__arm__core__cortex_m.a(irq_manage.c.obj)
                0x000000001000e224                z_irq_spurious
 .text.configure_builtin_stack_guard
                0x000000001000e22c        0xa zephyr/arch/arch/arm/core/cortex_m/libarch__arm__core__cortex_m.a(thread.c.obj)
                0x000000001000e22c                configure_builtin_stack_guard
 .text.arch_coprocessors_disable
                0x000000001000e236        0x6 zephyr/arch/arch/arm/core/cortex_m/libarch__arm__core__cortex_m.a(thread.c.obj)
                0x000000001000e236                arch_coprocessors_disable
 .text.arch_irq_unlock_outlined
                0x000000001000e23c        0xe zephyr/arch/arch/arm/core/cortex_m/libarch__arm__core__cortex_m.a(thread.c.obj)
                0x000000001000e23c                arch_irq_unlock_outlined
 .text.arch_cpu_idle
                0x000000001000e24a       0x1a zephyr/arch/arch/arm/core/cortex_m/libarch__arm__core__cortex_m.a(cpu_idle.c.obj)
                0x000000001000e24a                arch_cpu_idle
 .text.arm_cmse_mpu_region_get
                0x000000001000e264       0x12 zephyr/arch/arch/arm/core/cortex_m/cmse/libarch__arm__core__cortex_m__cmse.a(arm_core_cmse.c.obj)
                0x000000001000e264                arm_cmse_mpu_region_get
 .text.mpu_configure_region
                0x000000001000e276       0x32 zephyr/arch/arch/arm/core/mpu/libarch__arm__core__mpu.a(arm_mpu.c.obj)
 .text.cbputc   0x000000001000e2a8        0xc zephyr/lib/libc/picolibc/liblib__libc__picolibc.a(cbprintf.c.obj)
 .text.picolibc_put
                0x000000001000e2b4        0xa zephyr/lib/libc/picolibc/liblib__libc__picolibc.a(stdio.c.obj)
 .text.foldcase
                0x000000001000e2be       0x10 zephyr/lib/posix/c_lib_ext/liblib__posix__c_lib_ext.a(fnmatch.c.obj)
 .text.fnmatch  0x000000001000e2ce       0x14 zephyr/lib/posix/c_lib_ext/liblib__posix__c_lib_ext.a(fnmatch.c.obj)
                0x000000001000e2ce                fnmatch
 .text.fs_open  0x000000001000e2e2       0xaa zephyr/subsys/fs/libsubsys__fs.a(fs.c.obj)
                0x000000001000e2e2                fs_open
 .text.fs_close
                0x000000001000e38c       0x24 zephyr/subsys/fs/libsubsys__fs.a(fs.c.obj)
                0x000000001000e38c                fs_close
 .text.fs_read  0x000000001000e3b0       0x18 zephyr/subsys/fs/libsubsys__fs.a(fs.c.obj)
                0x000000001000e3b0                fs_read
 .text.fs_write
                0x000000001000e3c8       0x18 zephyr/subsys/fs/libsubsys__fs.a(fs.c.obj)
                0x000000001000e3c8                fs_write
 .text.fs_closedir
                0x000000001000e3e0       0x28 zephyr/subsys/fs/libsubsys__fs.a(fs.c.obj)
                0x000000001000e3e0                fs_closedir
 .text.fs_mkdir
                0x000000001000e408       0x50 zephyr/subsys/fs/libsubsys__fs.a(fs.c.obj)
                0x000000001000e408                fs_mkdir
 .text.fs_unlink
                0x000000001000e458       0x50 zephyr/subsys/fs/libsubsys__fs.a(fs.c.obj)
                0x000000001000e458                fs_unlink
 .text.fs_statvfs
                0x000000001000e4a8       0x46 zephyr/subsys/fs/libsubsys__fs.a(fs.c.obj)
                0x000000001000e4a8                fs_statvfs
 .text.fs_unmount
                0x000000001000e4ee       0x4c zephyr/subsys/fs/libsubsys__fs.a(fs.c.obj)
                0x000000001000e4ee                fs_unmount
 .text.lfs_api_sync
                0x000000001000e53a        0x4 zephyr/subsys/fs/libsubsys__fs.a(littlefs_fs.c.obj)
 .text.get_page_cb
                0x000000001000e53e       0x2c zephyr/subsys/fs/libsubsys__fs.a(littlefs_fs.c.obj)
 .text.lfs_api_erase
                0x000000001000e56a       0x14 zephyr/subsys/fs/libsubsys__fs.a(littlefs_fs.c.obj)
 .text.lfs_api_prog
                0x000000001000e57e       0x1c zephyr/subsys/fs/libsubsys__fs.a(littlefs_fs.c.obj)
 .text.lfs_api_read
                0x000000001000e59a       0x1c zephyr/subsys/fs/libsubsys__fs.a(littlefs_fs.c.obj)
 .text.fs_lock  0x000000001000e5b6       0x10 zephyr/subsys/fs/libsubsys__fs.a(littlefs_fs.c.obj)
 .text.k_mutex_unlock.isra.0
                0x000000001000e5c6        0x4 zephyr/subsys/fs/libsubsys__fs.a(littlefs_fs.c.obj)
 .text.littlefs_read
                0x000000001000e5ca       0x34 zephyr/subsys/fs/libsubsys__fs.a(littlefs_fs.c.obj)
 .text.littlefs_write
                0x000000001000e5fe       0x34 zephyr/subsys/fs/libsubsys__fs.a(littlefs_fs.c.obj)
 .text.littlefs_seek
                0x000000001000e632       0x36 zephyr/subsys/fs/libsubsys__fs.a(littlefs_fs.c.obj)
 .text.littlefs_tell
                0x000000001000e668       0x26 zephyr/subsys/fs/libsubsys__fs.a(littlefs_fs.c.obj)
 .text.littlefs_truncate
                0x000000001000e68e       0x30 zephyr/subsys/fs/libsubsys__fs.a(littlefs_fs.c.obj)
 .text.littlefs_sync
                0x000000001000e6be       0x2c zephyr/subsys/fs/libsubsys__fs.a(littlefs_fs.c.obj)
 .text.littlefs_close
                0x000000001000e6ea       0x32 zephyr/subsys/fs/libsubsys__fs.a(littlefs_fs.c.obj)
 .text.littlefs_readdir
                0x000000001000e71c       0x62 zephyr/subsys/fs/libsubsys__fs.a(littlefs_fs.c.obj)
 .text.littlefs_unmount
                0x000000001000e77e       0x36 zephyr/subsys/fs/libsubsys__fs.a(littlefs_fs.c.obj)
 .text.littlefs_unlink
                0x000000001000e7b4       0x34 zephyr/subsys/fs/libsubsys__fs.a(littlefs_fs.c.obj)
 .text.littlefs_rename
                0x000000001000e7e8       0x42 zephyr/subsys/fs/libsubsys__fs.a(littlefs_fs.c.obj)
 .text.littlefs_mkdir
                0x000000001000e82a       0x34 zephyr/subsys/fs/libsubsys__fs.a(littlefs_fs.c.obj)
 .text.littlefs_statvfs
                0x000000001000e85e       0x56 zephyr/subsys/fs/libsubsys__fs.a(littlefs_fs.c.obj)
 .text.littlefs_stat
                0x000000001000e8b4       0x62 zephyr/subsys/fs/libsubsys__fs.a(littlefs_fs.c.obj)
 .text.mcux_lpc_syscon_clock_control_off
                0x000000001000e916        0x4 zephyr/drivers/clock_control/libdrivers__clock_control.a(clock_control_mcux_syscon.c.obj)
 .text.mcux_lpc_syscon_clock_control_configure
                0x000000001000e91a        0x4 zephyr/drivers/clock_control/libdrivers__clock_control.a(clock_control_mcux_syscon.c.obj)
 .text.mcux_lpc_syscon_clock_control_get_subsys_rate
                0x000000001000e91e       0xa8 zephyr/drivers/clock_control/libdrivers__clock_control.a(clock_control_mcux_syscon.c.obj)
 .text.mcux_lpc_syscon_clock_control_on
                0x000000001000e9c6       0x7c zephyr/drivers/clock_control/libdrivers__clock_control.a(clock_control_mcux_syscon.c.obj)
 .text.extract_instr
                0x000000001000ea42       0x1e zephyr/drivers/flash/libdrivers__flash.a(jesd216.c.obj)
 .text.jesd216_bfp_read_support
                0x000000001000ea60       0xdc zephyr/drivers/flash/libdrivers__flash.a(jesd216.c.obj)
                0x000000001000ea60                jesd216_bfp_read_support
 .text.jesd216_bfp_decode_dw14
                0x000000001000eb3c       0x54 zephyr/drivers/flash/libdrivers__flash.a(jesd216.c.obj)
                0x000000001000eb3c                jesd216_bfp_decode_dw14
 .text.jesd216_bfp_decode_dw15
                0x000000001000eb90       0x50 zephyr/drivers/flash/libdrivers__flash.a(jesd216.c.obj)
                0x000000001000eb90                jesd216_bfp_decode_dw15
 .text.jesd216_bfp_decode_dw19
                0x000000001000ebe0       0x1c zephyr/drivers/flash/libdrivers__flash.a(jesd216.c.obj)
                0x000000001000ebe0                jesd216_bfp_decode_dw19
 .text.flash_page_foreach
                0x000000001000ebfc       0x58 zephyr/drivers/flash/libdrivers__flash.a(flash_page_layout.c.obj)
                0x000000001000ebfc                flash_page_foreach
 .text.flash_flexspi_nor_get_parameters
                0x000000001000ec54        0x6 zephyr/drivers/flash/libdrivers__flash.a(flash_mcux_flexspi_nor.c.obj)
 .text.flash_flexspi_nor_get_size
                0x000000001000ec5a        0xe zephyr/drivers/flash/libdrivers__flash.a(flash_mcux_flexspi_nor.c.obj)
 .text.flash_flexspi_nor_pages_layout
                0x000000001000ec68        0xc zephyr/drivers/flash/libdrivers__flash.a(flash_mcux_flexspi_nor.c.obj)
 .text.flash_flexspi_nor_write_enable
                0x000000001000ec74       0x2a zephyr/drivers/flash/libdrivers__flash.a(flash_mcux_flexspi_nor.c.obj)
 .text.flash_flexspi_nor_wait_bus_busy
                0x000000001000ec9e       0x4a zephyr/drivers/flash/libdrivers__flash.a(flash_mcux_flexspi_nor.c.obj)
 .text.flash_flexspi_nor_read
                0x000000001000ece8       0x4a zephyr/drivers/flash/libdrivers__flash.a(flash_mcux_flexspi_nor.c.obj)
 .text.flash_flexspi_nor_erase_sector.isra.0
                0x000000001000ed32       0x2a zephyr/drivers/flash/libdrivers__flash.a(flash_mcux_flexspi_nor.c.obj)
 .text.flash_flexspi_nor_erase
                0x000000001000ed5c      0x172 zephyr/drivers/flash/libdrivers__flash.a(flash_mcux_flexspi_nor.c.obj)
 .text.clear_flash_caches
                0x000000001000eece       0x1e zephyr/drivers/flash/libdrivers__flash.a(soc_flash_mcux.c.obj)
 .text.flash_mcux_read
                0x000000001000eeec       0x16 zephyr/drivers/flash/libdrivers__flash.a(soc_flash_mcux.c.obj)
 .text.flash_mcux_init
                0x000000001000ef02       0x34 zephyr/drivers/flash/libdrivers__flash.a(soc_flash_mcux.c.obj)
 .text.gpio_mcux_port_configure
                0x000000001000ef36       0xa0 zephyr/drivers/gpio/libdrivers__gpio.a(gpio_mcux.c.obj)
 .text.gpio_mcux_port_get_raw
                0x000000001000efd6        0xc zephyr/drivers/gpio/libdrivers__gpio.a(gpio_mcux.c.obj)
 .text.gpio_mcux_port_set_masked_raw
                0x000000001000efe2       0x12 zephyr/drivers/gpio/libdrivers__gpio.a(gpio_mcux.c.obj)
 .text.gpio_mcux_port_set_bits_raw
                0x000000001000eff4        0xa zephyr/drivers/gpio/libdrivers__gpio.a(gpio_mcux.c.obj)
 .text.gpio_mcux_port_clear_bits_raw
                0x000000001000effe        0xa zephyr/drivers/gpio/libdrivers__gpio.a(gpio_mcux.c.obj)
 .text.gpio_mcux_port_toggle_bits
                0x000000001000f008        0xa zephyr/drivers/gpio/libdrivers__gpio.a(gpio_mcux.c.obj)
 .text.gpio_mcux_manage_callback
                0x000000001000f012       0x52 zephyr/drivers/gpio/libdrivers__gpio.a(gpio_mcux.c.obj)
 .text.gpio_mcux_port0_init
                0x000000001000f064       0x16 zephyr/drivers/gpio/libdrivers__gpio.a(gpio_mcux.c.obj)
 .text.gpio_mcux_port1_init
                0x000000001000f07a       0x16 zephyr/drivers/gpio/libdrivers__gpio.a(gpio_mcux.c.obj)
 .text.gpio_mcux_port2_init
                0x000000001000f090       0x16 zephyr/drivers/gpio/libdrivers__gpio.a(gpio_mcux.c.obj)
 .text.gpio_mcux_port3_init
                0x000000001000f0a6       0x16 zephyr/drivers/gpio/libdrivers__gpio.a(gpio_mcux.c.obj)
 .text.gpio_mcux_port4_init
                0x000000001000f0bc       0x16 zephyr/drivers/gpio/libdrivers__gpio.a(gpio_mcux.c.obj)
 .text.gpio_mcux_port5_init
                0x000000001000f0d2       0x16 zephyr/drivers/gpio/libdrivers__gpio.a(gpio_mcux.c.obj)
 .text.gpio_mcux_pin_interrupt_configure
                0x000000001000f0e8       0x76 zephyr/drivers/gpio/libdrivers__gpio.a(gpio_mcux.c.obj)
 .text.gpio_mcux_port_isr
                0x000000001000f15e       0x36 zephyr/drivers/gpio/libdrivers__gpio.a(gpio_mcux.c.obj)
 .text.memc_flexspi_init
                0x000000001000f194      0x128 zephyr/drivers/memc/libdrivers__memc.a(memc_mcux_flexspi.c.obj)
 .text.memc_flexspi_wait_bus_idle
                0x000000001000f2bc       0x16 zephyr/drivers/memc/libdrivers__memc.a(memc_mcux_flexspi.c.obj)
                0x000000001000f2bc                memc_flexspi_wait_bus_idle
 .text.memc_flexspi_is_running_xip
                0x000000001000f2d2        0x6 zephyr/drivers/memc/libdrivers__memc.a(memc_mcux_flexspi.c.obj)
                0x000000001000f2d2                memc_flexspi_is_running_xip
 .text.memc_flexspi_reset
                0x000000001000f2d8        0xe zephyr/drivers/memc/libdrivers__memc.a(memc_mcux_flexspi.c.obj)
                0x000000001000f2d8                memc_flexspi_reset
 .text.memc_flexspi_update_clock
                0x000000001000f2e6       0xc0 zephyr/drivers/memc/libdrivers__memc.a(memc_mcux_flexspi.c.obj)
                0x000000001000f2e6                memc_flexspi_update_clock
 .text.memc_flexspi_set_device_config
                0x000000001000f3a6      0x13e zephyr/drivers/memc/libdrivers__memc.a(memc_mcux_flexspi.c.obj)
                0x000000001000f3a6                memc_flexspi_set_device_config